Archive member included to satisfy reference by file (symbol)

app/libapp.a(shmem.c.obj)     (--whole-archive)
app/libapp.a(main.c.obj)      (--whole-archive)
app/libapp.a(veml6035.c.obj)  (--whole-archive)
app/libapp.a(npm1300.c.obj)   (--whole-archive)
app/libapp.a(power_mgr.c.obj)
                              (--whole-archive)
app/libapp.a(payload.c.obj)   (--whole-archive)
app/libapp.a(storage.c.obj)   (--whole-archive)
app/libapp.a(fsm.c.obj)       (--whole-archive)
app/libapp.a(watchdog_mgr.c.obj)
                              (--whole-archive)
zephyr/libzephyr.a(validate_libc.c.obj)
                              (--whole-archive)
zephyr/libzephyr.a(hash_func32_djb2.c.obj)
                              (--whole-archive)
zephyr/libzephyr.a(hash_func32_murmur3.c.obj)
                              (--whole-archive)
zephyr/libzephyr.a(heap.c.obj)
                              (--whole-archive)
zephyr/libzephyr.a(cbprintf_packaged.c.obj)
                              (--whole-archive)
zephyr/libzephyr.a(clock.c.obj)
                              (--whole-archive)
zephyr/libzephyr.a(printk.c.obj)
                              (--whole-archive)
zephyr/libzephyr.a(sem.c.obj)
                              (--whole-archive)
zephyr/libzephyr.a(thread_entry.c.obj)
                              (--whole-archive)
zephyr/libzephyr.a(fdtable.c.obj)
                              (--whole-archive)
zephyr/libzephyr.a(cbprintf_complete.c.obj)
                              (--whole-archive)
zephyr/libzephyr.a(assert.c.obj)
                              (--whole-archive)
zephyr/libzephyr.a(mpsc_pbuf.c.obj)
                              (--whole-archive)
zephyr/libzephyr.a(reboot.c.obj)
                              (--whole-archive)
zephyr/libzephyr.a(poweroff.c.obj)
                              (--whole-archive)
zephyr/libzephyr.a(dec.c.obj)
                              (--whole-archive)
zephyr/libzephyr.a(hex.c.obj)
                              (--whole-archive)
zephyr/libzephyr.a(rb.c.obj)  (--whole-archive)
zephyr/libzephyr.a(timeutil.c.obj)
                              (--whole-archive)
zephyr/libzephyr.a(bitarray.c.obj)
                              (--whole-archive)
zephyr/libzephyr.a(bitmask.c.obj)
                              (--whole-archive)
zephyr/libzephyr.a(onoff.c.obj)
                              (--whole-archive)
zephyr/libzephyr.a(notify.c.obj)
                              (--whole-archive)
zephyr/libzephyr.a(ring_buffer.c.obj)
                              (--whole-archive)
zephyr/libzephyr.a(last_section_id.c.obj)
                              (--whole-archive)
zephyr/libzephyr.a(configs.c.obj)
                              (--whole-archive)
zephyr/libzephyr.a(nvs.c.obj)
                              (--whole-archive)
zephyr/libzephyr.a(log_core.c.obj)
                              (--whole-archive)
zephyr/libzephyr.a(log_mgmt.c.obj)
                              (--whole-archive)
zephyr/libzephyr.a(log_cache.c.obj)
                              (--whole-archive)
zephyr/libzephyr.a(log_msg.c.obj)
                              (--whole-archive)
zephyr/libzephyr.a(log_output.c.obj)
                              (--whole-archive)
zephyr/libzephyr.a(log_backend_uart.c.obj)
                              (--whole-archive)
zephyr/libzephyr.a(mem_attr.c.obj)
                              (--whole-archive)
zephyr/libzephyr.a(tracing_none.c.obj)
                              (--whole-archive)
zephyr/libzephyr.a(addr_utils.c.obj)
                              (--whole-archive)
zephyr/libzephyr.a(flash_util.c.obj)
                              (--whole-archive)
zephyr/libzephyr.a(banner.c.obj)
                              (--whole-archive)
zephyr/libzephyr.a(flash_map_partition_manager.c.obj)
                              (--whole-archive)
zephyr/arch/common/libarch__common.a(sw_isr_common.c.obj)
                              (--whole-archive)
zephyr/arch/common/libarch__common.a(init.c.obj)
                              (--whole-archive)
zephyr/arch/common/libarch__common.a(xip.c.obj)
                              (--whole-archive)
zephyr/arch/arch/arm/core/libarch__arm__core.a(fatal.c.obj)
                              (--whole-archive)
zephyr/arch/arch/arm/core/libarch__arm__core.a(nmi.c.obj)
                              (--whole-archive)
zephyr/arch/arch/arm/core/libarch__arm__core.a(nmi_on_reset.S.obj)
                              (--whole-archive)
zephyr/arch/arch/arm/core/libarch__arm__core.a(tls.c.obj)
                              (--whole-archive)
zephyr/arch/arch/arm/core/cortex_m/libarch__arm__core__cortex_m.a(exc_exit.c.obj)
                              (--whole-archive)
zephyr/arch/arch/arm/core/cortex_m/libarch__arm__core__cortex_m.a(fault.c.obj)
                              (--whole-archive)
zephyr/arch/arch/arm/core/cortex_m/libarch__arm__core__cortex_m.a(fault_s.S.obj)
                              (--whole-archive)
[...]
Memory Configuration

Name             Origin             Length             Attributes
FLASH            0x0000000000008000 0x00000000000f0000 xr
RAM              0x000000002000c568 0x0000000000033a98 xw
IDT_LIST         0x00000000ffff7fff 0x0000000000008000 xw
*default*        0x0000000000000000 0xffffffffffffffff

Linker script and memory map

                0x0000000000013cdc                vfprintf = __l_vfprintf
                0x0000000000014190                vfscanf = __l_vfscanf
LOAD zephyr/CMakeFiles/zephyr_pre0.dir/misc/empty_file.c.obj
LOAD zephyr/CMakeFiles/offsets.dir/./arch/arm/core/offsets/offsets.c.obj
LOAD tfm/api_ns/interface/lib/s_veneers.o
LOAD app/libapp.a
LOAD zephyr/libzephyr.a
LOAD zephyr/arch/common/libarch__common.a
LOAD zephyr/arch/arch/arm/core/libarch__arm__core.a
LOAD zephyr/arch/arch/arm/core/cortex_m/libarch__arm__core__cortex_m.a
LOAD zephyr/arch/arch/arm/core/cortex_m/cmse/libarch__arm__core__cortex_m__cmse.a
LOAD zephyr/arch/arch/arm/core/mpu/libarch__arm__core__mpu.a
LOAD zephyr/lib/libc/picolibc/liblib__libc__picolibc.a
LOAD zephyr/lib/libc/common/liblib__libc__common.a
LOAD zephyr/lib/posix/options/liblib__posix__options.a
LOAD zephyr/lib/net_buf/liblib__net_buf.a
LOAD zephyr/lib/os/zvfs/liblib__os__zvfs.a
LOAD zephyr/soc/soc/nrf9160/libsoc__nordic.a
LOAD zephyr/boards/nordic/nrf9160dk/libboards__nordic__nrf9160dk.a
LOAD zephyr/subsys/fs/libsubsys__fs.a
LOAD zephyr/subsys/random/libsubsys__random.a
LOAD zephyr/subsys/crc/libsubsys__crc.a
LOAD zephyr/subsys/net/libsubsys__net.a
LOAD zephyr/subsys/net/l2/offloaded_netdev/libsubsys__net__l2__offloaded_netdev.a
LOAD zephyr/subsys/net/ip/libsubsys__net__ip.a
LOAD zephyr/drivers/clock_control/libdrivers__clock_control.a
LOAD zephyr/drivers/console/libdrivers__console.a
LOAD zephyr/drivers/entropy/libdrivers__entropy.a
LOAD zephyr/drivers/flash/libdrivers__flash.a
LOAD zephyr/drivers/gpio/libdrivers__gpio.a
LOAD zephyr/drivers/hwinfo/libdrivers__hwinfo.a
LOAD zephyr/drivers/i2c/libdrivers__i2c.a
LOAD zephyr/drivers/pinctrl/libdrivers__pinctrl.a
LOAD zephyr/drivers/serial/libdrivers__serial.a
LOAD zephyr/drivers/timer/libdrivers__timer.a
LOAD zephyr/drivers/watchdog/libdrivers__watchdog.a
LOAD modules/nrf/lib/nrf_modem_lib/lib..__nrf__lib__nrf_modem_lib.a
LOAD modules/nrf/lib/at_monitor/lib..__nrf__lib__at_monitor.a
LOAD modules/nrf/lib/at_parser/lib..__nrf__lib__at_parser.a
LOAD modules/nrf/lib/lte_link_control/lib..__nrf__lib__lte_link_control.a
LOAD modules/nrf/lib/modem_antenna/lib..__nrf__lib__modem_antenna.a
LOAD modules/nrf/subsys/nrf_security/src/zephyr/libmbedtls_zephyr.a
LOAD modules/nrf/modules/trusted-firmware-m/lib..__nrf__modules__trusted-firmware-m.a
LOAD modules/nrf/modules/trusted-firmware-m/libtfm_api_nrf.a
LOAD modules/trusted-firmware-m/libtfm_api.a
LOAD modules/hal_nordic/modules/hal_nordic/nrfx/libmodules__hal_nordic__nrfx.a
LOAD /home/goaty/Desktop/Tech/nrfxlib/nrf_modem/lib/cellular/nrf9160/soft-float/libmodem.a
LOAD zephyr/kernel/libkernel.a
LOAD modules/nrf/subsys/nrf_security/src/libmbedcrypto.a
LOAD modules/nrf/subsys/nrf_security/src/libmbedcrypto_base.a
LOAD modules/nrf/subsys/nrf_security/src/libnrf_security_utils.a
LOAD zephyr/kernel/libkernel.a
LOAD /home/goaty/Desktop/Tech/nrfxlib/crypto/nrf_oberon/lib/cortex-m33/soft-float/liboberon_mbedtls_3.0.17.a
LOAD /home/goaty/Desktop/Tech/nrfxlib/crypto/nrf_oberon/lib/cortex-m33/soft-float/liboberon_3.0.17.a
LOAD zephyr/arch/common/libisr_tables.a
LOAD /home/goaty/ncs/toolchains/43683a87ea/opt/zephyr-sdk/arm-zephyr-eabi/bin/../lib/gcc/../../picolibc/arm-zephyr-eabi/lib/thumb/v8-m.main/nofp/libc.a
LOAD /home/goaty/ncs/toolchains/43683a87ea/opt/zephyr-sdk/arm-zephyr-eabi/bin/../lib/gcc/arm-zephyr-eabi/12.2.0/thumb/v8-m.main/nofp/libgcc.a
                0x0000000000000020                _region_min_align = 0x20

.rel.plt        0x0000000000008000        0x0
 *(SORT_BY_ALIGNMENT(.rel.plt))
                [!provide]                        PROVIDE (__rel_iplt_start = .)
 *(SORT_BY_ALIGNMENT(.rel.iplt))
 .rel.iplt      0x0000000000008000        0x0 app/libapp.a(main.c.obj)
                [!provide]                        PROVIDE (__rel_iplt_end = .)

.rela.plt       0x0000000000000000        0x0
 *(SORT_BY_ALIGNMENT(.rela.plt))
                [!provide]                        PROVIDE (__rela_iplt_start = .)
 *(SORT_BY_ALIGNMENT(.rela.iplt))
                [!provide]                        PROVIDE (__rela_iplt_end = .)

.rel.dyn
 *(SORT_BY_ALIGNMENT(.rel.*))

.rela.dyn
 *(SORT_BY_ALIGNMENT(.rela.*))

/DISCARD/
 *(SORT_BY_ALIGNMENT(.plt))

/DISCARD/
 *(SORT_BY_ALIGNMENT(.iplt))
                0x0000000000008000                __rom_region_start = 0x8000

rom_start       0x0000000000008000      0x144
                0x0000000000008000                __rom_start_address = .
 FILL mask 0x00
                0x0000000000008000                . = (. + (0x0 - (. - __rom_start_address)))
                0x0000000000008000                . = ALIGN (0x4)
                0x0000000000008000                . = ALIGN (0x80)
                0x0000000000008000                . = ALIGN (0x200)
                0x0000000000008000                _vector_start = .
 *(SORT_BY_ALIGNMENT(.exc_vector_table))
 *(SORT_BY_ALIGNMENT(.exc_vector_table.*))
 .exc_vector_table._vector_table_section
                0x0000000000008000       0x40 zephyr/arch/arch/arm/core/cortex_m/libarch__arm__core__cortex_m.a(vector_table.S.obj)
                0x0000000000008000                _vector_table
 *(SORT_BY_ALIGNMENT(.vectors))
                0x0000000000008144                _vector_end = .
                0x0000000000008040                . = ALIGN (0x4)
 *(SORT_BY_ALIGNMENT(.gnu.linkonce.irq_vector_table*))
 .gnu.linkonce.irq_vector_table
                0x0000000000008040      0x104 zephyr/arch/common/libisr_tables.a(isr_tables.c.obj)
                0x0000000000008040                _irq_vector_table
                0x0000000000008144                _vector_end = .

text            0x0000000000008144    0x11008
                0x0000000000008144                __text_region_start = .
 *(SORT_BY_ALIGNMENT(.text))
 .text          0x0000000000008144       0x30 /home/goaty/ncs/toolchains/43683a87ea/opt/zephyr-sdk/arm-zephyr-eabi/bin/../lib/gcc/arm-zephyr-eabi/12.2.0/thumb/v8-m.main/nofp/libgcc.a(_aeabi_uldivmod.o)
                0x0000000000008144                __aeabi_uldivmod
 .text          0x0000000000008174        0x4 /home/goaty/ncs/toolchains/43683a87ea/opt/zephyr-sdk/arm-zephyr-eabi/bin/../lib/gcc/arm-zephyr-eabi/12.2.0/thumb/v8-m.main/nofp/libgcc.a(_dvmd_tls.o)
                0x0000000000008174                __aeabi_ldiv0
                0x0000000000008174                __aeabi_idiv0
 .text          0x0000000000008178       0x14 /home/goaty/ncs/toolchains/43683a87ea/opt/zephyr-sdk/arm-zephyr-eabi/bin/../lib/gcc/../../picolibc/arm-zephyr-eabi/lib/thumb/v8-m.main/nofp/libc.a(strcmp.S.o)
                0x0000000000008178                strcmp
 .text          0x000000000000818c       0x10 /home/goaty/ncs/toolchains/43683a87ea/opt/zephyr-sdk/arm-zephyr-eabi/bin/../lib/gcc/../../picolibc/arm-zephyr-eabi/lib/thumb/v8-m.main/nofp/libc.a(strcpy.S.o)
                0x000000000000818c                strcpy
 .text          0x000000000000819c       0x10 /home/goaty/ncs/toolchains/43683a87ea/opt/zephyr-sdk/arm-zephyr-eabi/bin/../lib/gcc/../../picolibc/arm-zephyr-eabi/lib/thumb/v8-m.main/nofp/libc.a(strlen.S.o)
                0x000000000000819c                strlen
 .text          0x00000000000081ac      0x29c /home/goaty/ncs/toolchains/43683a87ea/opt/zephyr-sdk/arm-zephyr-eabi/bin/../lib/gcc/arm-zephyr-eabi/12.2.0/thumb/v8-m.main/nofp/libgcc.a(_udivmoddi4.o)
                0x00000000000081ac                __udivmoddi4
 *(SORT_BY_ALIGNMENT(.text.*))
 .text.gpio_pin_set_dt.constprop.0.isra.0
                0x0000000000008448       0x28 app/libapp.a(main.c.obj)
 .text.main     0x0000000000008470      0x124 app/libapp.a(main.c.obj)
                0x0000000000008470                main
 .text.veml6035_init
                0x0000000000008594       0x38 app/libapp.a(veml6035.c.obj)
                0x0000000000008594                veml6035_init
 .text.npm1300_init
                0x00000000000085cc       0x90 app/libapp.a(npm1300.c.obj)
                0x00000000000085cc                npm1300_init
 .text.npm1300_enable_bucks
                0x000000000000865c       0x78 app/libapp.a(npm1300.c.obj)
                0x000000000000865c                npm1300_enable_bucks
 .text.npm1300_hibernate
                0x00000000000086d4       0x58 app/libapp.a(npm1300.c.obj)
                0x00000000000086d4                npm1300_hibernate
 .text.lte_handler.part.0
                0x000000000000872c       0x24 app/libapp.a(power_mgr.c.obj)
 .text.power_mgr_modem_init
                0x0000000000008750       0xa8 app/libapp.a(power_mgr.c.obj)
                0x0000000000008750                power_mgr_modem_init
 .text.power_mgr_system_off
                0x00000000000087f8       0x3c app/libapp.a(power_mgr.c.obj)
                0x00000000000087f8                power_mgr_system_off
 .text.storage_init
                0x0000000000008834       0x7c app/libapp.a(storage.c.obj)
                0x0000000000008834                storage_init
 .text.storage_get_flags
                0x00000000000088b0       0x24 app/libapp.a(storage.c.obj)
                0x00000000000088b0                storage_get_flags
 .text.storage_set_flag
                0x00000000000088d4       0x2c app/libapp.a(storage.c.obj)
                0x00000000000088d4                storage_set_flag
 .text.storage_reset
                0x0000000000008900       0x4c app/libapp.a(storage.c.obj)
                0x0000000000008900                storage_reset
 .text.fsm_secure_sleep
                0x000000000000894c       0xa8 app/libapp.a(fsm.c.obj)
 .text.fsm_init
                0x00000000000089f4      0x15c app/libapp.a(fsm.c.obj)
                0x00000000000089f4                fsm_init
 .text.fsm_run  0x0000000000008b50      0x328 app/libapp.a(fsm.c.obj)
                0x0000000000008b50                fsm_run
 .text.watchdog_mgr_init
                0x0000000000008e78       0x48 app/libapp.a(watchdog_mgr.c.obj)
                0x0000000000008e78                watchdog_mgr_init
 .text.watchdog_mgr_kick
                0x0000000000008ec0       0x14 app/libapp.a(watchdog_mgr.c.obj)
                0x0000000000008ec0                watchdog_mgr_kick
 .text.cbvprintf_package
                0x0000000000008ed4      0x3a4 zephyr/libzephyr.a(cbprintf_packaged.c.obj)
                0x0000000000008ed4                cbvprintf_package
 .text.cbprintf_package_convert
                0x0000000000009278      0x3cc zephyr/libzephyr.a(cbprintf_packaged.c.obj)
                0x0000000000009278                cbprintf_package_convert
 .text.__printk_hook_install
                0x0000000000009644        0xc zephyr/libzephyr.a(printk.c.obj)
                0x0000000000009644                __printk_hook_install
 .text.z_thread_entry
                0x0000000000009650       0x34 zephyr/libzephyr.a(thread_entry.c.obj)
                0x0000000000009650                z_thread_entry
 .text.stdinout_ioctl_vmeth
                0x0000000000009684       0x18 zephyr/libzephyr.a(fdtable.c.obj)
 .text._check_fd
                0x000000000000969c       0x34 zephyr/libzephyr.a(fdtable.c.obj)
 .text.z_fd_unref.isra.0
                0x00000000000096d0       0x40 zephyr/libzephyr.a(fdtable.c.obj)
 .text.zvfs_get_fd_obj_and_vtable
                0x0000000000009710       0x34 zephyr/libzephyr.a(fdtable.c.obj)
                0x0000000000009710                zvfs_get_fd_obj_and_vtable
 .text.zvfs_reserve_fd
                0x0000000000009744       0x80 zephyr/libzephyr.a(fdtable.c.obj)
                0x0000000000009744                zvfs_reserve_fd
 .text.zvfs_finalize_typed_fd
                0x00000000000097c4       0x50 zephyr/libzephyr.a(fdtable.c.obj)
                0x00000000000097c4                zvfs_finalize_typed_fd
 .text.zvfs_close
                0x0000000000009814       0x60 zephyr/libzephyr.a(fdtable.c.obj)
                0x0000000000009814                zvfs_close
 .text.sys_reboot
                0x0000000000009874       0x2c zephyr/libzephyr.a(reboot.c.obj)
                0x0000000000009874                sys_reboot
 .text.process_event
                0x00000000000098a0      0x21c zephyr/libzephyr.a(onoff.c.obj)
 .text.nvs_recover_last_ate
                0x0000000000009abc       0x64 zephyr/libzephyr.a(nvs.c.obj)
 .text.nvs_sector_close
                0x0000000000009b20       0x58 zephyr/libzephyr.a(nvs.c.obj)
 .text.nvs_mount
                0x0000000000009b78      0x36c zephyr/libzephyr.a(nvs.c.obj)
                0x0000000000009b78                nvs_mount
 .text.nvs_write
                0x0000000000009ee4      0x1ac zephyr/libzephyr.a(nvs.c.obj)
                0x0000000000009ee4                nvs_write
 .text.nvs_read_hist
                0x000000000000a090       0xd0 zephyr/libzephyr.a(nvs.c.obj)
                0x000000000000a090                nvs_read_hist
 .text.activate_foreach_backend
                0x000000000000a160       0x64 zephyr/libzephyr.a(log_core.c.obj)
 .text.enable_logger
                0x000000000000a1c4       0x5c zephyr/libzephyr.a(log_core.c.obj)
 .text.log_process_thread_timer_expiry_fn
                0x000000000000a220        0xc zephyr/libzephyr.a(log_core.c.obj)
 .text.z_log_init
                0x000000000000a22c       0x98 zephyr/libzephyr.a(log_core.c.obj)
 .text.log_format_func_t_get
                0x000000000000a2c4        0xc zephyr/libzephyr.a(log_core.c.obj)
                0x000000000000a2c4                log_format_func_t_get
 .text.log_set_timestamp_func
                0x000000000000a2d0       0x20 zephyr/libzephyr.a(log_core.c.obj)
                0x000000000000a2d0                log_set_timestamp_func
 .text.z_log_notify_backend_enabled
                0x000000000000a2f0       0x1c zephyr/libzephyr.a(log_core.c.obj)
                0x000000000000a2f0                z_log_notify_backend_enabled
 .text.z_log_dropped
                0x000000000000a30c       0x3c zephyr/libzephyr.a(log_core.c.obj)
                0x000000000000a30c                z_log_dropped
 .text.z_log_dropped_read_and_clear
                0x000000000000a348       0x18 zephyr/libzephyr.a(log_core.c.obj)
                0x000000000000a348                z_log_dropped_read_and_clear
 .text.dropped_notify
                0x000000000000a360       0x30 zephyr/libzephyr.a(log_core.c.obj)
                0x000000000000a360                dropped_notify
 .text.z_log_msg_init
                0x000000000000a390       0x20 zephyr/libzephyr.a(log_core.c.obj)
                0x000000000000a390                z_log_msg_init
 .text.log_core_init
                0x000000000000a3b0       0x50 zephyr/libzephyr.a(log_core.c.obj)
                0x000000000000a3b0                log_core_init
 .text.z_log_msg_alloc
                0x000000000000a400       0x10 zephyr/libzephyr.a(log_core.c.obj)
                0x000000000000a400                z_log_msg_alloc
 .text.z_log_msg_local_claim
                0x000000000000a410        0xc zephyr/libzephyr.a(log_core.c.obj)
                0x000000000000a410                z_log_msg_local_claim
 .text.z_log_msg_free
                0x000000000000a41c       0x10 zephyr/libzephyr.a(log_core.c.obj)
                0x000000000000a41c                z_log_msg_free
 .text.z_log_msg_pending
                0x000000000000a42c        0xc zephyr/libzephyr.a(log_core.c.obj)
                0x000000000000a42c                z_log_msg_pending
 .text.z_impl_log_process
                0x000000000000a438       0xb8 zephyr/libzephyr.a(log_core.c.obj)
                0x000000000000a438                z_impl_log_process
 .text.z_impl_log_panic
                0x000000000000a4f0       0x44 zephyr/libzephyr.a(log_core.c.obj)
                0x000000000000a4f0                z_impl_log_panic
 .text.log_process_thread_func
                0x000000000000a534       0xa4 zephyr/libzephyr.a(log_core.c.obj)
 .text.z_log_msg_post_finalize
                0x000000000000a5d8       0x78 zephyr/libzephyr.a(log_core.c.obj)
 .text.z_log_msg_commit
                0x000000000000a650       0x24 zephyr/libzephyr.a(log_core.c.obj)
                0x000000000000a650                z_log_msg_commit
 .text.log_source_name_get
                0x000000000000a674       0x1c zephyr/libzephyr.a(log_mgmt.c.obj)
                0x000000000000a674                log_source_name_get
 .text.z_impl_z_log_msg_static_create
                0x000000000000a690      0x108 zephyr/libzephyr.a(log_msg.c.obj)
                0x000000000000a690                z_impl_z_log_msg_static_create
 .text.z_log_msg_runtime_vcreate
                0x000000000000a798       0xa0 zephyr/libzephyr.a(log_msg.c.obj)
                0x000000000000a798                z_log_msg_runtime_vcreate
 .text.log_msg_get_source_id
                0x000000000000a838       0x18 zephyr/libzephyr.a(log_msg.c.obj)
                0x000000000000a838                log_msg_get_source_id
 .text.print_formatted
                0x000000000000a850       0x24 zephyr/libzephyr.a(log_output.c.obj)
 .text.newline_print
                0x000000000000a874       0x1c zephyr/libzephyr.a(log_output.c.obj)
 .text.log_output_process
                0x000000000000a890      0x2d4 zephyr/libzephyr.a(log_output.c.obj)
                0x000000000000a890                log_output_process
 .text.log_output_dropped_process
                0x000000000000ab64       0x58 zephyr/libzephyr.a(log_output.c.obj)
                0x000000000000ab64                log_output_dropped_process
 .text.log_output_timestamp_freq_set
                0x000000000000abbc       0x2c zephyr/libzephyr.a(log_output.c.obj)
                0x000000000000abbc                log_output_timestamp_freq_set
 .text.char_out
                0x000000000000abe8       0x24 zephyr/libzephyr.a(log_backend_uart.c.obj)
 .text.mem_attr_get_regions
                0x000000000000ac0c        0xc zephyr/libzephyr.a(mem_attr.c.obj)
                0x000000000000ac0c                mem_attr_get_regions
 .text.boot_banner
                0x000000000000ac18       0x1c zephyr/libzephyr.a(banner.c.obj)
                0x000000000000ac18                boot_banner
 .text.arch_bss_zero
                0x000000000000ac34       0x18 zephyr/arch/common/libarch__common.a(init.c.obj)
                0x000000000000ac34                arch_bss_zero
 .text.arch_data_copy
                0x000000000000ac4c       0x38 zephyr/arch/common/libarch__common.a(xip.c.obj)
                0x000000000000ac4c                arch_data_copy
 .text.z_arm_fatal_error
                0x000000000000ac84       0xb8 zephyr/arch/arch/arm/core/libarch__arm__core.a(fatal.c.obj)
                0x000000000000ac84                z_arm_fatal_error
 .text.z_SysNmiOnReset
                0x000000000000ad3c        0x8 zephyr/arch/arch/arm/core/libarch__arm__core.a(nmi_on_reset.S.obj)
                0x000000000000ad3c                z_SysNmiOnReset
 .text.arch_tls_stack_setup
                0x000000000000ad44       0x40 zephyr/arch/arch/arm/core/libarch__arm__core.a(tls.c.obj)
                0x000000000000ad44                arch_tls_stack_setup
 .text._HandlerModeExit
                0x000000000000ad84       0x20 zephyr/arch/arch/arm/core/cortex_m/libarch__arm__core__cortex_m.a(exc_exit.c.obj)
                0x000000000000ad84                z_arm_int_exit
                0x000000000000ad84                z_arm_exc_exit
 .text.mem_manage_fault.constprop.0
                0x000000000000ada4       0xd0 zephyr/arch/arch/arm/core/cortex_m/libarch__arm__core__cortex_m.a(fault.c.obj)
 .text.usage_fault.constprop.0
                0x000000000000ae74       0xbc zephyr/arch/arch/arm/core/cortex_m/libarch__arm__core__cortex_m.a(fault.c.obj)
 .text.bus_fault.constprop.0
                0x000000000000af30       0xd0 zephyr/arch/arch/arm/core/cortex_m/libarch__arm__core__cortex_m.a(fault.c.obj)
 .text.z_arm_fault
                0x000000000000b000      0x1e0 zephyr/arch/arch/arm/core/cortex_m/libarch__arm__core__cortex_m.a(fault.c.obj)
                0x000000000000b000                z_arm_fault
 .text.z_arm_fault_init
                0x000000000000b1e0       0x20 zephyr/arch/arch/arm/core/cortex_m/libarch__arm__core__cortex_m.a(fault.c.obj)
                0x000000000000b1e0                z_arm_fault_init
 .text.__fault  0x000000000000b200       0x14 zephyr/arch/arch/arm/core/cortex_m/libarch__arm__core__cortex_m.a(fault_s.S.obj)
                0x000000000000b200                z_arm_exc_spurious
                0x000000000000b200                z_arm_usage_fault
                0x000000000000b200                z_arm_mpu_fault
                0x000000000000b200                z_arm_debug_monitor
                0x000000000000b200                z_arm_hard_fault
                0x000000000000b200                z_arm_bus_fault
 .text._reset_section
                0x000000000000b214       0x60 zephyr/arch/arch/arm/core/cortex_m/libarch__arm__core__cortex_m.a(reset.S.obj)
                0x000000000000b214                __start
                0x000000000000b214                z_arm_reset
 .text.sys_arch_reboot
                0x000000000000b274       0x24 zephyr/arch/arch/arm/core/cortex_m/libarch__arm__core__cortex_m.a(scb.c.obj)
                0x000000000000b274                sys_arch_reboot
 .text.z_arm_clear_arm_mpu_config
                0x000000000000b298       0x24 zephyr/arch/arch/arm/core/cortex_m/libarch__arm__core__cortex_m.a(scb.c.obj)
                0x000000000000b298                z_arm_clear_arm_mpu_config
 .text.z_arm_init_arch_hw_at_boot
                0x000000000000b2bc       0x4c zephyr/arch/arch/arm/core/cortex_m/libarch__arm__core__cortex_m.a(scb.c.obj)
                0x000000000000b2bc                z_arm_init_arch_hw_at_boot
 .text.z_impl_k_thread_abort
                0x000000000000b308       0x2c zephyr/arch/arch/arm/core/cortex_m/libarch__arm__core__cortex_m.a(thread_abort.c.obj)
                0x000000000000b308                z_impl_k_thread_abort
 .text.z_arm_pendsv
                0x000000000000b334       0x68 zephyr/arch/arch/arm/core/cortex_m/libarch__arm__core__cortex_m.a(swap_helper.S.obj)
                0x000000000000b334                z_arm_pendsv
 .text.z_arm_svc
                0x000000000000b39c       0x24 zephyr/arch/arch/arm/core/cortex_m/libarch__arm__core__cortex_m.a(swap_helper.S.obj)
                0x000000000000b39c                z_arm_svc
 .text.arm_irq_enable
                0x000000000000b3c0       0x1c zephyr/arch/arch/arm/core/cortex_m/libarch__arm__core__cortex_m.a(irq_manage.c.obj)
                0x000000000000b3c0                arm_irq_enable
 .text.arm_irq_disable
                0x000000000000b3dc       0x28 zephyr/arch/arch/arm/core/cortex_m/libarch__arm__core__cortex_m.a(irq_manage.c.obj)
                0x000000000000b3dc                arm_irq_disable
 .text.arm_irq_is_enabled
                0x000000000000b404       0x1c zephyr/arch/arch/arm/core/cortex_m/libarch__arm__core__cortex_m.a(irq_manage.c.obj)
                0x000000000000b404                arm_irq_is_enabled
 .text.arm_irq_priority_set
                0x000000000000b420       0x2c zephyr/arch/arch/arm/core/cortex_m/libarch__arm__core__cortex_m.a(irq_manage.c.obj)
                0x000000000000b420                arm_irq_priority_set
 .text.relocate_vector_table
                0x000000000000b44c       0x1c zephyr/arch/arch/arm/core/cortex_m/libarch__arm__core__cortex_m.a(prep_c.c.obj)
                0x000000000000b44c                relocate_vector_table
 .text.z_prep_c
                0x000000000000b468       0x28 zephyr/arch/arch/arm/core/cortex_m/libarch__arm__core__cortex_m.a(prep_c.c.obj)
                0x000000000000b468                z_prep_c
 .text.arch_new_thread
                0x000000000000b490       0x40 zephyr/arch/arch/arm/core/cortex_m/libarch__arm__core__cortex_m.a(thread.c.obj)
                0x000000000000b490                arch_new_thread
 .text.arch_switch_to_main_thread
                0x000000000000b4d0       0x40 zephyr/arch/arch/arm/core/cortex_m/libarch__arm__core__cortex_m.a(thread.c.obj)
                0x000000000000b4d0                arch_switch_to_main_thread
 .text.z_arm_cpu_idle_init
                0x000000000000b510        0xc zephyr/arch/arch/arm/core/cortex_m/libarch__arm__core__cortex_m.a(cpu_idle.c.obj)
                0x000000000000b510                z_arm_cpu_idle_init
 .text.z_arm_interrupt_init
                0x000000000000b51c       0x18 zephyr/arch/arch/arm/core/cortex_m/libarch__arm__core__cortex_m.a(irq_init.c.obj)
                0x000000000000b51c                z_arm_interrupt_init
 .text._isr_wrapper
                0x000000000000b534       0x24 zephyr/arch/arch/arm/core/cortex_m/libarch__arm__core__cortex_m.a(isr_wrapper.c.obj)
                0x000000000000b534                _isr_wrapper
 .text.z_arm_configure_static_mpu_regions
                0x000000000000b558       0x38 zephyr/arch/arch/arm/core/mpu/libarch__arm__core__mpu.a(arm_core_mpu.c.obj)
                0x000000000000b558                z_arm_configure_static_mpu_regions
 .text.region_init
                0x000000000000b590       0x34 zephyr/arch/arch/arm/core/mpu/libarch__arm__core__mpu.a(arm_mpu.c.obj)
 .text.region_allocate_and_init
                0x000000000000b5c4       0x38 zephyr/arch/arch/arm/core/mpu/libarch__arm__core__mpu.a(arm_mpu.c.obj)
 .text.mpu_configure_regions_and_partition.constprop.0
                0x000000000000b5fc      0x164 zephyr/arch/arch/arm/core/mpu/libarch__arm__core__mpu.a(arm_mpu.c.obj)
 .text.arm_core_mpu_enable
                0x000000000000b760       0x18 zephyr/arch/arch/arm/core/mpu/libarch__arm__core__mpu.a(arm_mpu.c.obj)
                0x000000000000b760                arm_core_mpu_enable
 .text.arm_core_mpu_disable
                0x000000000000b778       0x14 zephyr/arch/arch/arm/core/mpu/libarch__arm__core__mpu.a(arm_mpu.c.obj)
                0x000000000000b778                arm_core_mpu_disable
 .text.arm_core_mpu_configure_static_mpu_regions
                0x000000000000b78c       0x14 zephyr/arch/arch/arm/core/mpu/libarch__arm__core__mpu.a(arm_mpu.c.obj)
                0x000000000000b78c                arm_core_mpu_configure_static_mpu_regions
 .text.arm_core_mpu_mark_areas_for_dynamic_regions
                0x000000000000b7a0       0xb8 zephyr/arch/arch/arm/core/mpu/libarch__arm__core__mpu.a(arm_mpu.c.obj)
                0x000000000000b7a0                arm_core_mpu_mark_areas_for_dynamic_regions
 .text.z_arm_mpu_init
                0x000000000000b858      0x11c zephyr/arch/arch/arm/core/mpu/libarch__arm__core__mpu.a(arm_mpu.c.obj)
                0x000000000000b858                z_arm_mpu_init
 .text.cbvprintf
                0x000000000000b974       0x38 zephyr/lib/libc/picolibc/liblib__libc__picolibc.a(cbprintf.c.obj)
                0x000000000000b974                cbvprintf
 .text.z_impl_zephyr_fputc
                0x000000000000b9ac       0x10 zephyr/lib/libc/picolibc/liblib__libc__picolibc.a(stdio.c.obj)
                0x000000000000b9ac                z_impl_zephyr_fputc
 .text.__stdout_hook_install
                0x000000000000b9bc       0x18 zephyr/lib/libc/picolibc/liblib__libc__picolibc.a(stdio.c.obj)
                0x000000000000b9bc                __stdout_hook_install
 .text.malloc_prepare
                0x000000000000b9d4       0x24 zephyr/lib/libc/common/liblib__libc__common.a(malloc.c.obj)
 .text.pthread_barrier_pool_init
                0x000000000000b9f8       0x28 zephyr/lib/posix/options/liblib__posix__options.a(barrier.c.obj)
 .text.pthread_cond_pool_init
                0x000000000000ba20       0x20 zephyr/lib/posix/options/liblib__posix__options.a(cond.c.obj)
 .text.pthread_mutex_pool_init
                0x000000000000ba40       0x20 zephyr/lib/posix/options/liblib__posix__options.a(mutex.c.obj)
 .text.posix_thread_pool_init
                0x000000000000ba60       0x34 zephyr/lib/posix/options/liblib__posix__options.a(pthread.c.obj)
 .text.nordicsemi_nrf91_init
                0x000000000000ba94       0x10 zephyr/soc/soc/nrf9160/libsoc__nordic.a(soc.c.obj)
 .text.arch_busy_wait
                0x000000000000baa4       0x24 zephyr/soc/soc/nrf9160/libsoc__nordic.a(soc.c.obj)
                0x000000000000baa4                arch_busy_wait
 .text.gppi_init
                0x000000000000bac8       0x1c zephyr/soc/soc/nrf9160/libsoc__nordic.a(gppi_init.c.obj)
 .text.crc8_ccitt
                0x000000000000bae4       0x2c zephyr/subsys/crc/libsubsys__crc.a(crc8_sw.c.obj)
                0x000000000000bae4                crc8_ccitt
 .text.net_hostname_init
                0x000000000000bb10       0x18 zephyr/subsys/net/libsubsys__net.a(hostname.c.obj)
                0x000000000000bb10                net_hostname_init
 .text.z_impl_zsock_socket
                0x000000000000bb28       0x64 zephyr/subsys/net/libsubsys__net.a(sockets.c.obj)
                0x000000000000bb28                z_impl_zsock_socket
 .text.z_impl_zsock_connect
                0x000000000000bb8c       0x58 zephyr/subsys/net/libsubsys__net.a(sockets.c.obj)
                0x000000000000bb8c                z_impl_zsock_connect
 .text.z_impl_zsock_sendto
                0x000000000000bbe4       0x6c zephyr/subsys/net/libsubsys__net.a(sockets.c.obj)
                0x000000000000bbe4                z_impl_zsock_sendto
 .text.z_impl_zsock_setsockopt
                0x000000000000bc50       0x68 zephyr/subsys/net/libsubsys__net.a(sockets.c.obj)
                0x000000000000bc50                z_impl_zsock_setsockopt
 .text.socket_offload_dns_register
                0x000000000000bcb8       0x14 zephyr/subsys/net/libsubsys__net.a(socket_offload.c.obj)
                0x000000000000bcb8                socket_offload_dns_register
 .text.net_if_set_name
                0x000000000000bccc       0x64 zephyr/subsys/net/ip/libsubsys__net__ip.a(net_if.c.obj)
                0x000000000000bccc                net_if_set_name
 .text.net_if_init
                0x000000000000bd30       0xbc zephyr/subsys/net/ip/libsubsys__net__ip.a(net_if.c.obj)
                0x000000000000bd30                net_if_init
 .text.net_if_post_init
                0x000000000000bdec       0x28 zephyr/subsys/net/ip/libsubsys__net__ip.a(net_if.c.obj)
                0x000000000000bdec                net_if_post_init
 .text.z_impl_net_addr_pton
                0x000000000000be14      0x1b0 zephyr/subsys/net/ip/libsubsys__net__ip.a(utils.c.obj)
                0x000000000000be14                z_impl_net_addr_pton
 .text.onoff_stop
                0x000000000000bfc4       0x30 zephyr/drivers/clock_control/libdrivers__clock_control.a(clock_control_nrf.c.obj)
 .text.onoff_start
                0x000000000000bff4       0x44 zephyr/drivers/clock_control/libdrivers__clock_control.a(clock_control_nrf.c.obj)
 .text.clk_init
                0x000000000000c038       0x58 zephyr/drivers/clock_control/libdrivers__clock_control.a(clock_control_nrf.c.obj)
 .text.api_blocking_start
                0x000000000000c090       0x3c zephyr/drivers/clock_control/libdrivers__clock_control.a(clock_control_nrf.c.obj)
 .text.generic_hfclk_stop
                0x000000000000c0cc       0x34 zephyr/drivers/clock_control/libdrivers__clock_control.a(clock_control_nrf.c.obj)
 .text.clkstarted_handle.constprop.0
                0x000000000000c100       0x4c zephyr/drivers/clock_control/libdrivers__clock_control.a(clock_control_nrf.c.obj)
 .text.generic_hfclk_start
                0x000000000000c14c       0x7c zephyr/drivers/clock_control/libdrivers__clock_control.a(clock_control_nrf.c.obj)
 .text.clock_event_handler
                0x000000000000c1c8       0x1c zephyr/drivers/clock_control/libdrivers__clock_control.a(clock_control_nrf.c.obj)
 .text.z_nrf_clock_control_lf_on
                0x000000000000c1e4       0xf4 zephyr/drivers/clock_control/libdrivers__clock_control.a(clock_control_nrf.c.obj)
                0x000000000000c1e4                z_nrf_clock_control_lf_on
 .text.uart_console_init
                0x000000000000c2d8       0x28 zephyr/drivers/console/libdrivers__console.a(uart_console.c.obj)
 .text.console_out
                0x000000000000c300       0x28 zephyr/drivers/console/libdrivers__console.a(uart_console.c.obj)
 .text.flash_nrf_pages_layout
                0x000000000000c328       0x10 zephyr/drivers/flash/libdrivers__flash.a(soc_flash_nrf.c.obj)
 .text.flash_nrf_get_parameters
                0x000000000000c338        0x8 zephyr/drivers/flash/libdrivers__flash.a(soc_flash_nrf.c.obj)
 .text.flash_nrf_read.part.0
                0x000000000000c340       0x24 zephyr/drivers/flash/libdrivers__flash.a(soc_flash_nrf.c.obj)
 .text.nrf_flash_init
                0x000000000000c364       0x28 zephyr/drivers/flash/libdrivers__flash.a(soc_flash_nrf.c.obj)
 .text.flash_nrf_erase
                0x000000000000c38c       0x8c zephyr/drivers/flash/libdrivers__flash.a(soc_flash_nrf.c.obj)
 .text.flash_nrf_write
                0x000000000000c418       0x88 zephyr/drivers/flash/libdrivers__flash.a(soc_flash_nrf.c.obj)
 .text.nrfx_gpio_handler
                0x000000000000c4a0       0x3c zephyr/drivers/gpio/libdrivers__gpio.a(gpio_nrfx.c.obj)
 .text.gpio_nrfx_pin_configure
                0x000000000000c4dc      0x174 zephyr/drivers/gpio/libdrivers__gpio.a(gpio_nrfx.c.obj)
 .text.gpio_nrfx_init
                0x000000000000c650       0x3c zephyr/drivers/gpio/libdrivers__gpio.a(gpio_nrfx.c.obj)
 .text.gpio_nrfx_pin_interrupt_configure
                0x000000000000c68c       0xf4 zephyr/drivers/gpio/libdrivers__gpio.a(gpio_nrfx.c.obj)
 .text.pre_init0
                0x000000000000c780       0x20 zephyr/drivers/i2c/libdrivers__i2c.a(i2c_nrfx_twim.c.obj)
 .text.pre_init1
                0x000000000000c7a0       0x20 zephyr/drivers/i2c/libdrivers__i2c.a(i2c_nrfx_twim.c.obj)
 .text.i2c_nrfx_twim_transfer
                0x000000000000c7c0      0x184 zephyr/drivers/i2c/libdrivers__i2c.a(i2c_nrfx_twim.c.obj)
 .text.i2c_nrfx_twim_configure
                0x000000000000c944       0x48 zephyr/drivers/i2c/libdrivers__i2c.a(i2c_nrfx_twim_common.c.obj)
                0x000000000000c944                i2c_nrfx_twim_configure
 .text.i2c_nrfx_twim_msg_transfer
                0x000000000000c98c       0x64 zephyr/drivers/i2c/libdrivers__i2c.a(i2c_nrfx_twim_common.c.obj)
                0x000000000000c98c                i2c_nrfx_twim_msg_transfer
 .text.i2c_nrfx_twim_common_init
                0x000000000000c9f0       0x6c zephyr/drivers/i2c/libdrivers__i2c.a(i2c_nrfx_twim_common.c.obj)
                0x000000000000c9f0                i2c_nrfx_twim_common_init
 .text.pinctrl_configure_pins
                0x000000000000ca5c      0x17c zephyr/drivers/pinctrl/libdrivers__pinctrl.a(pinctrl_nrf.c.obj)
                0x000000000000ca5c                pinctrl_configure_pins
 .text.uarte_nrfx_poll_out
                0x000000000000cbd8       0xb4 zephyr/drivers/serial/libdrivers__serial.a(uart_nrfx_uarte.c.obj)
 .text.uarte_0_init
                0x000000000000cc8c      0x110 zephyr/drivers/serial/libdrivers__serial.a(uart_nrfx_uarte.c.obj)
 .text.compare_int_lock
                0x000000000000cd9c       0x40 zephyr/drivers/timer/libdrivers__timer.a(nrf_rtc_timer.c.obj)
 .text.sys_clock_timeout_handler
                0x000000000000cddc       0x48 zephyr/drivers/timer/libdrivers__timer.a(nrf_rtc_timer.c.obj)
 .text.compare_int_unlock
                0x000000000000ce24       0x4c zephyr/drivers/timer/libdrivers__timer.a(nrf_rtc_timer.c.obj)
 .text.z_nrf_rtc_timer_read
                0x000000000000ce70       0x44 zephyr/drivers/timer/libdrivers__timer.a(nrf_rtc_timer.c.obj)
                0x000000000000ce70                z_nrf_rtc_timer_read
 .text.compare_set
                0x000000000000ceb4      0x124 zephyr/drivers/timer/libdrivers__timer.a(nrf_rtc_timer.c.obj)
 .text.sys_clock_driver_init
                0x000000000000cfd8       0x90 zephyr/drivers/timer/libdrivers__timer.a(nrf_rtc_timer.c.obj)
 .text.rtc_nrf_isr
                0x000000000000d068       0xd0 zephyr/drivers/timer/libdrivers__timer.a(nrf_rtc_timer.c.obj)
                0x000000000000d068                rtc_nrf_isr
 .text.sys_clock_set_timeout
                0x000000000000d138       0x5c zephyr/drivers/timer/libdrivers__timer.a(nrf_rtc_timer.c.obj)
                0x000000000000d138                sys_clock_set_timeout
 .text.sys_clock_elapsed
                0x000000000000d194       0x14 zephyr/drivers/timer/libdrivers__timer.a(nrf_rtc_timer.c.obj)
                0x000000000000d194                sys_clock_elapsed
 .text.sys_clock_disable
                0x000000000000d1a8       0x30 zephyr/drivers/timer/libdrivers__timer.a(nrf_rtc_timer.c.obj)
                0x000000000000d1a8                sys_clock_disable
 .text.wdt_nrf_install_timeout
                0x000000000000d1d8       0x70 zephyr/drivers/watchdog/libdrivers__watchdog.a(wdt_nrfx.c.obj)
 .text.wdt_0_init
                0x000000000000d248       0x24 zephyr/drivers/watchdog/libdrivers__watchdog.a(wdt_nrfx.c.obj)
 .text.wdt_0_event_handler
                0x000000000000d26c       0x3c zephyr/drivers/watchdog/libdrivers__watchdog.a(wdt_nrfx.c.obj)
 .text.nrf_modem_lib_dfu_handler
                0x000000000000d2a8       0x24 modules/nrf/lib/nrf_modem_lib/lib..__nrf__lib__nrf_modem_lib.a(nrf_modem_lib.c.obj)
 .text.nrf_modem_lib_init
                0x000000000000d2cc       0x50 modules/nrf/lib/nrf_modem_lib/lib..__nrf__lib__nrf_modem_lib.a(nrf_modem_lib.c.obj)
                0x000000000000d2cc                nrf_modem_lib_init
 .text.nrf_modem_lib_shutdown
                0x000000000000d31c       0x68 modules/nrf/lib/nrf_modem_lib/lib..__nrf__lib__nrf_modem_lib.a(nrf_modem_lib.c.obj)
                0x000000000000d31c                nrf_modem_lib_shutdown
 .text.thread_monitor_entry_get
                0x000000000000d384       0x48 modules/nrf/lib/nrf_modem_lib/lib..__nrf__lib__nrf_modem_lib.a(nrf_modem_os.c.obj)
 .text.on_init  0x000000000000d3cc       0x20 modules/nrf/lib/nrf_modem_lib/lib..__nrf__lib__nrf_modem_lib.a(nrf_modem_os.c.obj)
 .text.nrf_modem_os_timedwait
                0x000000000000d3ec      0x190 modules/nrf/lib/nrf_modem_lib/lib..__nrf__lib__nrf_modem_lib.a(nrf_modem_os.c.obj)
                0x000000000000d3ec                nrf_modem_os_timedwait
 .text.nrf_modem_os_errno_set
                0x000000000000d57c       0x14 modules/nrf/lib/nrf_modem_lib/lib..__nrf__lib__nrf_modem_lib.a(nrf_modem_os.c.obj)
                0x000000000000d57c                nrf_modem_os_errno_set
 .text.nrf_modem_os_sem_init
                0x000000000000d590       0x44 modules/nrf/lib/nrf_modem_lib/lib..__nrf__lib__nrf_modem_lib.a(nrf_modem_os.c.obj)
                0x000000000000d590                nrf_modem_os_sem_init
 .text.nrf_modem_os_mutex_init
                0x000000000000d5d4       0x34 modules/nrf/lib/nrf_modem_lib/lib..__nrf__lib__nrf_modem_lib.a(nrf_modem_os.c.obj)
                0x000000000000d5d4                nrf_modem_os_mutex_init
 .text.nrf_modem_os_event_notify
                0x000000000000d608       0x38 modules/nrf/lib/nrf_modem_lib/lib..__nrf__lib__nrf_modem_lib.a(nrf_modem_os.c.obj)
                0x000000000000d608                nrf_modem_os_event_notify
 .text.nrf_modem_os_alloc
                0x000000000000d640       0x10 modules/nrf/lib/nrf_modem_lib/lib..__nrf__lib__nrf_modem_lib.a(nrf_modem_os.c.obj)
                0x000000000000d640                nrf_modem_os_alloc
 .text.nrf_modem_os_free
                0x000000000000d650        0xc modules/nrf/lib/nrf_modem_lib/lib..__nrf__lib__nrf_modem_lib.a(nrf_modem_os.c.obj)
                0x000000000000d650                nrf_modem_os_free
 .text.nrf_modem_os_shm_tx_alloc
                0x000000000000d65c       0x10 modules/nrf/lib/nrf_modem_lib/lib..__nrf__lib__nrf_modem_lib.a(nrf_modem_os.c.obj)
                0x000000000000d65c                nrf_modem_os_shm_tx_alloc
 .text.nrf_modem_os_shm_tx_free
                0x000000000000d66c        0xc modules/nrf/lib/nrf_modem_lib/lib..__nrf__lib__nrf_modem_lib.a(nrf_modem_os.c.obj)
                0x000000000000d66c                nrf_modem_os_shm_tx_free
 .text.nrf_modem_os_init
                0x000000000000d678       0x30 modules/nrf/lib/nrf_modem_lib/lib..__nrf__lib__nrf_modem_lib.a(nrf_modem_os.c.obj)
                0x000000000000d678                nrf_modem_os_init
 .text.nrf_modem_os_shutdown
                0x000000000000d6a8       0x18 modules/nrf/lib/nrf_modem_lib/lib..__nrf__lib__nrf_modem_lib.a(nrf_modem_os.c.obj)
                0x000000000000d6a8                nrf_modem_os_shutdown
 .text.cfun_callback
                0x000000000000d6c0       0x24 modules/nrf/lib/nrf_modem_lib/lib..__nrf__lib__nrf_modem_lib.a(cfun_hooks.c.obj)
 .text.on_modem_init.part.0
                0x000000000000d6e4       0x14 modules/nrf/lib/nrf_modem_lib/lib..__nrf__lib__nrf_modem_lib.a(cfun_hooks.c.obj)
 .text.on_modem_init
                0x000000000000d6f8       0x10 modules/nrf/lib/nrf_modem_lib/lib..__nrf__lib__nrf_modem_lib.a(cfun_hooks.c.obj)
 .text.z_to_nrf_optname
                0x000000000000d708      0x144 modules/nrf/lib/nrf_modem_lib/lib..__nrf__lib__nrf_modem_lib.a(nrf9x_sockets.c.obj)
 .text.sendcb   0x000000000000d84c       0x44 modules/nrf/lib/nrf_modem_lib/lib..__nrf__lib__nrf_modem_lib.a(nrf9x_sockets.c.obj)
 .text.nrf9x_socket_offload_init
                0x000000000000d890       0x28 modules/nrf/lib/nrf_modem_lib/lib..__nrf__lib__nrf_modem_lib.a(nrf9x_sockets.c.obj)
 .text.nrf9x_socket_offload_setsockopt
                0x000000000000d8b8       0xb0 modules/nrf/lib/nrf_modem_lib/lib..__nrf__lib__nrf_modem_lib.a(nrf9x_sockets.c.obj)
 .text.nrf9x_socket_offload_getsockopt
                0x000000000000d968       0xb8 modules/nrf/lib/nrf_modem_lib/lib..__nrf__lib__nrf_modem_lib.a(nrf9x_sockets.c.obj)
 .text.nrf9x_socket_is_supported
                0x000000000000da20       0x38 modules/nrf/lib/nrf_modem_lib/lib..__nrf__lib__nrf_modem_lib.a(nrf9x_sockets.c.obj)
 .text.nrf9x_socket_offload_sendto
                0x000000000000da58       0xb0 modules/nrf/lib/nrf_modem_lib/lib..__nrf__lib__nrf_modem_lib.a(nrf9x_sockets.c.obj)
 .text.nrf9x_socket_offload_sendmsg
                0x000000000000db08      0x118 modules/nrf/lib/nrf_modem_lib/lib..__nrf__lib__nrf_modem_lib.a(nrf9x_sockets.c.obj)
 .text.release_ctx
                0x000000000000dc20       0x30 modules/nrf/lib/nrf_modem_lib/lib..__nrf__lib__nrf_modem_lib.a(nrf9x_sockets.c.obj)
 .text.allocate_ctx
                0x000000000000dc50       0x44 modules/nrf/lib/nrf_modem_lib/lib..__nrf__lib__nrf_modem_lib.a(nrf9x_sockets.c.obj)
 .text.nrf9x_iface_api_init
                0x000000000000dc94       0x38 modules/nrf/lib/nrf_modem_lib/lib..__nrf__lib__nrf_modem_lib.a(nrf9x_sockets.c.obj)
 .text.nrf9x_socket_offload_ioctl
                0x000000000000dccc      0x114 modules/nrf/lib/nrf_modem_lib/lib..__nrf__lib__nrf_modem_lib.a(nrf9x_sockets.c.obj)
 .text.nrf9x_socket_create
                0x000000000000dde0       0xa4 modules/nrf/lib/nrf_modem_lib/lib..__nrf__lib__nrf_modem_lib.a(nrf9x_sockets.c.obj)
 .text.nrf9x_socket_offload_accept
                0x000000000000de84       0xf0 modules/nrf/lib/nrf_modem_lib/lib..__nrf__lib__nrf_modem_lib.a(nrf9x_sockets.c.obj)
 .text.nrf9x_socket_offload_bind
                0x000000000000df74       0x70 modules/nrf/lib/nrf_modem_lib/lib..__nrf__lib__nrf_modem_lib.a(nrf9x_sockets.c.obj)
 .text.pollcb   0x000000000000dfe4       0x2c modules/nrf/lib/nrf_modem_lib/lib..__nrf__lib__nrf_modem_lib.a(nrf9x_sockets.c.obj)
 .text.nrf_modem_fault_handler
                0x000000000000e010       0x20 modules/nrf/lib/nrf_modem_lib/lib..__nrf__lib__nrf_modem_lib.a(fault.c.obj)
                0x000000000000e010                nrf_modem_fault_handler
 .text.at_monitor_sys_init
                0x000000000000e030       0x28 modules/nrf/lib/at_monitor/lib..__nrf__lib__at_monitor.a(at_monitor.c.obj)
 .text.at_monitor_dispatch
                0x000000000000e058       0xbc modules/nrf/lib/at_monitor/lib..__nrf__lib__at_monitor.a(at_monitor.c.obj)
                0x000000000000e058                at_monitor_dispatch
 .text.at_monitor_task
                0x000000000000e114       0x64 modules/nrf/lib/at_monitor/lib..__nrf__lib__at_monitor.a(at_monitor.c.obj)
 .text.at_parser_check
                0x000000000000e178       0x28 modules/nrf/lib/at_parser/lib..__nrf__lib__at_parser.a(at_parser.c.obj)
 .text.at_parser_tok
                0x000000000000e1a0      0x148 modules/nrf/lib/at_parser/lib..__nrf__lib__at_parser.a(at_parser.c.obj)
 .text.at_parser_num_get_impl
                0x000000000000e2e8       0xfc modules/nrf/lib/at_parser/lib..__nrf__lib__at_parser.a(at_parser.c.obj)
 .text.at_parser_init
                0x000000000000e3e4       0x20 modules/nrf/lib/at_parser/lib..__nrf__lib__at_parser.a(at_parser.c.obj)
                0x000000000000e3e4                at_parser_init
 .text.at_match_str
                0x000000000000e404       0xb4 modules/nrf/lib/at_parser/lib..__nrf__lib__at_parser.a(at_match.c.obj)
                0x000000000000e404                at_match_str
 .text.lte_lc_connect_async
                0x000000000000e4b8       0x34 modules/nrf/lib/lte_link_control/lib..__nrf__lib__lte_link_control.a(lte_lc.c.obj)
                0x000000000000e4b8                lte_lc_connect_async
 .text.on_modem_init.part.0
                0x000000000000e4ec       0x14 modules/nrf/lib/lte_link_control/lib..__nrf__lib__lte_link_control.a(lte_lc_modem_hooks.c.obj)
 .text.on_modem_init
                0x000000000000e500       0x50 modules/nrf/lib/lte_link_control/lib..__nrf__lib__lte_link_control.a(lte_lc_modem_hooks.c.obj)
 .text.k_mutex_unlock.constprop.0.isra.0
                0x000000000000e550        0xc modules/nrf/lib/lte_link_control/lib..__nrf__lib__lte_link_control.a(event_handler_list.c.obj)
 .text.event_handler_list_handler_append
                0x000000000000e55c       0x58 modules/nrf/lib/lte_link_control/lib..__nrf__lib__lte_link_control.a(event_handler_list.c.obj)
                0x000000000000e55c                event_handler_list_handler_append
 .text.event_handler_list_dispatch
                0x000000000000e5b4       0x48 modules/nrf/lib/lte_link_control/lib..__nrf__lib__lte_link_control.a(event_handler_list.c.obj)
                0x000000000000e5b4                event_handler_list_dispatch
 .text.event_handler_list_is_empty
                0x000000000000e5fc       0x10 modules/nrf/lib/lte_link_control/lib..__nrf__lib__lte_link_control.a(event_handler_list.c.obj)
                0x000000000000e5fc                event_handler_list_is_empty
 .text.mfw_type_init
                0x000000000000e60c       0x74 modules/nrf/lib/lte_link_control/lib..__nrf__lib__lte_link_control.a(helpers.c.obj)
                0x000000000000e60c                mfw_type_init
 .text.mfw_type_get
                0x000000000000e680        0xc modules/nrf/lib/lte_link_control/lib..__nrf__lib__lte_link_control.a(helpers.c.obj)
                0x000000000000e680                mfw_type_get
 .text.work_q_start
                0x000000000000e68c       0x30 modules/nrf/lib/lte_link_control/lib..__nrf__lib__lte_link_control.a(work_q.c.obj)
                0x000000000000e68c                work_q_start
 .text.at_handler_cereg
                0x000000000000e6bc      0x274 modules/nrf/lib/lte_link_control/lib..__nrf__lib__lte_link_control.a(cereg.c.obj)
 .text.cereg_status_get
                0x000000000000e930       0x58 modules/nrf/lib/lte_link_control/lib..__nrf__lib__lte_link_control.a(cereg.c.obj)
                0x000000000000e930                cereg_status_get
 .text.cereg_lte_connect
                0x000000000000e988       0xd0 modules/nrf/lib/lte_link_control/lib..__nrf__lib__lte_link_control.a(cereg.c.obj)
                0x000000000000e988                cereg_lte_connect
 .text.cereg_notifications_enable
                0x000000000000ea58       0x28 modules/nrf/lib/lte_link_control/lib..__nrf__lib__lte_link_control.a(cereg.c.obj)
                0x000000000000ea58                cereg_notifications_enable
 .text.enable_notifications
                0x000000000000ea80       0x24 modules/nrf/lib/lte_link_control/lib..__nrf__lib__lte_link_control.a(cfun.c.obj)
 .text.cfun_mode_get
                0x000000000000eaa4       0x4c modules/nrf/lib/lte_link_control/lib..__nrf__lib__lte_link_control.a(cfun.c.obj)
                0x000000000000eaa4                cfun_mode_get
 .text.cfun_mode_set
                0x000000000000eaf0       0x98 modules/nrf/lib/lte_link_control/lib..__nrf__lib__lte_link_control.a(cfun.c.obj)
                0x000000000000eaf0                cfun_mode_set
 .text.at_handler_cscon
                0x000000000000eb88       0x7c modules/nrf/lib/lte_link_control/lib..__nrf__lib__lte_link_control.a(cscon.c.obj)
 .text.cscon_notifications_enable
                0x000000000000ec04       0x28 modules/nrf/lib/lte_link_control/lib..__nrf__lib__lte_link_control.a(cscon.c.obj)
                0x000000000000ec04                cscon_notifications_enable
 .text.at_handler_mdmev
                0x000000000000ec2c       0xe8 modules/nrf/lib/lte_link_control/lib..__nrf__lib__lte_link_control.a(mdmev.c.obj)
 .text.mdmev_enable
                0x000000000000ed14       0x30 modules/nrf/lib/lte_link_control/lib..__nrf__lib__lte_link_control.a(mdmev.c.obj)
                0x000000000000ed14                mdmev_enable
 .text.xsystemmode_mode_set
                0x000000000000ed44       0x9c modules/nrf/lib/lte_link_control/lib..__nrf__lib__lte_link_control.a(xsystemmode.c.obj)
                0x000000000000ed44                xsystemmode_mode_set
 .text.dns_fallback_set
                0x000000000000ede0       0xa4 modules/nrf/lib/lte_link_control/lib..__nrf__lib__lte_link_control.a(dns.c.obj)
                0x000000000000ede0                dns_fallback_set
 .text.set_antenna_configuration.part.0
                0x000000000000ee84       0x2c modules/nrf/lib/modem_antenna/lib..__nrf__lib__modem_antenna.a(modem_antenna.c.obj)
 .text.on_modem_lib_init.part.0
                0x000000000000eeb0       0x14 modules/nrf/lib/modem_antenna/lib..__nrf__lib__modem_antenna.a(modem_antenna.c.obj)
 .text.on_modem_lib_init
                0x000000000000eec4       0x48 modules/nrf/lib/modem_antenna/lib..__nrf__lib__modem_antenna.a(modem_antenna.c.obj)
 .text.ns_fault_init
                0x000000000000ef0c       0x30 modules/nrf/modules/trusted-firmware-m/lib..__nrf__modules__trusted-firmware-m.a(fault.c.obj)
 .text.arm_fault
                0x000000000000ef3c      0x24c modules/nrf/modules/trusted-firmware-m/lib..__nrf__modules__trusted-firmware-m.a(fault.c.obj)
                0x000000000000ef3c                arm_fault
 .text.tfm_ns_fault_handler_callback
                0x000000000000f188       0x48 modules/nrf/modules/trusted-firmware-m/lib..__nrf__modules__trusted-firmware-m.a(fault.c.obj)
                0x000000000000f188                tfm_ns_fault_handler_callback
 .text.tfm_ns_interface_dispatch
                0x000000000000f1d0       0x54 modules/trusted-firmware-m/libtfm_api.a(interface.c.obj)
                0x000000000000f1d0                tfm_ns_interface_dispatch
 .text.tfm_platform_ioctl
                0x000000000000f224       0x4c modules/trusted-firmware-m/libtfm_api.a(tfm_platform_api.c.obj)
                0x000000000000f224                tfm_platform_ioctl
 .text.psa_generate_random
                0x000000000000f270       0x48 modules/trusted-firmware-m/libtfm_api.a(tfm_crypto_api.c.obj)
                0x000000000000f270                psa_generate_random
 .text.psa_call
                0x000000000000f2b8       0x34 modules/trusted-firmware-m/libtfm_api.a(tfm_tz_psa_ns_api.c.obj)
                0x000000000000f2b8                psa_call
 .text.nrfx_gppi_init
                0x000000000000f2ec        0xc modules/hal_nordic/modules/hal_nordic/nrfx/libmodules__hal_nordic__nrfx.a(nrfx_gppi_dppi.c.obj)
                0x000000000000f2ec                nrfx_gppi_init
 .text.nrfx_gppi_domain_conn_alloc
                0x000000000000f2f8       0x1c modules/hal_nordic/modules/hal_nordic/nrfx/libmodules__hal_nordic__nrfx.a(nrfx_gppi_dppi.c.obj)
                0x000000000000f2f8                nrfx_gppi_domain_conn_alloc
 .text.nrfx_gppi_conn_enable
                0x000000000000f314       0x10 modules/hal_nordic/modules/hal_nordic/nrfx/libmodules__hal_nordic__nrfx.a(nrfx_gppi_dppi.c.obj)
                0x000000000000f314                nrfx_gppi_conn_enable
 .text.hfclk_event_handler
                0x000000000000f324        0xc modules/hal_nordic/modules/hal_nordic/nrfx/libmodules__hal_nordic__nrfx.a(nrfx_clock.c.obj)
 .text.lfclk_event_handler
                0x000000000000f330        0xc modules/hal_nordic/modules/hal_nordic/nrfx/libmodules__hal_nordic__nrfx.a(nrfx_clock.c.obj)
 .text.nrfx_clock_init
                0x000000000000f33c       0x40 modules/hal_nordic/modules/hal_nordic/nrfx/libmodules__hal_nordic__nrfx.a(nrfx_clock.c.obj)
                0x000000000000f33c                nrfx_clock_init
 .text.nrfx_clock_enable
                0x000000000000f37c       0x20 modules/hal_nordic/modules/hal_nordic/nrfx/libmodules__hal_nordic__nrfx.a(nrfx_clock.c.obj)
                0x000000000000f37c                nrfx_clock_enable
 .text.clock_stop
                0x000000000000f39c       0x3c modules/hal_nordic/modules/hal_nordic/nrfx/libmodules__hal_nordic__nrfx.a(nrfx_clock_hfclk.c.obj)
 .text.nrfx_clock_hfclk_init
                0x000000000000f3d8       0x1c modules/hal_nordic/modules/hal_nordic/nrfx/libmodules__hal_nordic__nrfx.a(nrfx_clock_hfclk.c.obj)
                0x000000000000f3d8                nrfx_clock_hfclk_init
 .text.nrfx_clock_hfclk_start
                0x000000000000f3f4       0x38 modules/hal_nordic/modules/hal_nordic/nrfx/libmodules__hal_nordic__nrfx.a(nrfx_clock_hfclk.c.obj)
                0x000000000000f3f4                nrfx_clock_hfclk_start
 .text.nrfx_clock_hfclk_irq_handler
                0x000000000000f42c       0x30 modules/hal_nordic/modules/hal_nordic/nrfx/libmodules__hal_nordic__nrfx.a(nrfx_clock_hfclk.c.obj)
                0x000000000000f42c                nrfx_clock_hfclk_irq_handler
 .text.clock_stop
                0x000000000000f45c       0x34 modules/hal_nordic/modules/hal_nordic/nrfx/libmodules__hal_nordic__nrfx.a(nrfx_clock_lfclk.c.obj)
 .text.nrfx_clock_lfclk_init
                0x000000000000f490       0x24 modules/hal_nordic/modules/hal_nordic/nrfx/libmodules__hal_nordic__nrfx.a(nrfx_clock_lfclk.c.obj)
                0x000000000000f490                nrfx_clock_lfclk_init
 .text.nrfx_clock_lfclk_start
                0x000000000000f4b4       0x88 modules/hal_nordic/modules/hal_nordic/nrfx/libmodules__hal_nordic__nrfx.a(nrfx_clock_lfclk.c.obj)
                0x000000000000f4b4                nrfx_clock_lfclk_start
 .text.nrfx_clock_lfclk_irq_handler
                0x000000000000f53c       0x78 modules/hal_nordic/modules/hal_nordic/nrfx/libmodules__hal_nordic__nrfx.a(nrfx_clock_lfclk.c.obj)
                0x000000000000f53c                nrfx_clock_lfclk_irq_handler
 .text.nrf_gpio_pin_port_decode
                0x000000000000f5b4       0x18 modules/hal_nordic/modules/hal_nordic/nrfx/libmodules__hal_nordic__nrfx.a(nrfx_gpiote.c.obj)
 .text.latch_pending_read_and_check
                0x000000000000f5cc       0x1c modules/hal_nordic/modules/hal_nordic/nrfx/libmodules__hal_nordic__nrfx.a(nrfx_gpiote.c.obj)
 .text.pin_uninit
                0x000000000000f5e8       0x68 modules/hal_nordic/modules/hal_nordic/nrfx/libmodules__hal_nordic__nrfx.a(nrfx_gpiote.c.obj)
 .text.nrfx_gpiote_init
                0x000000000000f650       0x64 modules/hal_nordic/modules/hal_nordic/nrfx/libmodules__hal_nordic__nrfx.a(nrfx_gpiote.c.obj)
                0x000000000000f650                nrfx_gpiote_init
 .text.nrfx_gpiote_channel_free
                0x000000000000f6b4       0x14 modules/hal_nordic/modules/hal_nordic/nrfx/libmodules__hal_nordic__nrfx.a(nrfx_gpiote.c.obj)
                0x000000000000f6b4                nrfx_gpiote_channel_free
 .text.nrfx_gpiote_channel_alloc
                0x000000000000f6c8       0x20 modules/hal_nordic/modules/hal_nordic/nrfx/libmodules__hal_nordic__nrfx.a(nrfx_gpiote.c.obj)
                0x000000000000f6c8                nrfx_gpiote_channel_alloc
 .text.nrfx_gpiote_irq_handler
                0x000000000000f6e8      0x174 modules/hal_nordic/modules/hal_nordic/nrfx/libmodules__hal_nordic__nrfx.a(nrfx_gpiote.c.obj)
                0x000000000000f6e8                nrfx_gpiote_irq_handler
 .text.nrfx_ipc_init
                0x000000000000f85c       0x28 modules/hal_nordic/modules/hal_nordic/nrfx/libmodules__hal_nordic__nrfx.a(nrfx_ipc.c.obj)
                0x000000000000f85c                nrfx_ipc_init
 .text.nrfx_ipc_config_load
                0x000000000000f884       0x40 modules/hal_nordic/modules/hal_nordic/nrfx/libmodules__hal_nordic__nrfx.a(nrfx_ipc.c.obj)
                0x000000000000f884                nrfx_ipc_config_load
 .text.nrfx_ipc_uninit
                0x000000000000f8c4       0x64 modules/hal_nordic/modules/hal_nordic/nrfx/libmodules__hal_nordic__nrfx.a(nrfx_ipc.c.obj)
                0x000000000000f8c4                nrfx_ipc_uninit
 .text.nrfx_ipc_receive_event_enable
                0x000000000000f928       0x10 modules/hal_nordic/modules/hal_nordic/nrfx/libmodules__hal_nordic__nrfx.a(nrfx_ipc.c.obj)
                0x000000000000f928                nrfx_ipc_receive_event_enable
 .text.nrfx_ipc_receive_event_disable
                0x000000000000f938       0x10 modules/hal_nordic/modules/hal_nordic/nrfx/libmodules__hal_nordic__nrfx.a(nrfx_ipc.c.obj)
                0x000000000000f938                nrfx_ipc_receive_event_disable
 .text.nrfx_ipc_irq_handler
                0x000000000000f948       0x40 modules/hal_nordic/modules/hal_nordic/nrfx/libmodules__hal_nordic__nrfx.a(nrfx_ipc.c.obj)
                0x000000000000f948                nrfx_ipc_irq_handler
 .text.nvmc_word_write
                0x000000000000f988       0x18 modules/hal_nordic/modules/hal_nordic/nrfx/libmodules__hal_nordic__nrfx.a(nrfx_nvmc.c.obj)
 .text.nrfx_nvmc_page_erase
                0x000000000000f9a0       0x30 modules/hal_nordic/modules/hal_nordic/nrfx/libmodules__hal_nordic__nrfx.a(nrfx_nvmc.c.obj)
                0x000000000000f9a0                nrfx_nvmc_page_erase
 .text.nrfx_nvmc_word_write
                0x000000000000f9d0       0x1c modules/hal_nordic/modules/hal_nordic/nrfx/libmodules__hal_nordic__nrfx.a(nrfx_nvmc.c.obj)
                0x000000000000f9d0                nrfx_nvmc_word_write
 .text.nrf_gpio_cfg_default
                0x000000000000f9ec       0x34 modules/hal_nordic/modules/hal_nordic/nrfx/libmodules__hal_nordic__nrfx.a(nrfx_twim.c.obj)
 .text.pins_configure
                0x000000000000fa20       0x60 modules/hal_nordic/modules/hal_nordic/nrfx/libmodules__hal_nordic__nrfx.a(nrfx_twim.c.obj)
 .text.nrfx_twim_disable
                0x000000000000fa80       0x2c modules/hal_nordic/modules/hal_nordic/nrfx/libmodules__hal_nordic__nrfx.a(nrfx_twim.c.obj)
                0x000000000000fa80                nrfx_twim_disable
 .text.nrfx_twim_xfer
                0x000000000000faac      0x2c8 modules/hal_nordic/modules/hal_nordic/nrfx/libmodules__hal_nordic__nrfx.a(nrfx_twim.c.obj)
                0x000000000000faac                nrfx_twim_xfer
 .text.nrfx_twim_irq_handler
                0x000000000000fd74      0x16c modules/hal_nordic/modules/hal_nordic/nrfx/libmodules__hal_nordic__nrfx.a(nrfx_twim.c.obj)
                0x000000000000fd74                nrfx_twim_irq_handler
 .text.nrfx_wdt_channel_feed
                0x000000000000fee0       0x14 modules/hal_nordic/modules/hal_nordic/nrfx/libmodules__hal_nordic__nrfx.a(nrfx_wdt.c.obj)
                0x000000000000fee0                nrfx_wdt_channel_feed
 .text.nrf_gpio_pin_port_decode
                0x000000000000fef4       0x18 modules/hal_nordic/modules/hal_nordic/nrfx/libmodules__hal_nordic__nrfx.a(nrfx_twi_twim.c.obj)
 .text.nrfx_twi_twim_bus_recover
                0x000000000000ff0c       0xd4 modules/hal_nordic/modules/hal_nordic/nrfx/libmodules__hal_nordic__nrfx.a(nrfx_twi_twim.c.obj)
                0x000000000000ff0c                nrfx_twi_twim_bus_recover
 .text.modem_off
                0x000000000000ffe0       0x28 /home/goaty/Desktop/Tech/nrfxlib/nrf_modem/lib/cellular/nrf9160/soft-float/libmodem.a(nrf_modem.c.obj)
 .text.nrf_modem_platform_init
                0x0000000000010008       0x3c /home/goaty/Desktop/Tech/nrfxlib/nrf_modem/lib/cellular/nrf9160/soft-float/libmodem.a(nrf_modem.c.obj)
 .text.atomic_set.constprop.0.isra.0
                0x0000000000010044       0x14 /home/goaty/Desktop/Tech/nrfxlib/nrf_modem/lib/cellular/nrf9160/soft-float/libmodem.a(nrf_modem.c.obj)
 .text.nrf_modem_init
                0x0000000000010058       0xcc /home/goaty/Desktop/Tech/nrfxlib/nrf_modem/lib/cellular/nrf9160/soft-float/libmodem.a(nrf_modem.c.obj)
                0x0000000000010058                nrf_modem_init
 .text.nrf_modem_shutdown
                0x0000000000010124       0xc8 /home/goaty/Desktop/Tech/nrfxlib/nrf_modem/lib/cellular/nrf9160/soft-float/libmodem.a(nrf_modem.c.obj)
                0x0000000000010124                nrf_modem_shutdown
 .text.nrf_modem_fault_handler_set
                0x00000000000101ec        0xc /home/goaty/Desktop/Tech/nrfxlib/nrf_modem/lib/cellular/nrf9160/soft-float/libmodem.a(nrf_modem_fault.c.obj)
                0x00000000000101ec                nrf_modem_fault_handler_set
 .text.nrf_modem_fault_handler_internal
                0x00000000000101f8       0x18 /home/goaty/Desktop/Tech/nrfxlib/nrf_modem/lib/cellular/nrf9160/soft-float/libmodem.a(nrf_modem_fault.c.obj)
                0x00000000000101f8                nrf_modem_fault_handler_internal
 .text.nrf_modem_state_set
                0x0000000000010210        0xc /home/goaty/Desktop/Tech/nrfxlib/nrf_modem/lib/cellular/nrf9160/soft-float/libmodem.a(nrf_modem_state.c.obj)
                0x0000000000010210                nrf_modem_state_set
 .text.nrf_modem_state_is_initialized
                0x000000000001021c       0x10 /home/goaty/Desktop/Tech/nrfxlib/nrf_modem/lib/cellular/nrf9160/soft-float/libmodem.a(nrf_modem_state.c.obj)
                0x000000000001021c                nrf_modem_state_is_initialized
 .text.nrf_modem_state_is_fault
                0x000000000001022c       0x10 /home/goaty/Desktop/Tech/nrfxlib/nrf_modem/lib/cellular/nrf9160/soft-float/libmodem.a(nrf_modem_state.c.obj)
                0x000000000001022c                nrf_modem_state_is_fault
 .text.rpc_handle_data_message
                0x000000000001023c       0x38 /home/goaty/Desktop/Tech/nrfxlib/nrf_modem/lib/cellular/nrf9160/soft-float/libmodem.a(rpc_framework.c.obj)
                0x000000000001023c                rpc_handle_data_message
 .text.rpc_transport_init
                0x0000000000010274        0xc /home/goaty/Desktop/Tech/nrfxlib/nrf_modem/lib/cellular/nrf9160/soft-float/libmodem.a(rpc_transport.c.obj)
                0x0000000000010274                rpc_transport_init
 .text.rpc_transport_msg_alloc
                0x0000000000010280        0xc /home/goaty/Desktop/Tech/nrfxlib/nrf_modem/lib/cellular/nrf9160/soft-float/libmodem.a(rpc_transport.c.obj)
                0x0000000000010280                rpc_transport_msg_alloc
 .text.rpc_transport_msg_data_tx_size
                0x000000000001028c        0xc /home/goaty/Desktop/Tech/nrfxlib/nrf_modem/lib/cellular/nrf9160/soft-float/libmodem.a(rpc_transport.c.obj)
                0x000000000001028c                rpc_transport_msg_data_tx_size
 .text.rpc_transport_msg_data_rx_free
                0x0000000000010298        0xc /home/goaty/Desktop/Tech/nrfxlib/nrf_modem/lib/cellular/nrf9160/soft-float/libmodem.a(rpc_transport.c.obj)
                0x0000000000010298                rpc_transport_msg_data_rx_free
 .text.rpc_transport_msg_send
                0x00000000000102a4        0xc /home/goaty/Desktop/Tech/nrfxlib/nrf_modem/lib/cellular/nrf9160/soft-float/libmodem.a(rpc_transport.c.obj)
                0x00000000000102a4                rpc_transport_msg_send
 .text.rpc_transport_request_shutdown
                0x00000000000102b0        0xc /home/goaty/Desktop/Tech/nrfxlib/nrf_modem/lib/cellular/nrf9160/soft-float/libmodem.a(rpc_transport.c.obj)
                0x00000000000102b0                rpc_transport_request_shutdown
 .text.rpc_transport_shutdown
                0x00000000000102bc        0xc /home/goaty/Desktop/Tech/nrfxlib/nrf_modem/lib/cellular/nrf9160/soft-float/libmodem.a(rpc_transport.c.obj)
                0x00000000000102bc                rpc_transport_shutdown
 .text.rpc_transport_data_rx_suspend
                0x00000000000102c8        0xc /home/goaty/Desktop/Tech/nrfxlib/nrf_modem/lib/cellular/nrf9160/soft-float/libmodem.a(rpc_transport.c.obj)
                0x00000000000102c8                rpc_transport_data_rx_suspend
 .text.rpc_transport_data_rx_resume
                0x00000000000102d4        0xc /home/goaty/Desktop/Tech/nrfxlib/nrf_modem/lib/cellular/nrf9160/soft-float/libmodem.a(rpc_transport.c.obj)
                0x00000000000102d4                rpc_transport_data_rx_resume
 .text.rpc_transport_ipc_msg_data_tx_size
                0x00000000000102e0        0xc /home/goaty/Desktop/Tech/nrfxlib/nrf_modem/lib/cellular/nrf9160/soft-float/libmodem.a(rpc_transport_ipc.c.obj)
 .text.rpc_transport_ipc_msg_tx_free
                0x00000000000102ec       0x38 /home/goaty/Desktop/Tech/nrfxlib/nrf_modem/lib/cellular/nrf9160/soft-float/libmodem.a(rpc_transport_ipc.c.obj)
 .text.handle_modem_rpc_msg
                0x0000000000010324       0x68 /home/goaty/Desktop/Tech/nrfxlib/nrf_modem/lib/cellular/nrf9160/soft-float/libmodem.a(rpc_transport_ipc.c.obj)
 .text.rpc_message_handler
                0x000000000001038c       0x24 /home/goaty/Desktop/Tech/nrfxlib/nrf_modem/lib/cellular/nrf9160/soft-float/libmodem.a(rpc_transport_ipc.c.obj)
 .text.ipc_irq_handler
                0x00000000000103b0       0xec /home/goaty/Desktop/Tech/nrfxlib/nrf_modem/lib/cellular/nrf9160/soft-float/libmodem.a(rpc_transport_ipc.c.obj)
                0x00000000000103b0                ipc_irq_handler
 .text.rpc_transport_ipc_ctrl_msg_alloc
                0x000000000001049c       0x44 /home/goaty/Desktop/Tech/nrfxlib/nrf_modem/lib/cellular/nrf9160/soft-float/libmodem.a(rpc_transport_ipc.c.obj)
 .text.rpc_transport_ipc_data_msg_alloc
                0x00000000000104e0       0x24 /home/goaty/Desktop/Tech/nrfxlib/nrf_modem/lib/cellular/nrf9160/soft-float/libmodem.a(rpc_transport_ipc.c.obj)
 .text.rpc_transport_ipc_data_msg_send
                0x0000000000010504       0x6c /home/goaty/Desktop/Tech/nrfxlib/nrf_modem/lib/cellular/nrf9160/soft-float/libmodem.a(rpc_transport_ipc.c.obj)
 .text.rpc_transport_ipc_init
                0x0000000000010570      0x1dc /home/goaty/Desktop/Tech/nrfxlib/nrf_modem/lib/cellular/nrf9160/soft-float/libmodem.a(rpc_transport_ipc.c.obj)
 .text.rpc_transport_ipc_ctrl_msg_send
                0x000000000001074c       0x6c /home/goaty/Desktop/Tech/nrfxlib/nrf_modem/lib/cellular/nrf9160/soft-float/libmodem.a(rpc_transport_ipc.c.obj)
 .text.rpc_transport_ipc_request_shutdown
                0x00000000000107b8       0x38 /home/goaty/Desktop/Tech/nrfxlib/nrf_modem/lib/cellular/nrf9160/soft-float/libmodem.a(rpc_transport_ipc.c.obj)
 .text.rpc_transport_ipc_msg_data_rx_free
                0x00000000000107f0       0x30 /home/goaty/Desktop/Tech/nrfxlib/nrf_modem/lib/cellular/nrf9160/soft-float/libmodem.a(rpc_transport_ipc.c.obj)
 .text.cfun_post_modem
                0x0000000000010820       0x14 /home/goaty/Desktop/Tech/nrfxlib/nrf_modem/lib/cellular/nrf9160/soft-float/libmodem.a(nrf_modem_at.c.obj)
 .text.at_cmd_vsprintf
                0x0000000000010834       0x50 /home/goaty/Desktop/Tech/nrfxlib/nrf_modem/lib/cellular/nrf9160/soft-float/libmodem.a(nrf_modem_at.c.obj)
 .text.cfun_pre_modem
                0x0000000000010884       0x44 /home/goaty/Desktop/Tech/nrfxlib/nrf_modem/lib/cellular/nrf9160/soft-float/libmodem.a(nrf_modem_at.c.obj)
 .text.at_cmd_send
                0x00000000000108c8       0x68 /home/goaty/Desktop/Tech/nrfxlib/nrf_modem/lib/cellular/nrf9160/soft-float/libmodem.a(nrf_modem_at.c.obj)
 .text.at_response_match
                0x0000000000010930       0x48 /home/goaty/Desktop/Tech/nrfxlib/nrf_modem/lib/cellular/nrf9160/soft-float/libmodem.a(nrf_modem_at.c.obj)
 .text.nrf_modem_at_notif_handler_set
                0x0000000000010978        0xc /home/goaty/Desktop/Tech/nrfxlib/nrf_modem/lib/cellular/nrf9160/soft-float/libmodem.a(nrf_modem_at.c.obj)
                0x0000000000010978                nrf_modem_at_notif_handler_set
 .text.nrf_modem_at_cfun_handler_set
                0x0000000000010984        0xc /home/goaty/Desktop/Tech/nrfxlib/nrf_modem/lib/cellular/nrf9160/soft-float/libmodem.a(nrf_modem_at.c.obj)
                0x0000000000010984                nrf_modem_at_cfun_handler_set
 .text.nrf_modem_at_printf
                0x0000000000010990       0xc8 /home/goaty/Desktop/Tech/nrfxlib/nrf_modem/lib/cellular/nrf9160/soft-float/libmodem.a(nrf_modem_at.c.obj)
                0x0000000000010990                nrf_modem_at_printf
 .text.nrf_modem_at_cmd
                0x0000000000010a58      0x1d0 /home/goaty/Desktop/Tech/nrfxlib/nrf_modem/lib/cellular/nrf9160/soft-float/libmodem.a(nrf_modem_at.c.obj)
                0x0000000000010a58                nrf_modem_at_cmd
 .text.nrf_modem_at_scanf
                0x0000000000010c28       0xf8 /home/goaty/Desktop/Tech/nrfxlib/nrf_modem/lib/cellular/nrf9160/soft-float/libmodem.a(nrf_modem_at.c.obj)
                0x0000000000010c28                nrf_modem_at_scanf
 .text.rpc_at_event_handler
                0x0000000000010d20       0x88 /home/goaty/Desktop/Tech/nrfxlib/nrf_modem/lib/cellular/nrf9160/soft-float/libmodem.a(nrf_modem_at.c.obj)
                0x0000000000010d20                rpc_at_event_handler
 .text.rpc_at_init
                0x0000000000010da8       0x40 /home/goaty/Desktop/Tech/nrfxlib/nrf_modem/lib/cellular/nrf9160/soft-float/libmodem.a(nrf_modem_at.c.obj)
                0x0000000000010da8                rpc_at_init
 .text.sock_unref.isra.0
                0x0000000000010de8       0x3c /home/goaty/Desktop/Tech/nrfxlib/nrf_modem/lib/cellular/nrf9160/soft-float/libmodem.a(sock.c.obj)
 .text.sock_init
                0x0000000000010e24       0x3c /home/goaty/Desktop/Tech/nrfxlib/nrf_modem/lib/cellular/nrf9160/soft-float/libmodem.a(sock.c.obj)
                0x0000000000010e24                sock_init
 .text.sock_open
                0x0000000000010e60       0x68 /home/goaty/Desktop/Tech/nrfxlib/nrf_modem/lib/cellular/nrf9160/soft-float/libmodem.a(sock.c.obj)
                0x0000000000010e60                sock_open
 .text.sock_find
                0x0000000000010ec8       0x24 /home/goaty/Desktop/Tech/nrfxlib/nrf_modem/lib/cellular/nrf9160/soft-float/libmodem.a(sock.c.obj)
                0x0000000000010ec8                sock_find
 .text._sock_close
                0x0000000000010eec       0x30 /home/goaty/Desktop/Tech/nrfxlib/nrf_modem/lib/cellular/nrf9160/soft-float/libmodem.a(sock.c.obj)
                0x0000000000010eec                _sock_close
 .text.sock_shutdown
                0x0000000000010f1c       0x28 /home/goaty/Desktop/Tech/nrfxlib/nrf_modem/lib/cellular/nrf9160/soft-float/libmodem.a(sock.c.obj)
                0x0000000000010f1c                sock_shutdown
 .text.sock_rpc_flow_control_set
                0x0000000000010f44       0x50 /home/goaty/Desktop/Tech/nrfxlib/nrf_modem/lib/cellular/nrf9160/soft-float/libmodem.a(sock.c.obj)
                0x0000000000010f44                sock_rpc_flow_control_set
 .text.sock_proto_is_valid
                0x0000000000010f94       0x30 /home/goaty/Desktop/Tech/nrfxlib/nrf_modem/lib/cellular/nrf9160/soft-float/libmodem.a(sock.c.obj)
                0x0000000000010f94                sock_proto_is_valid
 .text.on_getaddrinfo_res
                0x0000000000010fc4       0x28 /home/goaty/Desktop/Tech/nrfxlib/nrf_modem/lib/cellular/nrf9160/soft-float/libmodem.a(dns.c.obj)
                0x0000000000010fc4                on_getaddrinfo_res
 .text.addrinfo_init
                0x0000000000010fec       0x1c /home/goaty/Desktop/Tech/nrfxlib/nrf_modem/lib/cellular/nrf9160/soft-float/libmodem.a(dns.c.obj)
                0x0000000000010fec                addrinfo_init
 .text.nrf_getaddrinfo
                0x0000000000011008      0x2ac /home/goaty/Desktop/Tech/nrfxlib/nrf_modem/lib/cellular/nrf9160/soft-float/libmodem.a(dns.c.obj)
                0x0000000000011008                nrf_getaddrinfo
 .text.rpc_ip_event_handler
                0x00000000000112b4      0x30c /home/goaty/Desktop/Tech/nrfxlib/nrf_modem/lib/cellular/nrf9160/soft-float/libmodem.a(ip.c.obj)
                0x00000000000112b4                rpc_ip_event_handler
 .text.nrf_socket
                0x00000000000115c0       0xc0 /home/goaty/Desktop/Tech/nrfxlib/nrf_modem/lib/cellular/nrf9160/soft-float/libmodem.a(ip.c.obj)
                0x00000000000115c0                nrf_socket
 .text.nrf_close
                0x0000000000011680       0x68 /home/goaty/Desktop/Tech/nrfxlib/nrf_modem/lib/cellular/nrf9160/soft-float/libmodem.a(ip.c.obj)
                0x0000000000011680                nrf_close
 .text.nrf_setsockopt
                0x00000000000116e8      0x1d4 /home/goaty/Desktop/Tech/nrfxlib/nrf_modem/lib/cellular/nrf9160/soft-float/libmodem.a(ip.c.obj)
                0x00000000000116e8                nrf_setsockopt
 .text.nrf_getsockopt
                0x00000000000118bc      0x1bc /home/goaty/Desktop/Tech/nrfxlib/nrf_modem/lib/cellular/nrf9160/soft-float/libmodem.a(ip.c.obj)
                0x00000000000118bc                nrf_getsockopt
 .text.nrf_socket_data_enabled_get
                0x0000000000011a78        0xc /home/goaty/Desktop/Tech/nrfxlib/nrf_modem/lib/cellular/nrf9160/soft-float/libmodem.a(ip.c.obj)
                0x0000000000011a78                nrf_socket_data_enabled_get
 .text.rpc_ip_init
                0x0000000000011a84       0x30 /home/goaty/Desktop/Tech/nrfxlib/nrf_modem/lib/cellular/nrf9160/soft-float/libmodem.a(ip.c.obj)
                0x0000000000011a84                rpc_ip_init
 .text.on_tls_attach_res
                0x0000000000011ab4       0x30 /home/goaty/Desktop/Tech/nrfxlib/nrf_modem/lib/cellular/nrf9160/soft-float/libmodem.a(tls.c.obj)
                0x0000000000011ab4                on_tls_attach_res
 .text.on_tls_handshake_ntf
                0x0000000000011ae4       0x3c /home/goaty/Desktop/Tech/nrfxlib/nrf_modem/lib/cellular/nrf9160/soft-float/libmodem.a(tls.c.obj)
                0x0000000000011ae4                on_tls_handshake_ntf
 .text.tls_attach
                0x0000000000011b20      0x108 /home/goaty/Desktop/Tech/nrfxlib/nrf_modem/lib/cellular/nrf9160/soft-float/libmodem.a(tls.c.obj)
                0x0000000000011b20                tls_attach
 .text.inet_pton4
                0x0000000000011c28       0x80 /home/goaty/Desktop/Tech/nrfxlib/nrf_modem/lib/cellular/nrf9160/soft-float/libmodem.a(pton.c.obj)
 .text.nrf_inet_pton
                0x0000000000011ca8      0x154 /home/goaty/Desktop/Tech/nrfxlib/nrf_modem/lib/cellular/nrf9160/soft-float/libmodem.a(pton.c.obj)
                0x0000000000011ca8                nrf_inet_pton
 .text.nrf_af_to_rpc_af
                0x0000000000011dfc       0x10 /home/goaty/Desktop/Tech/nrfxlib/nrf_modem/lib/cellular/nrf9160/soft-float/libmodem.a(tables.c.obj)
                0x0000000000011dfc                nrf_af_to_rpc_af
 .text.nrf_so_to_rpc_so
                0x0000000000011e0c       0x18 /home/goaty/Desktop/Tech/nrfxlib/nrf_modem/lib/cellular/nrf9160/soft-float/libmodem.a(tables.c.obj)
                0x0000000000011e0c                nrf_so_to_rpc_so
 .text.nrf_rai_to_rpc_rai
                0x0000000000011e24       0x18 /home/goaty/Desktop/Tech/nrfxlib/nrf_modem/lib/cellular/nrf9160/soft-float/libmodem.a(tables.c.obj)
                0x0000000000011e24                nrf_rai_to_rpc_rai
 .text._req_forward
                0x0000000000011e3c       0x40 /home/goaty/Desktop/Tech/nrfxlib/nrf_modem/lib/cellular/nrf9160/soft-float/libmodem.a(reqres.c.obj)
                0x0000000000011e3c                _req_forward
 .text.rpc_gnss_event_handler
                0x0000000000011e7c      0x138 /home/goaty/Desktop/Tech/nrfxlib/nrf_modem/lib/cellular/nrf9160/soft-float/libmodem.a(nrf_modem_gnss.c.obj)
                0x0000000000011e7c                rpc_gnss_event_handler
 .text.rpc_gnss_init
                0x0000000000011fb4       0x44 /home/goaty/Desktop/Tech/nrfxlib/nrf_modem/lib/cellular/nrf9160/soft-float/libmodem.a(nrf_modem_gnss.c.obj)
                0x0000000000011fb4                rpc_gnss_init
 .text.rpc_gnss_deinit
                0x0000000000011ff8       0x3c /home/goaty/Desktop/Tech/nrfxlib/nrf_modem/lib/cellular/nrf9160/soft-float/libmodem.a(nrf_modem_gnss.c.obj)
                0x0000000000011ff8                rpc_gnss_deinit
 .text.rpc_softsim_event_handler
                0x0000000000012034       0x24 /home/goaty/Desktop/Tech/nrfxlib/nrf_modem/lib/cellular/nrf9160/soft-float/libmodem.a(nrf_modem_softsim.c.obj)
                0x0000000000012034                rpc_softsim_event_handler
 .text.ipc_trace_init
                0x0000000000012058       0x40 /home/goaty/Desktop/Tech/nrfxlib/nrf_modem/lib/cellular/nrf9160/soft-float/libmodem.a(ipc_trace.c.obj)
                0x0000000000012058                ipc_trace_init
 .text.ipc_trace_uninit
                0x0000000000012098       0x10 /home/goaty/Desktop/Tech/nrfxlib/nrf_modem/lib/cellular/nrf9160/soft-float/libmodem.a(ipc_trace.c.obj)
                0x0000000000012098                ipc_trace_uninit
 .text.ipc_trace_handler
                0x00000000000120a8       0xb4 /home/goaty/Desktop/Tech/nrfxlib/nrf_modem/lib/cellular/nrf9160/soft-float/libmodem.a(ipc_trace.c.obj)
                0x00000000000120a8                ipc_trace_handler
 .text.k_sys_fatal_error_handler
                0x000000000001215c       0x20 zephyr/kernel/libkernel.a(fatal.c.obj)
                0x000000000001215c                k_sys_fatal_error_handler
 .text.z_fatal_error
                0x000000000001217c       0xe8 zephyr/kernel/libkernel.a(fatal.c.obj)
                0x000000000001217c                z_fatal_error
 .text.z_sys_init_run_level
                0x0000000000012264       0x30 zephyr/kernel/libkernel.a(init.c.obj)
 .text.bg_thread_main
                0x0000000000012294       0xc0 zephyr/kernel/libkernel.a(init.c.obj)
 .text.z_init_cpu
                0x0000000000012354       0x68 zephyr/kernel/libkernel.a(init.c.obj)
                0x0000000000012354                z_init_cpu
 .text.z_cstart
                0x00000000000123bc       0xd0 zephyr/kernel/libkernel.a(init.c.obj)
                0x00000000000123bc                z_cstart
 .text.statics_init
                0x000000000001248c       0x24 zephyr/kernel/libkernel.a(kheap.c.obj)
 .text.k_heap_alloc
                0x00000000000124b0       0x1c zephyr/kernel/libkernel.a(kheap.c.obj)
                0x00000000000124b0                k_heap_alloc
 .text.init_mem_slab_obj_core_list
                0x00000000000124cc       0x24 zephyr/kernel/libkernel.a(mem_slab.c.obj)
 .text.z_impl_k_mutex_lock
                0x00000000000124f0       0xf0 zephyr/kernel/libkernel.a(mutex.c.obj)
                0x00000000000124f0                z_impl_k_mutex_lock
 .text.z_impl_k_mutex_unlock
                0x00000000000125e0       0xa0 zephyr/kernel/libkernel.a(mutex.c.obj)
                0x00000000000125e0                z_impl_k_mutex_unlock
 .text.z_impl_k_queue_get
                0x0000000000012680       0x64 zephyr/kernel/libkernel.a(queue.c.obj)
                0x0000000000012680                z_impl_k_queue_get
 .text.z_impl_k_sem_give
                0x00000000000126e4       0x74 zephyr/kernel/libkernel.a(sem.c.obj)
                0x00000000000126e4                z_impl_k_sem_give
 .text.z_impl_k_sem_take
                0x0000000000012758       0x4c zephyr/kernel/libkernel.a(sem.c.obj)
                0x0000000000012758                z_impl_k_sem_take
 .text.z_impl_k_sem_reset
                0x00000000000127a4       0x80 zephyr/kernel/libkernel.a(sem.c.obj)
                0x00000000000127a4                z_impl_k_sem_reset
 .text.work_queue_main
                0x0000000000012824      0x14c zephyr/kernel/libkernel.a(work.c.obj)
 .text.submit_to_queue_locked
                0x0000000000012970       0xb8 zephyr/kernel/libkernel.a(work.c.obj)
 .text.k_work_submit
                0x0000000000012a28        0xc zephyr/kernel/libkernel.a(work.c.obj)
                0x0000000000012a28                k_work_submit
 .text.k_work_queue_start
                0x0000000000012a34       0x80 zephyr/kernel/libkernel.a(work.c.obj)
                0x0000000000012a34                k_work_queue_start
 .text.k_work_schedule_for_queue
                0x0000000000012ab4       0x54 zephyr/kernel/libkernel.a(work.c.obj)
                0x0000000000012ab4                k_work_schedule_for_queue
 .text.k_work_schedule
                0x0000000000012b08        0xc zephyr/kernel/libkernel.a(work.c.obj)
                0x0000000000012b08                k_work_schedule
 .text.z_setup_new_thread
                0x0000000000012b14       0x7c zephyr/kernel/libkernel.a(thread.c.obj)
                0x0000000000012b14                z_setup_new_thread
 .text.z_impl_k_thread_create
                0x0000000000012b90       0x58 zephyr/kernel/libkernel.a(thread.c.obj)
                0x0000000000012b90                z_impl_k_thread_create
 .text.z_dummy_thread_init
                0x0000000000012be8       0x20 zephyr/kernel/libkernel.a(thread.c.obj)
                0x0000000000012be8                z_dummy_thread_init
 .text.z_swap_irqlock
                0x0000000000012c08       0x30 zephyr/kernel/libkernel.a(sched.c.obj)
 .text.ready_thread
                0x0000000000012c38       0x84 zephyr/kernel/libkernel.a(sched.c.obj)
 .text.unready_thread
                0x0000000000012cbc       0x54 zephyr/kernel/libkernel.a(sched.c.obj)
 .text.add_thread_timeout
                0x0000000000012d10       0x1c zephyr/kernel/libkernel.a(sched.c.obj)
 .text.move_thread_to_end_of_prio_q
                0x0000000000012d2c       0x90 zephyr/kernel/libkernel.a(sched.c.obj)
                0x0000000000012d2c                move_thread_to_end_of_prio_q
 .text.z_pend_curr
                0x0000000000012dbc       0x44 zephyr/kernel/libkernel.a(sched.c.obj)
                0x0000000000012dbc                z_pend_curr
 .text.z_thread_prio_set
                0x0000000000012e00       0xe4 zephyr/kernel/libkernel.a(sched.c.obj)
                0x0000000000012e00                z_thread_prio_set
 .text.z_reschedule
                0x0000000000012ee4       0x24 zephyr/kernel/libkernel.a(sched.c.obj)
                0x0000000000012ee4                z_reschedule
 .text.z_reschedule_irqlock
                0x0000000000012f08       0x28 zephyr/kernel/libkernel.a(sched.c.obj)
                0x0000000000012f08                z_reschedule_irqlock
 .text.k_sched_lock
                0x0000000000012f30       0x28 zephyr/kernel/libkernel.a(sched.c.obj)
                0x0000000000012f30                k_sched_lock
 .text.k_sched_unlock
                0x0000000000012f58       0x68 zephyr/kernel/libkernel.a(sched.c.obj)
                0x0000000000012f58                k_sched_unlock
 .text.z_sched_init
                0x0000000000012fc0       0x10 zephyr/kernel/libkernel.a(sched.c.obj)
                0x0000000000012fc0                z_sched_init
 .text.z_impl_k_yield
                0x0000000000012fd0       0x88 zephyr/kernel/libkernel.a(sched.c.obj)
                0x0000000000012fd0                z_impl_k_yield
 .text.z_tick_sleep
                0x0000000000013058       0x78 zephyr/kernel/libkernel.a(sched.c.obj)
 .text.z_impl_k_wakeup
                0x00000000000130d0       0x48 zephyr/kernel/libkernel.a(sched.c.obj)
                0x00000000000130d0                z_impl_k_wakeup
 .text.z_impl_k_sched_current_thread_query
                0x0000000000013118        0xc zephyr/kernel/libkernel.a(sched.c.obj)
                0x0000000000013118                z_impl_k_sched_current_thread_query
 .text.z_thread_abort
                0x0000000000013124      0x140 zephyr/kernel/libkernel.a(sched.c.obj)
                0x0000000000013124                z_thread_abort
 .text.z_sched_wait
                0x0000000000013264       0x24 zephyr/kernel/libkernel.a(sched.c.obj)
                0x0000000000013264                z_sched_wait
 .text.slice_timeout
                0x0000000000013288       0x20 zephyr/kernel/libkernel.a(timeslicing.c.obj)
 .text.thread_is_sliceable
                0x00000000000132a8       0x3c zephyr/kernel/libkernel.a(timeslicing.c.obj)
                0x00000000000132a8                thread_is_sliceable
 .text.z_reset_time_slice
                0x00000000000132e4       0x50 zephyr/kernel/libkernel.a(timeslicing.c.obj)
                0x00000000000132e4                z_reset_time_slice
 .text.z_time_slice
                0x0000000000013334       0x60 zephyr/kernel/libkernel.a(timeslicing.c.obj)
                0x0000000000013334                z_time_slice
 .text.first    0x0000000000013394       0x10 zephyr/kernel/libkernel.a(timeout.c.obj)
 .text.elapsed  0x00000000000133a4       0x14 zephyr/kernel/libkernel.a(timeout.c.obj)
 .text.remove_timeout
                0x00000000000133b8       0x38 zephyr/kernel/libkernel.a(timeout.c.obj)
 .text.z_add_timeout
                0x00000000000133f0      0x120 zephyr/kernel/libkernel.a(timeout.c.obj)
                0x00000000000133f0                z_add_timeout
 .text.sys_clock_announce
                0x0000000000013510       0xbc zephyr/kernel/libkernel.a(timeout.c.obj)
                0x0000000000013510                sys_clock_announce
 .text.sys_clock_tick_get
                0x00000000000135cc       0x30 zephyr/kernel/libkernel.a(timeout.c.obj)
                0x00000000000135cc                sys_clock_tick_get
 .text.z_timer_expiration_handler
                0x00000000000135fc      0x110 zephyr/kernel/libkernel.a(timer.c.obj)
                0x00000000000135fc                z_timer_expiration_handler
 .text.z_impl_k_timer_start
                0x000000000001370c       0x70 zephyr/kernel/libkernel.a(timer.c.obj)
                0x000000000001370c                z_impl_k_timer_start
 .text.z_impl_k_poll_signal_raise
                0x000000000001377c       0x50 zephyr/kernel/libkernel.a(poll.c.obj)
                0x000000000001377c                z_impl_k_poll_signal_raise
 .text.z_thread_alloc_helper
                0x00000000000137cc       0x38 zephyr/kernel/libkernel.a(mempool.c.obj)
 .text.k_malloc
                0x0000000000013804       0x14 zephyr/kernel/libkernel.a(mempool.c.obj)
                0x0000000000013804                k_malloc
 .text.k_thread_system_pool_assign
                0x0000000000013818        0xc zephyr/kernel/libkernel.a(mempool.c.obj)
                0x0000000000013818                k_thread_system_pool_assign
 .text.z_thread_malloc
                0x0000000000013824       0x10 zephyr/kernel/libkernel.a(mempool.c.obj)
                0x0000000000013824                z_thread_malloc
 .text.k_sys_work_q_init
                0x0000000000013834       0x2c zephyr/kernel/libkernel.a(system_work_q.c.obj)
 .text.snprintf
                0x0000000000013860       0x58 /home/goaty/ncs/toolchains/43683a87ea/opt/zephyr-sdk/arm-zephyr-eabi/bin/../lib/gcc/../../picolibc/arm-zephyr-eabi/lib/thumb/v8-m.main/nofp/libc.a(libc_tinystdio_snprintf.c.o)
                0x0000000000013860                snprintf
 .text.sscanf   0x00000000000138b8       0x40 /home/goaty/ncs/toolchains/43683a87ea/opt/zephyr-sdk/arm-zephyr-eabi/bin/../lib/gcc/../../picolibc/arm-zephyr-eabi/lib/thumb/v8-m.main/nofp/libc.a(libc_tinystdio_sscanf.c.o)
                0x00000000000138b8                sscanf
 .text.strtol   0x00000000000138f8       0xec /home/goaty/ncs/toolchains/43683a87ea/opt/zephyr-sdk/arm-zephyr-eabi/bin/../lib/gcc/../../picolibc/arm-zephyr-eabi/lib/thumb/v8-m.main/nofp/libc.a(libc_tinystdio_strtol.c.o)
                0x00000000000138f8                strtol
 .text.strtoll  0x00000000000139e4      0x120 /home/goaty/ncs/toolchains/43683a87ea/opt/zephyr-sdk/arm-zephyr-eabi/bin/../lib/gcc/../../picolibc/arm-zephyr-eabi/lib/thumb/v8-m.main/nofp/libc.a(libc_tinystdio_strtoll.c.o)
                0x00000000000139e4                strtoll
 .text.strtoul  0x0000000000013b04       0xcc /home/goaty/ncs/toolchains/43683a87ea/opt/zephyr-sdk/arm-zephyr-eabi/bin/../lib/gcc/../../picolibc/arm-zephyr-eabi/lib/thumb/v8-m.main/nofp/libc.a(libc_tinystdio_strtoul.c.o)
                0x0000000000013b04                strtoul
 .text.strtoull
                0x0000000000013bd0      0x10c /home/goaty/ncs/toolchains/43683a87ea/opt/zephyr-sdk/arm-zephyr-eabi/bin/../lib/gcc/../../picolibc/arm-zephyr-eabi/lib/thumb/v8-m.main/nofp/libc.a(libc_tinystdio_strtoull.c.o)
                0x0000000000013bd0                strtoull
 .text.__l_vfprintf
                0x0000000000013cdc      0x4b4 /home/goaty/ncs/toolchains/43683a87ea/opt/zephyr-sdk/arm-zephyr-eabi/bin/../lib/gcc/../../picolibc/arm-zephyr-eabi/lib/thumb/v8-m.main/nofp/libc.a(libc_tinystdio_vflprintf.c.o)
                0x0000000000013cdc                __l_vfprintf
 .text.__l_vfscanf
                0x0000000000014190      0x360 /home/goaty/ncs/toolchains/43683a87ea/opt/zephyr-sdk/arm-zephyr-eabi/bin/../lib/gcc/../../picolibc/arm-zephyr-eabi/lib/thumb/v8-m.main/nofp/libc.a(libc_tinystdio_vflscanf.c.o)
                0x0000000000014190                __l_vfscanf
 .text.vsnprintf
                0x00000000000144f0       0x50 /home/goaty/ncs/toolchains/43683a87ea/opt/zephyr-sdk/arm-zephyr-eabi/bin/../lib/gcc/../../picolibc/arm-zephyr-eabi/lib/thumb/v8-m.main/nofp/libc.a(libc_tinystdio_vsnprintf.c.o)
                0x00000000000144f0                vsnprintf
 .text.vsscanf  0x0000000000014540       0x34 /home/goaty/ncs/toolchains/43683a87ea/opt/zephyr-sdk/arm-zephyr-eabi/bin/../lib/gcc/../../picolibc/arm-zephyr-eabi/lib/thumb/v8-m.main/nofp/libc.a(libc_tinystdio_vsscanf.c.o)
                0x0000000000014540                vsscanf
 .text._OffsetAbsSyms
                0x0000000000014574        0x2 zephyr/CMakeFiles/offsets.dir/./arch/arm/core/offsets/offsets.c.obj
                0x0000000000014574                _OffsetAbsSyms
 .text.veml6035_read_reg
                0x0000000000014576       0x48 app/libapp.a(veml6035.c.obj)
 .text.veml6035_write_reg
                0x00000000000145be       0x3a app/libapp.a(veml6035.c.obj)
 .text.veml6035_read_als
                0x00000000000145f8        0x8 app/libapp.a(veml6035.c.obj)
                0x00000000000145f8                veml6035_read_als
 .text.veml6035_shutdown
                0x0000000000014600        0x8 app/libapp.a(veml6035.c.obj)
                0x0000000000014600                veml6035_shutdown
 .text.veml6035_configure
                0x0000000000014608       0x38 app/libapp.a(veml6035.c.obj)
                0x0000000000014608                veml6035_configure
 .text.npm1300_write_reg
                0x0000000000014640       0x3a app/libapp.a(npm1300.c.obj)
 .text.lte_handler
                0x000000000001467a       0x14 app/libapp.a(power_mgr.c.obj)
 .text.payload_encode
                0x000000000001468e       0x16 app/libapp.a(payload.c.obj)
                0x000000000001468e                payload_encode
 .text.z_log_msg_simple_create_0
                0x00000000000146a4        0x4 app/libapp.a(fsm.c.obj)
 .text.k_sleep.isra.0
                0x00000000000146a8        0x4 app/libapp.a(fsm.c.obj)
 .text.chunk_field
                0x00000000000146ac       0x16 zephyr/libzephyr.a(heap.c.obj)
 .text.chunk_set
                0x00000000000146c2       0x16 zephyr/libzephyr.a(heap.c.obj)
 .text.chunk_size
                0x00000000000146d8        0xc zephyr/libzephyr.a(heap.c.obj)
 .text.set_chunk_used
                0x00000000000146e4       0x30 zephyr/libzephyr.a(heap.c.obj)
 .text.set_chunk_size
                0x0000000000014714        0x8 zephyr/libzephyr.a(heap.c.obj)
 .text.mem_to_chunkid
                0x000000000001471c       0x14 zephyr/libzephyr.a(heap.c.obj)
 .text.bucket_idx
                0x0000000000014730       0x1e zephyr/libzephyr.a(heap.c.obj)
 .text.free_list_remove_bidx
                0x000000000001474e       0x5c zephyr/libzephyr.a(heap.c.obj)
 .text.free_list_remove
                0x00000000000147aa       0x2e zephyr/libzephyr.a(heap.c.obj)
 .text.alloc_chunk
                0x00000000000147d8       0x72 zephyr/libzephyr.a(heap.c.obj)
 .text.split_chunks
                0x000000000001484a       0x4e zephyr/libzephyr.a(heap.c.obj)
 .text.merge_chunks
                0x0000000000014898       0x3c zephyr/libzephyr.a(heap.c.obj)
 .text.free_list_add
                0x00000000000148d4       0x84 zephyr/libzephyr.a(heap.c.obj)
 .text.free_chunk
                0x0000000000014958       0x84 zephyr/libzephyr.a(heap.c.obj)
 .text.sys_heap_free
                0x00000000000149dc       0x24 zephyr/libzephyr.a(heap.c.obj)
                0x00000000000149dc                sys_heap_free
 .text.sys_heap_alloc
                0x0000000000014a00       0x76 zephyr/libzephyr.a(heap.c.obj)
                0x0000000000014a00                sys_heap_alloc
 .text.sys_heap_noalign_alloc
                0x0000000000014a76        0x6 zephyr/libzephyr.a(heap.c.obj)
                0x0000000000014a76                sys_heap_noalign_alloc
 .text.sys_heap_init
                0x0000000000014a7c       0xb0 zephyr/libzephyr.a(heap.c.obj)
                0x0000000000014a7c                sys_heap_init
 .text.cbpprintf_external
                0x0000000000014b2c       0x62 zephyr/libzephyr.a(cbprintf_packaged.c.obj)
                0x0000000000014b2c                cbpprintf_external
 .text.is_ptr   0x0000000000014b8e       0x4a zephyr/libzephyr.a(cbprintf_packaged.c.obj)
                0x0000000000014b8e                is_ptr
 .text.arch_printk_char_out
                0x0000000000014bd8        0x4 zephyr/libzephyr.a(printk.c.obj)