Archive member included to satisfy reference by file (symbol)

platform/libplatform_s.a(system_nrf91.o)
                              secure_fw/CMakeFiles/tfm_s.dir/__/platform/ext/target/nordic_nrf/common/core/startup.o (SystemInit)
platform/libplatform_s.a(exception_info.o)
                              secure_fw/CMakeFiles/tfm_s.dir/__/platform/ext/target/nordic_nrf/common/core/startup_nrf91.o (store_and_dump_context)
platform/libplatform_s.a(tfm_hal_spm_logdev_peripheral.o)
                              platform/libplatform_s.a(exception_info.o) (tfm_hal_output_spm_log)
platform/libplatform_s.a(uart_stdout.o)
                              platform/libplatform_s.a(tfm_hal_spm_logdev_peripheral.o) (stdio_output_string)
platform/libplatform_s.a(Driver_USART.o)
                              platform/libplatform_s.a(uart_stdout.o) (Driver_USART1)
platform/libplatform_s.a(nrfx_uarte.o)
                              platform/libplatform_s.a(Driver_USART.o) (nrfx_uarte_init)
platform/libplatform_s.a(nrfx_glue.o)
                              platform/libplatform_s.a(nrfx_uarte.o) (nrfx_critical_section_enter)
secure_fw/partitions/lib/runtime/libtfm_sprt.a(crt_memmove.o)
                              platform/libplatform_s.a(nrfx_uarte.o) (memmove)
secure_fw/partitions/lib/runtime/libtfm_sprt.a(crt_memcpy.o)
                              platform/libplatform_s.a(exception_info.o) (memcpy)
secure_fw/partitions/lib/runtime/libtfm_sprt.a(crt_memset.o)
                              /home/goaty/ncs/toolchains/43683a87ea/opt/zephyr-sdk/arm-zephyr-eabi/bin/../lib/gcc/arm-zephyr-eabi/12.2.0/../../../../arm-zephyr-eabi/lib/thumb/v8-m.main/nofp/crt0.o (memset)
secure_fw/partitions/lib/runtime/libtfm_sprt.a(psa_interface_sfn.o)
                              secure_fw/CMakeFiles/tfm_s.dir/partitions/ns_agent_tz/psa_api_veneers_v80m.o (psa_framework_version)
secure_fw/spm/libtfm_spm.a(utilities.o)
                              secure_fw/CMakeFiles/tfm_s.dir/__/platform/ext/target/nordic_nrf/common/core/startup.o (tfm_core_panic)
secure_fw/spm/libtfm_spm.a(spm_log.o)
                              platform/libplatform_s.a(exception_info.o) (spm_log_msgval)
secure_fw/spm/libtfm_spm.a(main.o)
                              /home/goaty/ncs/toolchains/43683a87ea/opt/zephyr-sdk/arm-zephyr-eabi/bin/../lib/gcc/arm-zephyr-eabi/12.2.0/../../../../arm-zephyr-eabi/lib/thumb/v8-m.main/nofp/crt0.o (main)
secure_fw/spm/libtfm_spm.a(spm_ipc.o)
                              secure_fw/spm/libtfm_spm.a(main.o) (tfm_spm_init)
secure_fw/spm/libtfm_spm.a(rom_loader.o)
                              secure_fw/spm/libtfm_spm.a(spm_ipc.o) (load_a_partition_assuredly)
secure_fw/spm/libtfm_spm.a(psa_api.o)
                              secure_fw/partitions/lib/runtime/libtfm_sprt.a(psa_interface_sfn.o) (spm_handle_programmer_errors)
secure_fw/spm/libtfm_spm.a(psa_call_api.o)
                              secure_fw/partitions/lib/runtime/libtfm_sprt.a(psa_interface_sfn.o) (tfm_spm_client_psa_call)
secure_fw/spm/libtfm_spm.a(psa_version_api.o)
                              secure_fw/partitions/lib/runtime/libtfm_sprt.a(psa_interface_sfn.o) (tfm_spm_client_psa_framework_version)
secure_fw/spm/libtfm_spm.a(psa_read_write_skip_api.o)
                              secure_fw/partitions/lib/runtime/libtfm_sprt.a(psa_interface_sfn.o) (tfm_spm_partition_psa_read)
secure_fw/spm/libtfm_spm.a(backend_sfn.o)
                              secure_fw/partitions/lib/runtime/libtfm_sprt.a(psa_interface_sfn.o) (p_current_partition)
secure_fw/spm/libtfm_spm.a(tfm_spm_ns_ctx.o)
                              secure_fw/spm/libtfm_spm.a(backend_sfn.o) (tz_ns_agent_register_client_id_range)
secure_fw/spm/libtfm_spm.a(spm_local_connection.o)
                              secure_fw/spm/libtfm_spm.a(spm_ipc.o) (connection_to_handle)
secure_fw/spm/libtfm_spm.a(tfm_arch_v8m_main.o)
                              secure_fw/spm/libtfm_spm.a(main.o) (tfm_arch_set_secure_exception_priorities)
secure_fw/spm/libtfm_spm.a(ns_agent_tz_v80m.o)
                              secure_fw/CMakeFiles/tfm_s.dir/partitions/ns_agent_tz/load_info_ns_agent_tz.o (ns_agent_tz_main)
secure_fw/spm/libtfm_spm.a(tfm_hal_isolation.o)
                              secure_fw/spm/libtfm_spm.a(spm_ipc.o) (tfm_hal_bind_boundary)
secure_fw/spm/libtfm_spm.a(tfm_hal_platform_common.o)
                              secure_fw/spm/libtfm_spm.a(tfm_spm_ns_ctx.o) (tfm_hal_get_ns_VTOR)
secure_fw/spm/libtfm_spm.a(faults.o)
                              secure_fw/CMakeFiles/tfm_s.dir/__/platform/ext/target/nordic_nrf/common/core/startup_nrf91.o (SPU_IRQHandler)
secure_fw/spm/libtfm_spm.a(target_cfg.o)
                              secure_fw/spm/libtfm_spm.a(tfm_hal_platform_common.o) (enable_fault_handlers)
secure_fw/spm/libtfm_spm.a(target_cfg_53_91.o)
                              secure_fw/spm/libtfm_spm.a(tfm_hal_platform_common.o) (init_debug)
secure_fw/spm/libtfm_spm.a(secure_peripherals_defs.o)
[...]
Memory Configuration

Name             Origin             Length             Attributes
FLASH            0x0000000000000000 0x0000000000008000 xr
RAM              0x0000000020000000 0x0000000000008000 rw
*default*        0x0000000000000000 0xffffffffffffffff

Linker script and memory map

LOAD /home/goaty/ncs/toolchains/43683a87ea/opt/zephyr-sdk/arm-zephyr-eabi/bin/../lib/gcc/arm-zephyr-eabi/12.2.0/thumb/v8-m.main/nofp/crti.o
LOAD /home/goaty/ncs/toolchains/43683a87ea/opt/zephyr-sdk/arm-zephyr-eabi/bin/../lib/gcc/arm-zephyr-eabi/12.2.0/thumb/v8-m.main/nofp/crtbegin.o
LOAD /home/goaty/ncs/toolchains/43683a87ea/opt/zephyr-sdk/arm-zephyr-eabi/bin/../lib/gcc/arm-zephyr-eabi/12.2.0/../../../../arm-zephyr-eabi/lib/thumb/v8-m.main/nofp/crt0.o
LOAD secure_fw/CMakeFiles/tfm_s.dir/partitions/ns_agent_tz/psa_api_veneers_v80m.o
LOAD secure_fw/CMakeFiles/tfm_s.dir/__/platform/ext/target/nordic_nrf/common/core/startup.o
LOAD secure_fw/CMakeFiles/tfm_s.dir/__/platform/ext/target/nordic_nrf/common/core/startup_nrf91.o
LOAD secure_fw/CMakeFiles/tfm_s.dir/__/platform/ext/common/faults.o
LOAD secure_fw/CMakeFiles/tfm_s.dir/__/generated/secure_fw/partitions/crypto/auto_generated/load_info_tfm_crypto.o
LOAD secure_fw/CMakeFiles/tfm_s.dir/__/generated/secure_fw/partitions/platform/auto_generated/load_info_tfm_platform.o
LOAD secure_fw/CMakeFiles/tfm_s.dir/partitions/ns_agent_tz/load_info_ns_agent_tz.o
LOAD secure_fw/CMakeFiles/tfm_s.dir/__/platform/ext/common/syscalls_stub.o
LOAD secure_fw/CMakeFiles/tfm_s.dir/__/lib/tfm_vprintf/src/tfm_vprintf.o
LOAD platform/libplatform_s.a
LOAD secure_fw/partitions/lib/runtime/libtfm_sprt.a
LOAD secure_fw/spm/libtfm_spm.a
LOAD secure_fw/partitions/crypto/libtfm_psa_rot_partition_crypto.a
LOAD platform/libplatform_crypto_keys.a
LOAD secure_fw/partitions/crypto/mbedcrypto/nrf_security_src/libcrypto_service_mbedcrypto.a
LOAD secure_fw/partitions/platform/libtfm_psa_rot_partition_platform.a
LOAD secure_fw/partitions/lib/runtime/libtfm_sp_log.a
LOAD secure_fw/partitions/crypto/mbedcrypto/nrf_security_src/libmbedcrypto_base.a
LOAD secure_fw/partitions/crypto/mbedcrypto/nrf_security_src/core/nrf_oberon/libpsa_core.a
LOAD secure_fw/partitions/crypto/mbedcrypto/nrf_security_src/libnrf_security_utils.a
LOAD secure_fw/partitions/crypto/mbedcrypto/nrf_security_src/drivers/nrf_oberon/liboberon_psa_driver.a
LOAD /home/goaty/Desktop/Tech/nrfxlib/crypto/nrf_oberon/lib/cortex-m33/soft-float/liboberon_mbedtls_3.0.17.a
LOAD platform/libplatform_s.a
LOAD secure_fw/partitions/lib/runtime/libtfm_sprt.a
LOAD secure_fw/spm/libtfm_spm.a
LOAD secure_fw/partitions/crypto/libtfm_psa_rot_partition_crypto.a
LOAD platform/libplatform_crypto_keys.a
LOAD secure_fw/partitions/crypto/mbedcrypto/nrf_security_src/libcrypto_service_mbedcrypto.a
LOAD secure_fw/partitions/platform/libtfm_psa_rot_partition_platform.a
LOAD secure_fw/partitions/lib/runtime/libtfm_sp_log.a
LOAD secure_fw/partitions/crypto/mbedcrypto/nrf_security_src/libmbedcrypto_base.a
LOAD secure_fw/partitions/crypto/mbedcrypto/nrf_security_src/core/nrf_oberon/libpsa_core.a
LOAD secure_fw/partitions/crypto/mbedcrypto/nrf_security_src/libnrf_security_utils.a
LOAD secure_fw/partitions/crypto/mbedcrypto/nrf_security_src/drivers/nrf_oberon/liboberon_psa_driver.a
LOAD /home/goaty/Desktop/Tech/nrfxlib/crypto/nrf_oberon/lib/cortex-m33/soft-float/liboberon_mbedtls_3.0.17.a
LOAD platform/libplatform_s.a
LOAD secure_fw/partitions/lib/runtime/libtfm_sprt.a
LOAD secure_fw/spm/libtfm_spm.a
LOAD secure_fw/partitions/crypto/libtfm_psa_rot_partition_crypto.a
LOAD platform/libplatform_crypto_keys.a
LOAD secure_fw/partitions/crypto/mbedcrypto/nrf_security_src/libcrypto_service_mbedcrypto.a
LOAD secure_fw/partitions/platform/libtfm_psa_rot_partition_platform.a
LOAD secure_fw/partitions/lib/runtime/libtfm_sp_log.a
LOAD secure_fw/partitions/crypto/mbedcrypto/nrf_security_src/libmbedcrypto_base.a
LOAD secure_fw/partitions/crypto/mbedcrypto/nrf_security_src/core/nrf_oberon/libpsa_core.a
LOAD secure_fw/partitions/crypto/mbedcrypto/nrf_security_src/libnrf_security_utils.a
LOAD secure_fw/partitions/crypto/mbedcrypto/nrf_security_src/drivers/nrf_oberon/liboberon_psa_driver.a
LOAD /home/goaty/Desktop/Tech/nrfxlib/crypto/nrf_oberon/lib/cortex-m33/soft-float/liboberon_mbedtls_3.0.17.a
LOAD /home/goaty/Desktop/Tech/nrfxlib/crypto/nrf_cc310_platform/lib/cortex-m33/soft-float/no-interrupts/libnrf_cc310_platform_0.9.19.a
LOAD /home/goaty/Desktop/Tech/nrfxlib/crypto/nrf_oberon/lib/cortex-m33/soft-float/liboberon_3.0.17.a
START GROUP
LOAD /home/goaty/ncs/toolchains/43683a87ea/opt/zephyr-sdk/arm-zephyr-eabi/bin/../lib/gcc/arm-zephyr-eabi/12.2.0/thumb/v8-m.main/nofp/libgcc.a
LOAD /home/goaty/ncs/toolchains/43683a87ea/opt/zephyr-sdk/arm-zephyr-eabi/bin/../lib/gcc/arm-zephyr-eabi/12.2.0/../../../../arm-zephyr-eabi/lib/thumb/v8-m.main/nofp/libc_nano.a
END GROUP
START GROUP
LOAD /home/goaty/ncs/toolchains/43683a87ea/opt/zephyr-sdk/arm-zephyr-eabi/bin/../lib/gcc/arm-zephyr-eabi/12.2.0/thumb/v8-m.main/nofp/libgcc.a
LOAD /home/goaty/ncs/toolchains/43683a87ea/opt/zephyr-sdk/arm-zephyr-eabi/bin/../lib/gcc/arm-zephyr-eabi/12.2.0/../../../../arm-zephyr-eabi/lib/thumb/v8-m.main/nofp/libc_nano.a
LOAD /home/goaty/ncs/toolchains/43683a87ea/opt/zephyr-sdk/arm-zephyr-eabi/bin/../lib/gcc/arm-zephyr-eabi/12.2.0/../../../../arm-zephyr-eabi/lib/thumb/v8-m.main/nofp/libnosys.a
END GROUP
START GROUP
LOAD /home/goaty/ncs/toolchains/43683a87ea/opt/zephyr-sdk/arm-zephyr-eabi/bin/../lib/gcc/arm-zephyr-eabi/12.2.0/thumb/v8-m.main/nofp/libgcc.a
LOAD /home/goaty/ncs/toolchains/43683a87ea/opt/zephyr-sdk/arm-zephyr-eabi/bin/../lib/gcc/arm-zephyr-eabi/12.2.0/../../../../arm-zephyr-eabi/lib/thumb/v8-m.main/nofp/libc_nano.a
LOAD /home/goaty/ncs/toolchains/43683a87ea/opt/zephyr-sdk/arm-zephyr-eabi/bin/../lib/gcc/arm-zephyr-eabi/12.2.0/../../../../arm-zephyr-eabi/lib/thumb/v8-m.main/nofp/libnosys.a
END GROUP
LOAD /home/goaty/ncs/toolchains/43683a87ea/opt/zephyr-sdk/arm-zephyr-eabi/bin/../lib/gcc/arm-zephyr-eabi/12.2.0/thumb/v8-m.main/nofp/crtend.o
LOAD /home/goaty/ncs/toolchains/43683a87ea/opt/zephyr-sdk/arm-zephyr-eabi/bin/../lib/gcc/arm-zephyr-eabi/12.2.0/thumb/v8-m.main/nofp/crtn.o
                0x0000000000000800                __msp_stack_size__ = 0x800
                0x0000000000000000                Image$$PT_RO_START$$Base = ADDR (.TFM_VECTORS)

.TFM_VECTORS    0x0000000000000000      0x144
                0x0000000000000000                __vectors_start__ = .
 *(.vectors)
 .vectors       0x0000000000000000      0x144 secure_fw/CMakeFiles/tfm_s.dir/__/platform/ext/target/nordic_nrf/common/core/startup_nrf91.o
                0x0000000000000000                __Vectors
                0x0000000000000144                . = ALIGN (0x4)
                0x0000000000000144                __vectors_end__ = .
                0x0000000000000001                ASSERT ((__vectors_start__ != __vectors_end__), .vectors should not be empty)
                0x0000000000000001                ASSERT ((. <= (ADDR (.TFM_VECTORS) + 0x144)), .TFM_VECTORS section size overflow.)
                0x0000000000000144                . = (ADDR (.TFM_VECTORS) + 0x144)

.TFM_SP_LOAD_LIST
                0x0000000000000144       0xd4
 *(.part_load_priority_00)
 .part_load_priority_00
                0x0000000000000144       0x38 secure_fw/CMakeFiles/tfm_s.dir/partitions/ns_agent_tz/load_info_ns_agent_tz.o
                0x0000000000000144                tfm_sp_ns_agent_tz_load
 *(.part_load_priority_01)
 *(.part_load_priority_02)
 .part_load_priority_02
                0x000000000000017c       0x50 secure_fw/CMakeFiles/tfm_s.dir/__/generated/secure_fw/partitions/crypto/auto_generated/load_info_tfm_crypto.o
                0x000000000000017c                tfm_sp_crypto_load
 .part_load_priority_02
                0x00000000000001cc       0x4c secure_fw/CMakeFiles/tfm_s.dir/__/generated/secure_fw/partitions/platform/auto_generated/load_info_tfm_platform.o
                0x00000000000001cc                tfm_sp_platform_load
 *(.part_load_priority_03)
                0x0000000000000144                Image$$TFM_SP_LOAD_LIST$$RO$$Base = ADDR (.TFM_SP_LOAD_LIST)
                0x0000000000000218                Image$$TFM_SP_LOAD_LIST$$RO$$Limit = (ADDR (.TFM_SP_LOAD_LIST) + SIZEOF (.TFM_SP_LOAD_LIST))
                0x0000000000000220                . = ALIGN (0x20)
                0x0000000000000220                Image$$TFM_PSA_CODE_START$$Base = .

.TFM_PSA_ROT_LINKER
                0x0000000000000220      0x6e0
 *tfm_psa_rot_partition*:(SORT_BY_ALIGNMENT(.text*))
 .text.tfm_crypto_clear_scratch
                0x0000000000000220       0x20 secure_fw/partitions/crypto/libtfm_psa_rot_partition_crypto.a(crypto_init.o)
 .text.tfm_crypto_sfn
                0x0000000000000240      0x22c secure_fw/partitions/crypto/libtfm_psa_rot_partition_crypto.a(crypto_init.o)
                0x0000000000000240                tfm_crypto_sfn
 .text.tfm_crypto_init_alloc
                0x000000000000046c       0x14 secure_fw/partitions/crypto/libtfm_psa_rot_partition_crypto.a(crypto_alloc.o)
                0x000000000000046c                tfm_crypto_init_alloc
 .text.tfm_crypto_library_get_info
                0x0000000000000480       0x1c secure_fw/partitions/crypto/libtfm_psa_rot_partition_crypto.a(crypto_library.o)
                0x0000000000000480                tfm_crypto_library_get_info
 .text.tfm_crypto_core_library_init
                0x000000000000049c       0x1c secure_fw/partitions/crypto/libtfm_psa_rot_partition_crypto.a(crypto_library.o)
                0x000000000000049c                tfm_crypto_core_library_init
 .text.tfm_crypto_init
                0x00000000000004b8       0x1c secure_fw/partitions/crypto/libtfm_psa_rot_partition_crypto.a(crypto_init.o)
                0x00000000000004b8                tfm_crypto_init
 .text.tfm_crypto_cipher_interface
                0x00000000000004d4        0x6 secure_fw/partitions/crypto/libtfm_psa_rot_partition_crypto.a(crypto_cipher.o)
                0x00000000000004d4                tfm_crypto_cipher_interface
 .text.tfm_crypto_hash_interface
                0x00000000000004da        0x6 secure_fw/partitions/crypto/libtfm_psa_rot_partition_crypto.a(crypto_hash.o)
                0x00000000000004da                tfm_crypto_hash_interface
 .text.tfm_crypto_mac_interface
                0x00000000000004e0        0x6 secure_fw/partitions/crypto/libtfm_psa_rot_partition_crypto.a(crypto_mac.o)
                0x00000000000004e0                tfm_crypto_mac_interface
 .text.tfm_crypto_aead_interface
                0x00000000000004e6        0x6 secure_fw/partitions/crypto/libtfm_psa_rot_partition_crypto.a(crypto_aead.o)
                0x00000000000004e6                tfm_crypto_aead_interface
 .text.tfm_crypto_asymmetric_sign_interface
                0x00000000000004ec        0x6 secure_fw/partitions/crypto/libtfm_psa_rot_partition_crypto.a(crypto_asymmetric.o)
                0x00000000000004ec                tfm_crypto_asymmetric_sign_interface
 .text.tfm_crypto_asymmetric_encrypt_interface
                0x00000000000004f2        0x6 secure_fw/partitions/crypto/libtfm_psa_rot_partition_crypto.a(crypto_asymmetric.o)
                0x00000000000004f2                tfm_crypto_asymmetric_encrypt_interface
 .text.tfm_crypto_key_derivation_interface
                0x00000000000004f8        0x6 secure_fw/partitions/crypto/libtfm_psa_rot_partition_crypto.a(crypto_key_derivation.o)
                0x00000000000004f8                tfm_crypto_key_derivation_interface
 .text.tfm_crypto_key_management_interface
                0x00000000000004fe        0x6 secure_fw/partitions/crypto/libtfm_psa_rot_partition_crypto.a(crypto_key_management.o)
                0x00000000000004fe                tfm_crypto_key_management_interface
 .text.tfm_crypto_random_interface
                0x0000000000000504        0x8 secure_fw/partitions/crypto/libtfm_psa_rot_partition_crypto.a(crypto_rng.o)
                0x0000000000000504                tfm_crypto_random_interface
 .text.null_printf
                0x000000000000050c        0x8 secure_fw/partitions/crypto/libtfm_psa_rot_partition_crypto.a(crypto_library.o)
 .text.tfm_crypto_pake_interface
                0x0000000000000514        0x6 secure_fw/partitions/crypto/libtfm_psa_rot_partition_crypto.a(crypto_pake.o)
                0x0000000000000514                tfm_crypto_pake_interface
 .text.tfm_platform_service_sfn
                0x000000000000051a      0x114 secure_fw/partitions/platform/libtfm_psa_rot_partition_platform.a(platform_sp.o)
                0x000000000000051a                tfm_platform_service_sfn
 .text.platform_sp_init
                0x000000000000062e        0x4 secure_fw/partitions/platform/libtfm_psa_rot_partition_platform.a(platform_sp.o)
                0x000000000000062e                platform_sp_init
 *tfm_psa_rot_partition*:(SORT_BY_ALIGNMENT(.rodata*))
 .rodata.tfm_crypto_library_get_info.str1.1
                0x0000000000000632        0xf secure_fw/partitions/crypto/libtfm_psa_rot_partition_crypto.a(crypto_library.o)
 *tfm_*partition_crypto.*:(SORT_BY_ALIGNMENT(.text*))
 *tfm_*partition_crypto.*:(SORT_BY_ALIGNMENT(.rodata*))
 *mbedcrypto.*:(SORT_BY_ALIGNMENT(.text*))
 *fill*         0x0000000000000641        0x3 
 .text.verify_header
                0x0000000000000644       0x40 secure_fw/partitions/crypto/mbedcrypto/nrf_security_src/libcrypto_service_mbedcrypto.a(memory_buffer_alloc.o)
 .text.verify_chain
                0x0000000000000684       0x3c secure_fw/partitions/crypto/mbedcrypto/nrf_security_src/libcrypto_service_mbedcrypto.a(memory_buffer_alloc.o)
 .text.buffer_alloc_calloc
                0x00000000000006c0       0xf4 secure_fw/partitions/crypto/mbedcrypto/nrf_security_src/libcrypto_service_mbedcrypto.a(memory_buffer_alloc.o)
 .text.buffer_alloc_free
                0x00000000000007b4       0xe8 secure_fw/partitions/crypto/mbedcrypto/nrf_security_src/libcrypto_service_mbedcrypto.a(memory_buffer_alloc.o)
 .text.mbedtls_memory_buffer_alloc_init
                0x000000000000089c       0x64 secure_fw/partitions/crypto/mbedcrypto/nrf_security_src/libcrypto_service_mbedcrypto.a(memory_buffer_alloc.o)
                0x000000000000089c                mbedtls_memory_buffer_alloc_init
 *mbedcrypto.*:(SORT_BY_ALIGNMENT(.rodata*))
 *mbedtls*acceleration.*:(SORT_BY_ALIGNMENT(.text*))
 *mbedtls*acceleration.*:(SORT_BY_ALIGNMENT(.rodata*))
 *(TFM_SP_CRYPTO_PSA-ROT_ATTR_FN)
 *tfm_*partition_platform.*:(SORT_BY_ALIGNMENT(.text*))
 *tfm_*partition_platform.*:(SORT_BY_ALIGNMENT(.rodata*))
 *(TFM_SP_PLATFORM_PSA-ROT_ATTR_FN)
 *(TFM_*_PSA-ROT_ATTR_FN)
                0x0000000000000900                . = ALIGN (0x20)
                0x0000000000000220                Image$$TFM_PSA_ROT_LINKER$$RO$$Base = ADDR (.TFM_PSA_ROT_LINKER)
                0x0000000000000900                Image$$TFM_PSA_ROT_LINKER$$RO$$Limit = (ADDR (.TFM_PSA_ROT_LINKER) + SIZEOF (.TFM_PSA_ROT_LINKER))
                0x0000000000000220                Image$$TFM_PSA_ROT_LINKER$$Base = ADDR (.TFM_PSA_ROT_LINKER)
                0x0000000000000900                Image$$TFM_PSA_ROT_LINKER$$Limit = (ADDR (.TFM_PSA_ROT_LINKER) + SIZEOF (.TFM_PSA_ROT_LINKER))
                0x0000000000000900                Image$$TFM_PSA_CODE_END$$Base = .
                0x0000000000000900                Image$$TFM_APP_CODE_START$$Base = .

.TFM_APP_ROT_LINKER
                0x0000000000000900        0x0
 *tfm_app_rot_partition*:(SORT_BY_ALIGNMENT(.text*))
 *tfm_app_rot_partition*:(SORT_BY_ALIGNMENT(.rodata*))
 *(TFM_*_APP-ROT_ATTR_FN)
                0x0000000000000900                . = ALIGN (0x20)
                0x0000000000000900                Image$$TFM_APP_ROT_LINKER$$RO$$Base = ADDR (.TFM_APP_ROT_LINKER)
                0x0000000000000900                Image$$TFM_APP_ROT_LINKER$$RO$$Limit = (ADDR (.TFM_APP_ROT_LINKER) + SIZEOF (.TFM_APP_ROT_LINKER))
                0x0000000000000900                Image$$TFM_APP_ROT_LINKER$$Base = ADDR (.TFM_APP_ROT_LINKER)
                0x0000000000000900                Image$$TFM_APP_ROT_LINKER$$Limit = (ADDR (.TFM_APP_ROT_LINKER) + SIZEOF (.TFM_APP_ROT_LINKER))
                0x0000000000000900                Image$$TFM_APP_CODE_END$$Base = .

.ARM.extab
 *(.ARM.extab* .gnu.linkonce.armextab.*)
                0x0000000000000900                __exidx_start = .

.ARM.exidx      0x0000000000000900        0x8
 *(.ARM.exidx* .gnu.linkonce.armexidx.*)
 .ARM.exidx     0x0000000000000900        0x8 /home/goaty/ncs/toolchains/43683a87ea/opt/zephyr-sdk/arm-zephyr-eabi/bin/../lib/gcc/arm-zephyr-eabi/12.2.0/../../../../arm-zephyr-eabi/lib/thumb/v8-m.main/nofp/crt0.o
                                         0x10 (size before relaxing)
                0x0000000000000908                __exidx_end = .

.ER_TFM_CODE    0x0000000000000908     0x2ee3
                0x0000000000000908                . = ALIGN (0x4)
                0x0000000000000908                PROVIDE (__preinit_array_start = .)
 *(.preinit_array)
                0x0000000000000908                PROVIDE (__preinit_array_end = .)
                0x0000000000000908                . = ALIGN (0x4)
                0x0000000000000908                PROVIDE (__init_array_start = .)
 *(SORT_BY_NAME(.init_array.*))
 *(.init_array)
 .init_array    0x0000000000000908        0x4 /home/goaty/ncs/toolchains/43683a87ea/opt/zephyr-sdk/arm-zephyr-eabi/bin/../lib/gcc/arm-zephyr-eabi/12.2.0/thumb/v8-m.main/nofp/crtbegin.o
                0x000000000000090c                PROVIDE (__init_array_end = .)
                0x000000000000090c                . = ALIGN (0x4)
                [!provide]                        PROVIDE (__fini_array_start = .)
 *(SORT_BY_NAME(.fini_array.*))
 *(.fini_array)
 .fini_array    0x000000000000090c        0x4 /home/goaty/ncs/toolchains/43683a87ea/opt/zephyr-sdk/arm-zephyr-eabi/bin/../lib/gcc/arm-zephyr-eabi/12.2.0/thumb/v8-m.main/nofp/crtbegin.o
                [!provide]                        PROVIDE (__fini_array_end = .)
                0x0000000000000910                . = ALIGN (0x4)
                0x0000000000000910                __copy_table_start__ = .
                0x0000000000000910        0x4 LONG 0x7c40 LOADADDR (.TFM_DATA)
                0x0000000000000914        0x4 LONG 0x20001080 ADDR (.TFM_DATA)
                0x0000000000000918        0x4 LONG 0x66 (SIZEOF (.TFM_DATA) / 0x4)
                0x000000000000091c        0x4 LONG 0x7c40 LOADADDR (.TFM_PSA_ROT_LINKER_DATA)
                0x0000000000000920        0x4 LONG 0x20000c20 ADDR (.TFM_PSA_ROT_LINKER_DATA)
                0x0000000000000924        0x4 LONG 0x0 (SIZEOF (.TFM_PSA_ROT_LINKER_DATA) / 0x4)
                0x0000000000000928        0x4 LONG 0x7c40 LOADADDR (.TFM_APP_ROT_LINKER_DATA)
                0x000000000000092c        0x4 LONG 0x20000c00 ADDR (.TFM_APP_ROT_LINKER_DATA)
                0x0000000000000930        0x4 LONG 0x0 (SIZEOF (.TFM_APP_ROT_LINKER_DATA) / 0x4)
                0x0000000000000934                __copy_table_end__ = .
                0x0000000000000934                . = ALIGN (0x4)
                0x0000000000000934                __zero_table_start__ = .
                0x0000000000000934        0x4 LONG 0x20000c20 ADDR (.TFM_PSA_ROT_LINKER_BSS)
                0x0000000000000938        0x4 LONG 0x118 (SIZEOF (.TFM_PSA_ROT_LINKER_BSS) / 0x4)
                0x000000000000093c        0x4 LONG 0x20000c00 ADDR (.TFM_APP_ROT_LINKER_BSS)
                0x0000000000000940        0x4 LONG 0x8 (SIZEOF (.TFM_APP_ROT_LINKER_BSS) / 0x4)
                0x0000000000000944                __zero_table_end__ = .
 *startup*(.text*)
 .text.default_irq_handler
                0x0000000000000944        0x4 secure_fw/CMakeFiles/tfm_s.dir/__/platform/ext/target/nordic_nrf/common/core/startup.o
                0x0000000000000944                default_irq_handler
 .text.Reset_Handler
                0x0000000000000948       0xa4 secure_fw/CMakeFiles/tfm_s.dir/__/platform/ext/target/nordic_nrf/common/core/startup.o
                0x0000000000000948                Reset_Handler
 .text.default_tfm_IRQHandler
                0x00000000000009ec       0x1c secure_fw/CMakeFiles/tfm_s.dir/__/platform/ext/target/nordic_nrf/common/core/startup_nrf91.o
                0x00000000000009ec                default_tfm_IRQHandler
 .text.NMI_Handler
                0x0000000000000a08        0x6 secure_fw/CMakeFiles/tfm_s.dir/__/platform/ext/target/nordic_nrf/common/core/startup_nrf91.o
                0x0000000000000a08                NMI_Handler
 .text.CRYPTOCELL_IRQHandler
                0x0000000000000a0e        0x6 secure_fw/CMakeFiles/tfm_s.dir/__/platform/ext/target/nordic_nrf/common/core/startup_nrf91.o
                0x0000000000000a0e                CRYPTOCELL_IRQHandler
 .text.DebugMon_Handler
                0x0000000000000a14        0x6 secure_fw/CMakeFiles/tfm_s.dir/__/platform/ext/target/nordic_nrf/common/core/startup_nrf91.o
                0x0000000000000a14                DebugMon_Handler
 .text.PendSV_Handler
                0x0000000000000a1a        0x6 secure_fw/CMakeFiles/tfm_s.dir/__/platform/ext/target/nordic_nrf/common/core/startup_nrf91.o
                0x0000000000000a1a                PendSV_Handler
 .text.SysTick_Handler
                0x0000000000000a20        0x6 secure_fw/CMakeFiles/tfm_s.dir/__/platform/ext/target/nordic_nrf/common/core/startup_nrf91.o
                0x0000000000000a20                SysTick_Handler
 .text.CLOCK_POWER_IRQHandler
                0x0000000000000a26        0x6 secure_fw/CMakeFiles/tfm_s.dir/__/platform/ext/target/nordic_nrf/common/core/startup_nrf91.o
                0x0000000000000a26                CLOCK_POWER_IRQHandler
 .text.SPIM0_SPIS0_TWIM0_TWIS0_UARTE0_IRQHandler
                0x0000000000000a2c        0x6 secure_fw/CMakeFiles/tfm_s.dir/__/platform/ext/target/nordic_nrf/common/core/startup_nrf91.o
                0x0000000000000a2c                SPIM0_SPIS0_TWIM0_TWIS0_UARTE0_IRQHandler
 .text.SPIM1_SPIS1_TWIM1_TWIS1_UARTE1_IRQHandler
                0x0000000000000a32        0x6 secure_fw/CMakeFiles/tfm_s.dir/__/platform/ext/target/nordic_nrf/common/core/startup_nrf91.o
                0x0000000000000a32                SPIM1_SPIS1_TWIM1_TWIS1_UARTE1_IRQHandler
 .text.SPIM2_SPIS2_TWIM2_TWIS2_UARTE2_IRQHandler
                0x0000000000000a38        0x6 secure_fw/CMakeFiles/tfm_s.dir/__/platform/ext/target/nordic_nrf/common/core/startup_nrf91.o
                0x0000000000000a38                SPIM2_SPIS2_TWIM2_TWIS2_UARTE2_IRQHandler
 .text.UARTE3_SPIM3_SPIS3_TWIM3_TWIS3_IRQHandler
                0x0000000000000a3e        0x6 secure_fw/CMakeFiles/tfm_s.dir/__/platform/ext/target/nordic_nrf/common/core/startup_nrf91.o
                0x0000000000000a3e                UARTE3_SPIM3_SPIS3_TWIM3_TWIS3_IRQHandler
 .text.GPIOTE0_IRQHandler
                0x0000000000000a44        0x6 secure_fw/CMakeFiles/tfm_s.dir/__/platform/ext/target/nordic_nrf/common/core/startup_nrf91.o
                0x0000000000000a44                GPIOTE0_IRQHandler
 .text.SAADC_IRQHandler
                0x0000000000000a4a        0x6 secure_fw/CMakeFiles/tfm_s.dir/__/platform/ext/target/nordic_nrf/common/core/startup_nrf91.o
                0x0000000000000a4a                SAADC_IRQHandler
 .text.TIMER0_IRQHandler
                0x0000000000000a50        0x6 secure_fw/CMakeFiles/tfm_s.dir/__/platform/ext/target/nordic_nrf/common/core/startup_nrf91.o
                0x0000000000000a50                TIMER0_IRQHandler
 .text.TIMER1_IRQHandler
                0x0000000000000a56        0x6 secure_fw/CMakeFiles/tfm_s.dir/__/platform/ext/target/nordic_nrf/common/core/startup_nrf91.o
                0x0000000000000a56                TIMER1_IRQHandler
 .text.TIMER2_IRQHandler
                0x0000000000000a5c        0x6 secure_fw/CMakeFiles/tfm_s.dir/__/platform/ext/target/nordic_nrf/common/core/startup_nrf91.o
                0x0000000000000a5c                TIMER2_IRQHandler
 .text.RTC0_IRQHandler
                0x0000000000000a62        0x6 secure_fw/CMakeFiles/tfm_s.dir/__/platform/ext/target/nordic_nrf/common/core/startup_nrf91.o
                0x0000000000000a62                RTC0_IRQHandler
 .text.RTC1_IRQHandler
                0x0000000000000a68        0x6 secure_fw/CMakeFiles/tfm_s.dir/__/platform/ext/target/nordic_nrf/common/core/startup_nrf91.o
                0x0000000000000a68                RTC1_IRQHandler
 .text.WDT_IRQHandler
                0x0000000000000a6e        0x6 secure_fw/CMakeFiles/tfm_s.dir/__/platform/ext/target/nordic_nrf/common/core/startup_nrf91.o
                0x0000000000000a6e                WDT_IRQHandler
 .text.EGU0_IRQHandler
                0x0000000000000a74        0x6 secure_fw/CMakeFiles/tfm_s.dir/__/platform/ext/target/nordic_nrf/common/core/startup_nrf91.o
                0x0000000000000a74                EGU0_IRQHandler
 .text.EGU1_IRQHandler
                0x0000000000000a7a        0x6 secure_fw/CMakeFiles/tfm_s.dir/__/platform/ext/target/nordic_nrf/common/core/startup_nrf91.o
                0x0000000000000a7a                EGU1_IRQHandler
 .text.EGU2_IRQHandler
                0x0000000000000a80        0x6 secure_fw/CMakeFiles/tfm_s.dir/__/platform/ext/target/nordic_nrf/common/core/startup_nrf91.o
                0x0000000000000a80                EGU2_IRQHandler
 .text.EGU3_IRQHandler
                0x0000000000000a86        0x6 secure_fw/CMakeFiles/tfm_s.dir/__/platform/ext/target/nordic_nrf/common/core/startup_nrf91.o
                0x0000000000000a86                EGU3_IRQHandler
 .text.EGU4_IRQHandler
                0x0000000000000a8c        0x6 secure_fw/CMakeFiles/tfm_s.dir/__/platform/ext/target/nordic_nrf/common/core/startup_nrf91.o
                0x0000000000000a8c                EGU4_IRQHandler
 .text.EGU5_IRQHandler
                0x0000000000000a92        0x6 secure_fw/CMakeFiles/tfm_s.dir/__/platform/ext/target/nordic_nrf/common/core/startup_nrf91.o
                0x0000000000000a92                EGU5_IRQHandler
 .text.PWM0_IRQHandler
                0x0000000000000a98        0x6 secure_fw/CMakeFiles/tfm_s.dir/__/platform/ext/target/nordic_nrf/common/core/startup_nrf91.o
                0x0000000000000a98                PWM0_IRQHandler
 .text.PWM1_IRQHandler
                0x0000000000000a9e        0x6 secure_fw/CMakeFiles/tfm_s.dir/__/platform/ext/target/nordic_nrf/common/core/startup_nrf91.o
                0x0000000000000a9e                PWM1_IRQHandler
 .text.PWM2_IRQHandler
                0x0000000000000aa4        0x6 secure_fw/CMakeFiles/tfm_s.dir/__/platform/ext/target/nordic_nrf/common/core/startup_nrf91.o
                0x0000000000000aa4                PWM2_IRQHandler
 .text.PWM3_IRQHandler
                0x0000000000000aaa        0x6 secure_fw/CMakeFiles/tfm_s.dir/__/platform/ext/target/nordic_nrf/common/core/startup_nrf91.o
                0x0000000000000aaa                PWM3_IRQHandler
 .text.PDM_IRQHandler
                0x0000000000000ab0        0x6 secure_fw/CMakeFiles/tfm_s.dir/__/platform/ext/target/nordic_nrf/common/core/startup_nrf91.o
                0x0000000000000ab0                PDM_IRQHandler
 .text.I2S_IRQHandler
                0x0000000000000ab6        0x6 secure_fw/CMakeFiles/tfm_s.dir/__/platform/ext/target/nordic_nrf/common/core/startup_nrf91.o
                0x0000000000000ab6                I2S_IRQHandler
 .text.IPC_IRQHandler
                0x0000000000000abc        0x6 secure_fw/CMakeFiles/tfm_s.dir/__/platform/ext/target/nordic_nrf/common/core/startup_nrf91.o
                0x0000000000000abc                IPC_IRQHandler
 .text.FPU_IRQHandler
                0x0000000000000ac2        0x6 secure_fw/CMakeFiles/tfm_s.dir/__/platform/ext/target/nordic_nrf/common/core/startup_nrf91.o
                0x0000000000000ac2                FPU_IRQHandler
 .text.GPIOTE1_IRQHandler
                0x0000000000000ac8        0x6 secure_fw/CMakeFiles/tfm_s.dir/__/platform/ext/target/nordic_nrf/common/core/startup_nrf91.o
                0x0000000000000ac8                GPIOTE1_IRQHandler
 .text.KMU_IRQHandler
                0x0000000000000ace        0x6 secure_fw/CMakeFiles/tfm_s.dir/__/platform/ext/target/nordic_nrf/common/core/startup_nrf91.o
                0x0000000000000ace                KMU_IRQHandler
 *libplatform_s*:(SORT_BY_ALIGNMENT(.text*))
 .text.uicr_HFXOCNT_erased
                0x0000000000000ad4       0x40 platform/libplatform_s.a(system_nrf91.o)
 .text.uicr_HFXOSRC_erased
                0x0000000000000b14       0x3c platform/libplatform_s.a(system_nrf91.o)
 .text.SystemInit
                0x0000000000000b50      0x17c platform/libplatform_s.a(system_nrf91.o)
                0x0000000000000b50                SystemInit
 .text.tfm_exception_info_get_context
                0x0000000000000ccc        0xc platform/libplatform_s.a(exception_info.o)
                0x0000000000000ccc                tfm_exception_info_get_context
 .text.store_and_dump_context
                0x0000000000000cd8      0x11c platform/libplatform_s.a(exception_info.o)
                0x0000000000000cd8                store_and_dump_context
 .text.stdio_output_string
                0x0000000000000df4       0x28 platform/libplatform_s.a(uart_stdout.o)
                0x0000000000000df4                stdio_output_string
 .text.stdio_init
                0x0000000000000e1c       0x38 platform/libplatform_s.a(uart_stdout.o)
                0x0000000000000e1c                stdio_init
 .text.ARM_USART_GetVersion
                0x0000000000000e54       0x20 platform/libplatform_s.a(Driver_USART.o)
 .text.ARM_USART1_GetTxCount
                0x0000000000000e74        0xc platform/libplatform_s.a(Driver_USART.o)
 .text.ARM_USART1_GetRxCount
                0x0000000000000e80        0xc platform/libplatform_s.a(Driver_USART.o)
 .text.ARM_USART1_Uninitialize
                0x0000000000000e8c       0x10 platform/libplatform_s.a(Driver_USART.o)
 .text.ARM_USART1_Control
                0x0000000000000e9c      0x1b8 platform/libplatform_s.a(Driver_USART.o)
 .text.ARM_USART1_Receive
                0x0000000000001054       0x78 platform/libplatform_s.a(Driver_USART.o)
 .text.ARM_USARTx_Send.constprop.0
                0x00000000000010cc       0x74 platform/libplatform_s.a(Driver_USART.o)
 .text.ARM_USART1_Initialize
                0x0000000000001140       0x30 platform/libplatform_s.a(Driver_USART.o)
 .text.on_rx_disabled
                0x0000000000001170       0x64 platform/libplatform_s.a(nrfx_uarte.o)
 .text.nrfx_coredep_delay_us.part.0
                0x00000000000011d4       0x20 platform/libplatform_s.a(nrfx_uarte.o)
 .text.nrf_gpio_cfg_input.constprop.0
                0x00000000000011f4       0x30 platform/libplatform_s.a(nrfx_uarte.o)
 .text.nrf_gpio_pin_set
                0x0000000000001224       0x18 platform/libplatform_s.a(nrfx_uarte.o)
 .text.nrf_gpio_cfg_output
                0x000000000000123c       0x34 platform/libplatform_s.a(nrfx_uarte.o)
 .text.uarte_configure
                0x0000000000001270      0x16c platform/libplatform_s.a(nrfx_uarte.o)
 .text.nrf_gpio_cfg_default
                0x00000000000013dc       0x34 platform/libplatform_s.a(nrfx_uarte.o)
 .text.rx_abort
                0x0000000000001410      0x118 platform/libplatform_s.a(nrfx_uarte.o)
 .text.nrfx_uarte_init
                0x0000000000001528      0x124 platform/libplatform_s.a(nrfx_uarte.o)
                0x0000000000001528                nrfx_uarte_init
 .text.nrfx_uarte_uninit
                0x000000000000164c       0xb8 platform/libplatform_s.a(nrfx_uarte.o)
                0x000000000000164c                nrfx_uarte_uninit
 .text.nrfx_uarte_rx_enable
                0x0000000000001704      0x104 platform/libplatform_s.a(nrfx_uarte.o)
                0x0000000000001704                nrfx_uarte_rx_enable
 .text.nrfx_critical_section_enter
                0x0000000000001808       0x10 platform/libplatform_s.a(nrfx_glue.o)
                0x0000000000001808                nrfx_critical_section_enter
 .text.nrfx_critical_section_exit
                0x0000000000001818       0x14 platform/libplatform_s.a(nrfx_glue.o)
                0x0000000000001818                nrfx_critical_section_exit
 .text.mpu_armv8m_enable
                0x000000000000182c       0x34 platform/libplatform_s.a(mpu_armv8m_drv.o)
                0x000000000000182c                mpu_armv8m_enable
 .text.spu_enable_interrupts
                0x0000000000001860       0x10 platform/libplatform_s.a(spu.o)
                0x0000000000001860                spu_enable_interrupts
 .text.spu_events_get
                0x0000000000001870       0x28 platform/libplatform_s.a(spu.o)
                0x0000000000001870                spu_events_get
 .text.spu_clear_events
                0x0000000000001898       0x24 platform/libplatform_s.a(spu.o)
                0x0000000000001898                spu_clear_events
 .text.spu_regions_reset_unlocked_secure
                0x00000000000018bc       0x30 platform/libplatform_s.a(spu.o)
                0x00000000000018bc                spu_regions_reset_unlocked_secure
 .text.spu_regions_flash_config
                0x00000000000018ec       0x2c platform/libplatform_s.a(spu.o)
                0x00000000000018ec                spu_regions_flash_config
 .text.spu_regions_sram_config
                0x0000000000001918       0x34 platform/libplatform_s.a(spu.o)
                0x0000000000001918                spu_regions_sram_config
 .text.spu_regions_flash_config_non_secure_callable
                0x000000000000194c       0x30 platform/libplatform_s.a(spu.o)
                0x000000000000194c                spu_regions_flash_config_non_secure_callable
 .text.spu_regions_sram_get_last_address_in_region
                0x000000000000197c        0xc platform/libplatform_s.a(spu.o)
                0x000000000000197c                spu_regions_sram_get_last_address_in_region
 .text.spu_peripheral_config_secure
                0x0000000000001988       0x1c platform/libplatform_s.a(spu.o)
                0x0000000000001988                spu_peripheral_config_secure
 .text.spu_peripheral_config_non_secure
                0x00000000000019a4       0x18 platform/libplatform_s.a(spu.o)
                0x00000000000019a4                spu_peripheral_config_non_secure
 .text.nrf_exception_info_store_context
                0x00000000000019bc       0x20 platform/libplatform_s.a(nrf_exception_info.o)
                0x00000000000019bc                nrf_exception_info_store_context
 .text.nrf_exception_info_get_context
                0x00000000000019dc        0xc platform/libplatform_s.a(nrf_exception_info.o)
                0x00000000000019dc                nrf_exception_info_get_context
 .text.tfm_hal_platform_init
                0x00000000000019e8       0x44 platform/libplatform_s.a(tfm_hal_platform.o)
                0x00000000000019e8                tfm_hal_platform_init
 .text.ns_fault_service_set_handler
                0x0000000000001a2c       0x14 platform/libplatform_s.a(ns_fault_service.o)
                0x0000000000001a2c                ns_fault_service_set_handler
 .text.call_ns_callback
                0x0000000000001a40       0xa8 platform/libplatform_s.a(ns_fault_service.o)
                0x0000000000001a40                call_ns_callback
 .text.ns_fault_service_call_handler
                0x0000000000001ae8       0x34 platform/libplatform_s.a(ns_fault_service.o)
                0x0000000000001ae8                ns_fault_service_call_handler
 .text.tfm_platform_hal_system_reset
                0x0000000000001b1c       0x24 platform/libplatform_s.a(tfm_platform_system.o)
                0x0000000000001b1c                tfm_platform_hal_system_reset
 .text.tfm_platform_hal_read_service
                0x0000000000001b40       0xe4 platform/libplatform_s.a(tfm_platform_hal_ioctl.o)
                0x0000000000001b40                tfm_platform_hal_read_service
 .text.nrf91_errata_6
                0x0000000000001c24       0x1e platform/libplatform_s.a(system_nrf91.o)
 .text.nrf91_errata_14
                0x0000000000001c42       0x24 platform/libplatform_s.a(system_nrf91.o)
 .text.tfm_hal_output_spm_log
                0x0000000000001c66        0x4 platform/libplatform_s.a(tfm_hal_spm_logdev_peripheral.o)
                0x0000000000001c66                tfm_hal_output_spm_log
 .text.ARM_USART_GetCapabilities
                0x0000000000001c6a        0x4 platform/libplatform_s.a(Driver_USART.o)
 .text.ARM_USART_Transfer
                0x0000000000001c6e        0x6 platform/libplatform_s.a(Driver_USART.o)
 .text.ARM_USART_GetStatus
                0x0000000000001c74        0x4 platform/libplatform_s.a(Driver_USART.o)
 .text.ARM_USART_SetModemControl
                0x0000000000001c78        0x6 platform/libplatform_s.a(Driver_USART.o)
 .text.ARM_USART_GetModemStatus
                0x0000000000001c7e        0x4 platform/libplatform_s.a(Driver_USART.o)
 .text.ARM_USART1_PowerControl
                0x0000000000001c82        0xc platform/libplatform_s.a(Driver_USART.o)
 .text.ARM_USART1_Send
                0x0000000000001c8e        0x4 platform/libplatform_s.a(Driver_USART.o)
 .text.uart_config_set_uart_pins
                0x0000000000001c92       0x3e platform/libplatform_s.a(Driver_USART.o)
                0x0000000000001c92                uart_config_set_uart_pins
 .text.is_tx_ready
                0x0000000000001cd0       0x1a platform/libplatform_s.a(nrfx_uarte.o)
 .text.user_handler
                0x0000000000001cea       0x22 platform/libplatform_s.a(nrfx_uarte.o)
 .text.user_handler_on_rx_done
                0x0000000000001d0c       0x28 platform/libplatform_s.a(nrfx_uarte.o)
 .text.disable_hw_from_rx
                0x0000000000001d34       0x24 platform/libplatform_s.a(nrfx_uarte.o)
 .text.disable_hw_from_tx
                0x0000000000001d58       0x16 platform/libplatform_s.a(nrfx_uarte.o)
 .text.blocking_tx
                0x0000000000001d6e      0x160 platform/libplatform_s.a(nrfx_uarte.o)
 .text.tx_prepare_start.isra.0
                0x0000000000001ece       0x7e platform/libplatform_s.a(nrfx_uarte.o)
 .text.nrfx_uarte_reconfigure
                0x0000000000001f4c       0x78 platform/libplatform_s.a(nrfx_uarte.o)
                0x0000000000001f4c                nrfx_uarte_reconfigure
 .text.nrfx_uarte_init_check
                0x0000000000001fc4        0xc platform/libplatform_s.a(nrfx_uarte.o)
                0x0000000000001fc4                nrfx_uarte_init_check
 .text.nrfx_uarte_tx
                0x0000000000001fd0      0x110 platform/libplatform_s.a(nrfx_uarte.o)
                0x0000000000001fd0                nrfx_uarte_tx
 .text.nrfx_uarte_tx_abort
                0x00000000000020e0       0x8a platform/libplatform_s.a(nrfx_uarte.o)
                0x00000000000020e0                nrfx_uarte_tx_abort
 .text.nrfx_uarte_rx_buffer_set
                0x000000000000216a      0x154 platform/libplatform_s.a(nrfx_uarte.o)
                0x000000000000216a                nrfx_uarte_rx_buffer_set
 .text.nrfx_uarte_rx_abort
                0x00000000000022be        0x4 platform/libplatform_s.a(nrfx_uarte.o)
                0x00000000000022be                nrfx_uarte_rx_abort
 .text.nrfx_uarte_rx_ready
                0x00000000000022c2       0x3a platform/libplatform_s.a(nrfx_uarte.o)
                0x00000000000022c2                nrfx_uarte_rx_ready
 .text.mpu_armv8m_region_enable
                0x00000000000022fc       0x6a platform/libplatform_s.a(mpu_armv8m_drv.o)
                0x00000000000022fc                mpu_armv8m_region_enable
 .text.mpu_armv8m_region_disable
                0x0000000000002366       0x14 platform/libplatform_s.a(mpu_armv8m_drv.o)
                0x0000000000002366                mpu_armv8m_region_disable
 .text.mpu_armv8m_clean
                0x000000000000237a       0x22 platform/libplatform_s.a(mpu_armv8m_drv.o)
                0x000000000000237a                mpu_armv8m_clean
 .text.spu_regions_flash_get_base_address_in_region
                0x000000000000239c        0x4 platform/libplatform_s.a(spu.o)
                0x000000000000239c                spu_regions_flash_get_base_address_in_region
 .text.spu_regions_flash_get_last_address_in_region
                0x00000000000023a0        0xa platform/libplatform_s.a(spu.o)
                0x00000000000023a0                spu_regions_flash_get_last_address_in_region
 .text.spu_regions_flash_get_start_id
                0x00000000000023aa        0x4 platform/libplatform_s.a(spu.o)
                0x00000000000023aa                spu_regions_flash_get_start_id
 .text.spu_regions_flash_get_last_id
                0x00000000000023ae        0x4 platform/libplatform_s.a(spu.o)
                0x00000000000023ae                spu_regions_flash_get_last_id
 .text.spu_regions_flash_get_region_size
                0x00000000000023b2        0x6 platform/libplatform_s.a(spu.o)
                0x00000000000023b2                spu_regions_flash_get_region_size
 .text.spu_regions_sram_get_base_address_in_region
                0x00000000000023b8        0xa platform/libplatform_s.a(spu.o)
                0x00000000000023b8                spu_regions_sram_get_base_address_in_region
 .text.spu_regions_sram_get_start_id
                0x00000000000023c2        0x4 platform/libplatform_s.a(spu.o)
                0x00000000000023c2                spu_regions_sram_get_start_id
 .text.spu_regions_sram_get_last_id
                0x00000000000023c6        0x4 platform/libplatform_s.a(spu.o)
                0x00000000000023c6                spu_regions_sram_get_last_id
 .text.spu_regions_sram_get_region_size
                0x00000000000023ca        0x6 platform/libplatform_s.a(spu.o)
                0x00000000000023ca                spu_regions_sram_get_region_size
 .text.tfm_plat_otp_init
                0x00000000000023d0        0x4 platform/libplatform_s.a(dummy_otp.o)
                0x00000000000023d0                tfm_plat_otp_init
 .text.tfm_hal_system_halt
                0x00000000000023d4        0xc platform/libplatform_s.a(tfm_hal_reset_halt.o)
                0x00000000000023d4                tfm_hal_system_halt
 .text.tfm_plat_provisioning_is_required
                0x00000000000023e0       0x10 platform/libplatform_s.a(dummy_provisioning.o)
                0x00000000000023e0                tfm_plat_provisioning_is_required
 .text.tfm_plat_provisioning_perform
                0x00000000000023f0        0x4 platform/libplatform_s.a(dummy_provisioning.o)
                0x00000000000023f0                tfm_plat_provisioning_perform
 .text.tfm_plat_provisioning_check_for_dummy_keys
                0x00000000000023f4        0x2 platform/libplatform_s.a(dummy_provisioning.o)
                0x00000000000023f4                tfm_plat_provisioning_check_for_dummy_keys
 .text.tfm_platform_hal_ioctl
                0x00000000000023f6       0x7c platform/libplatform_s.a(tfm_platform_system.o)
                0x00000000000023f6                tfm_platform_hal_ioctl
 .text.tfm_platform_hal_write32_service
                0x0000000000002472       0x2c platform/libplatform_s.a(tfm_platform_hal_ioctl.o)
                0x0000000000002472                tfm_platform_hal_write32_service
 *libtfm_spm*:(SORT_BY_ALIGNMENT(.text*))
 *fill*         0x000000000000249e        0x2 
 .text.spm_log_msgval
                0x00000000000024a0       0x58 secure_fw/spm/libtfm_spm.a(spm_log.o)
                0x00000000000024a0                spm_log_msgval
 .text.startup.main
                0x00000000000024f8       0x7c secure_fw/spm/libtfm_spm.a(main.o)
                0x00000000000024f8                main
 .text.tfm_spm_get_service_by_sid
                0x0000000000002574       0x2c secure_fw/spm/libtfm_spm.a(spm_ipc.o)
                0x0000000000002574                tfm_spm_get_service_by_sid
 .text.tfm_spm_check_authorization
                0x00000000000025a0       0x44 secure_fw/spm/libtfm_spm.a(spm_ipc.o)
                0x00000000000025a0                tfm_spm_check_authorization
 .text.spm_init_idle_connection
                0x00000000000025e4       0x30 secure_fw/spm/libtfm_spm.a(spm_ipc.o)
                0x00000000000025e4                spm_init_idle_connection
 .text.tfm_spm_partition_get_running_partition_id
                0x0000000000002614       0x14 secure_fw/spm/libtfm_spm.a(spm_ipc.o)
                0x0000000000002614                tfm_spm_partition_get_running_partition_id
 .text.tfm_spm_is_ns_caller
                0x0000000000002628       0x20 secure_fw/spm/libtfm_spm.a(spm_ipc.o)
                0x0000000000002628                tfm_spm_is_ns_caller
 .text.spm_get_idle_connection
                0x0000000000002648       0x70 secure_fw/spm/libtfm_spm.a(spm_ipc.o)
                0x0000000000002648                spm_get_idle_connection
 .text.tfm_spm_init
                0x00000000000026b8       0x64 secure_fw/spm/libtfm_spm.a(spm_ipc.o)
                0x00000000000026b8                tfm_spm_init
 .text.load_a_partition_assuredly
                0x000000000000271c      0x120 secure_fw/spm/libtfm_spm.a(rom_loader.o)
                0x000000000000271c                load_a_partition_assuredly
 .text.load_services_assuredly
                0x000000000000283c       0xb4 secure_fw/spm/libtfm_spm.a(rom_loader.o)
                0x000000000000283c                load_services_assuredly
 .text.spm_associate_call_params
                0x00000000000028f0      0x188 secure_fw/spm/libtfm_spm.a(psa_call_api.o)
                0x00000000000028f0                spm_associate_call_params
 .text.tfm_spm_partition_psa_read
                0x0000000000002a78       0x74 secure_fw/spm/libtfm_spm.a(psa_read_write_skip_api.o)
                0x0000000000002a78                tfm_spm_partition_psa_read
 .text.tfm_spm_partition_psa_write
                0x0000000000002aec       0x74 secure_fw/spm/libtfm_spm.a(psa_read_write_skip_api.o)
                0x0000000000002aec                tfm_spm_partition_psa_write
 .text.spm_init_function
                0x0000000000002b60       0x4c secure_fw/spm/libtfm_spm.a(backend_sfn.o)
 .text.backend_messaging
                0x0000000000002bac       0x48 secure_fw/spm/libtfm_spm.a(backend_sfn.o)
                0x0000000000002bac                backend_messaging
 .text.backend_replying
                0x0000000000002bf4       0x10 secure_fw/spm/libtfm_spm.a(backend_sfn.o)
                0x0000000000002bf4                backend_replying
 .text.backend_init_comp_assuredly
                0x0000000000002c04       0x2c secure_fw/spm/libtfm_spm.a(backend_sfn.o)
                0x0000000000002c04                backend_init_comp_assuredly
 .text.backend_system_run
                0x0000000000002c30       0x5c secure_fw/spm/libtfm_spm.a(backend_sfn.o)
                0x0000000000002c30                backend_system_run
 .text.tz_ns_agent_register_client_id_range
                0x0000000000002c8c        0xc secure_fw/spm/libtfm_spm.a(tfm_spm_ns_ctx.o)
                0x0000000000002c8c                tz_ns_agent_register_client_id_range
 .text.tfm_nspm_get_current_client_id
                0x0000000000002c98       0x14 secure_fw/spm/libtfm_spm.a(tfm_spm_ns_ctx.o)
                0x0000000000002c98                tfm_nspm_get_current_client_id
 .text.tfm_nspm_ctx_init
                0x0000000000002cac       0x18 secure_fw/spm/libtfm_spm.a(tfm_spm_ns_ctx.o)
                0x0000000000002cac                tfm_nspm_ctx_init
 .text.SVC_Handler
                0x0000000000002cc4       0x68 secure_fw/spm/libtfm_spm.a(tfm_arch_v8m_main.o)
                0x0000000000002cc4                SVC_Handler
 .text.tfm_arch_set_secure_exception_priorities
                0x0000000000002d2c       0x28 secure_fw/spm/libtfm_spm.a(tfm_arch_v8m_main.o)
                0x0000000000002d2c                tfm_arch_set_secure_exception_priorities
 .text.ns_agent_tz_main
                0x0000000000002d54       0x30 secure_fw/spm/libtfm_spm.a(ns_agent_tz_v80m.o)
                0x0000000000002d54                ns_agent_tz_main
 .text.tfm_hal_bind_boundary
                0x0000000000002d84       0x78 secure_fw/spm/libtfm_spm.a(tfm_hal_isolation.o)
                0x0000000000002d84                tfm_hal_bind_boundary
 .text.mpu_init_cfg
                0x0000000000002dfc       0xf0 secure_fw/spm/libtfm_spm.a(tfm_hal_isolation.o)
                0x0000000000002dfc                mpu_init_cfg
 .text.tfm_hal_get_ns_VTOR
                0x0000000000002eec        0xc secure_fw/spm/libtfm_spm.a(tfm_hal_platform_common.o)
                0x0000000000002eec                tfm_hal_get_ns_VTOR
 .text.tfm_hal_get_ns_MSP
                0x0000000000002ef8        0xc secure_fw/spm/libtfm_spm.a(tfm_hal_platform_common.o)
                0x0000000000002ef8                tfm_hal_get_ns_MSP
 .text.tfm_hal_get_ns_entry_point
                0x0000000000002f04        0xc secure_fw/spm/libtfm_spm.a(tfm_hal_platform_common.o)
                0x0000000000002f04                tfm_hal_get_ns_entry_point
 .text.SPU_Handler
                0x0000000000002f10       0x3c secure_fw/spm/libtfm_spm.a(faults.o)
                0x0000000000002f10                SPU_Handler
 .text.enable_fault_handlers
                0x0000000000002f4c       0x14 secure_fw/spm/libtfm_spm.a(target_cfg.o)
                0x0000000000002f4c                enable_fault_handlers
 .text.system_reset_cfg
                0x0000000000002f60       0x18 secure_fw/spm/libtfm_spm.a(target_cfg.o)
                0x0000000000002f60                system_reset_cfg
 .text.sau_and_idau_cfg
                0x0000000000002f78       0x20 secure_fw/spm/libtfm_spm.a(target_cfg_53_91.o)
                0x0000000000002f78                sau_and_idau_cfg
 .text.spu_init_cfg
                0x0000000000002f98       0x74 secure_fw/spm/libtfm_spm.a(target_cfg_53_91.o)
                0x0000000000002f98                spu_init_cfg
 .text.spu_periph_init_cfg
                0x000000000000300c       0x54 secure_fw/spm/libtfm_spm.a(target_cfg_53_91.o)
                0x000000000000300c                spu_periph_init_cfg
 .text.nvic_interrupt_target_state_cfg
                0x0000000000003060       0x40 secure_fw/spm/libtfm_spm.a(target_cfg_53_91.o)
                0x0000000000003060                nvic_interrupt_target_state_cfg
 .text.nvic_interrupt_enable
                0x00000000000030a0       0x18 secure_fw/spm/libtfm_spm.a(target_cfg_53_91.o)
                0x00000000000030a0                nvic_interrupt_enable
 .text.tfm_core_validate_boot_data
                0x00000000000030b8        0xc secure_fw/spm/libtfm_spm.a(tfm_boot_data.o)
                0x00000000000030b8                tfm_core_validate_boot_data
 .text.tfm_core_get_boot_data_handler
                0x00000000000030c4       0x34 secure_fw/spm/libtfm_spm.a(tfm_boot_data.o)
                0x00000000000030c4                tfm_core_get_boot_data_handler
 .text.spm_svc_handler
                0x00000000000030f8       0x88 secure_fw/spm/libtfm_spm.a(tfm_svcalls.o)
                0x00000000000030f8                spm_svc_handler
 .text.tfm_core_panic
                0x0000000000003180        0x4 secure_fw/spm/libtfm_spm.a(utilities.o)
                0x0000000000003180                tfm_core_panic
 .text.tfm_spm_check_client_version
                0x0000000000003184       0x24 secure_fw/spm/libtfm_spm.a(spm_ipc.o)
                0x0000000000003184                tfm_spm_check_client_version
 .text.spm_msg_handle_to_connection
                0x00000000000031a8       0x28 secure_fw/spm/libtfm_spm.a(spm_ipc.o)
                0x00000000000031a8                spm_msg_handle_to_connection
 .text.tfm_spm_get_client_id
                0x00000000000031d0       0x20 secure_fw/spm/libtfm_spm.a(spm_ipc.o)
                0x00000000000031d0                tfm_spm_get_client_id
 .text.load_irqs_assuredly
                0x00000000000031f0        0x2 secure_fw/spm/libtfm_spm.a(rom_loader.o)
                0x00000000000031f0                load_irqs_assuredly
 .text.spm_handle_programmer_errors
                0x00000000000031f2       0x18 secure_fw/spm/libtfm_spm.a(psa_api.o)
                0x00000000000031f2                spm_handle_programmer_errors
 .text.tfm_spm_partition_psa_reply
                0x000000000000320a       0xbc secure_fw/spm/libtfm_spm.a(psa_api.o)
                0x000000000000320a                tfm_spm_partition_psa_reply
 .text.tfm_spm_partition_psa_panic
                0x00000000000032c6        0xc secure_fw/spm/libtfm_spm.a(psa_api.o)
                0x00000000000032c6                tfm_spm_partition_psa_panic
 .text.tfm_spm_client_psa_call
                0x00000000000032d2       0x54 secure_fw/spm/libtfm_spm.a(psa_call_api.o)
                0x00000000000032d2                tfm_spm_client_psa_call
 .text.tfm_spm_client_psa_framework_version
                0x0000000000003326        0x6 secure_fw/spm/libtfm_spm.a(psa_version_api.o)
                0x0000000000003326                tfm_spm_client_psa_framework_version
 .text.tfm_spm_client_psa_version
                0x000000000000332c       0x2c secure_fw/spm/libtfm_spm.a(psa_version_api.o)
                0x000000000000332c                tfm_spm_client_psa_version
 .text.connection_to_handle
                0x0000000000003358        0x6 secure_fw/spm/libtfm_spm.a(spm_local_connection.o)
                0x0000000000003358                connection_to_handle
 .text.handle_to_connection
                0x000000000000335e       0x12 secure_fw/spm/libtfm_spm.a(spm_local_connection.o)
                0x000000000000335e                handle_to_connection
 .text.spm_init_connection_space
                0x0000000000003370        0x2 secure_fw/spm/libtfm_spm.a(spm_local_connection.o)
                0x0000000000003370                spm_init_connection_space
 .text.spm_allocate_connection
                0x0000000000003372        0xe secure_fw/spm/libtfm_spm.a(spm_local_connection.o)
                0x0000000000003372                spm_allocate_connection
 .text.spm_validate_connection
                0x0000000000003380        0x4 secure_fw/spm/libtfm_spm.a(spm_local_connection.o)
                0x0000000000003380                spm_validate_connection
 .text.spm_free_connection
                0x0000000000003384        0xc secure_fw/spm/libtfm_spm.a(spm_local_connection.o)
                0x0000000000003384                spm_free_connection
 .text.tfm_arch_config_extensions
                0x0000000000003390        0x2 secure_fw/spm/libtfm_spm.a(tfm_arch_v8m_main.o)
                0x0000000000003390                tfm_arch_config_extensions
 .text.tfm_hal_memory_check
                0x0000000000003392      0x132 secure_fw/spm/libtfm_spm.a(tfm_hal_isolation.o)
                0x0000000000003392                tfm_hal_memory_check
 .text.tfm_hal_set_up_static_boundaries
                0x00000000000034c4       0x2a secure_fw/spm/libtfm_spm.a(tfm_hal_isolation.o)
                0x00000000000034c4                tfm_hal_set_up_static_boundaries
 .text.tfm_hal_platform_common_init
                0x00000000000034ee       0x36 secure_fw/spm/libtfm_spm.a(tfm_hal_platform_common.o)
                0x00000000000034ee                tfm_hal_platform_common_init
 .text.SPU_IRQHandler
                0x0000000000003524       0x1c secure_fw/spm/libtfm_spm.a(faults.o)
                0x0000000000003524                SPU_IRQHandler
 .text.init_debug
                0x0000000000003540        0x2 secure_fw/spm/libtfm_spm.a(target_cfg_53_91.o)
                0x0000000000003540                init_debug
 .text.tfm_arch_free_msp_and_exc_ret
                0x0000000000003542        0x8 secure_fw/spm/libtfm_spm.a(tfm_arch.o)
                0x0000000000003542                tfm_arch_free_msp_and_exc_ret
 .text.arch_clean_stack_and_launch
                0x000000000000354a       0x18 secure_fw/spm/libtfm_spm.a(tfm_arch.o)
                0x000000000000354a                arch_clean_stack_and_launch
 *libplatform_s*:*(.rodata*)
 .rodata.store_and_dump_context.str1.1
                0x0000000000003562       0x8b platform/libplatform_s.a(exception_info.o)
 *fill*         0x00000000000035ed        0x3 
 .rodata.Driver_USART1
                0x00000000000035f0       0x38 platform/libplatform_s.a(Driver_USART.o)
                0x00000000000035f0                Driver_USART1
 .rodata.UART1_pins
                0x0000000000003628       0x10 platform/libplatform_s.a(Driver_USART.o)
 .rodata.DriverVersion
                0x0000000000003638        0x4 platform/libplatform_s.a(Driver_USART.o)
 *fill*         0x000000000000363c        0x4 
 .rodata.delay_machine_code.0
                0x0000000000003640        0x6 platform/libplatform_s.a(nrfx_uarte.o)
 .rodata.nrf_exception_info_store_context.str1.1
                0x0000000000003646       0x16 platform/libplatform_s.a(nrf_exception_info.o)
 .rodata.tfm_hal_platform_init.str1.1
                0x000000000000365c       0x2e platform/libplatform_s.a(tfm_hal_platform.o)
 *fill*         0x000000000000368a        0x2 
 .rodata.ranges
                0x000000000000368c       0x20 platform/libplatform_s.a(tfm_platform_hal_ioctl.o)
 *libtfm_spm*:*(.rodata*)
 .rodata.HEX_TABLE
                0x00000000000036ac       0x10 secure_fw/spm/libtfm_spm.a(spm_log.o)
 .rodata.main.str1.1
                0x00000000000036bc       0x56 secure_fw/spm/libtfm_spm.a(main.o)
 *fill*         0x0000000000003712        0x2 
 .rodata.serv_pool_ea
                0x0000000000003714        0x4 secure_fw/spm/libtfm_spm.a(rom_loader.o)
 .rodata.part_pool_ea
                0x0000000000003718        0x4 secure_fw/spm/libtfm_spm.a(rom_loader.o)
 .rodata.ldinf_ea
                0x000000000000371c        0x4 secure_fw/spm/libtfm_spm.a(rom_loader.o)
 .rodata.memory_regions
                0x0000000000003720       0x1c secure_fw/spm/libtfm_spm.a(target_cfg.o)
                0x0000000000003720                memory_regions
 .rodata.target_peripherals.0
                0x000000000000373c       0x74 secure_fw/spm/libtfm_spm.a(target_cfg_53_91.o)
 .rodata.spm_svc_handler.str1.1
                0x00000000000037b0       0x3b secure_fw/spm/libtfm_spm.a(tfm_svcalls.o)

.glue_7         0x00000000000037ec        0x0
 .glue_7        0x00000000000037ec        0x0 linker stubs

.glue_7t        0x00000000000037ec        0x0
 .glue_7t       0x00000000000037ec        0x0 linker stubs

.vfp11_veneer   0x00000000000037ec        0x0
 .vfp11_veneer  0x00000000000037ec        0x0 linker stubs

.v4_bx          0x00000000000037ec        0x0
 .v4_bx         0x00000000000037ec        0x0 linker stubs

.iplt           0x00000000000037ec        0x0
 .iplt          0x00000000000037ec        0x0 /home/goaty/ncs/toolchains/43683a87ea/opt/zephyr-sdk/arm-zephyr-eabi/bin/../lib/gcc/arm-zephyr-eabi/12.2.0/thumb/v8-m.main/nofp/crtbegin.o

.TFM_UNPRIV_CODE
                0x0000000000003800     0x2640
 *(SORT_BY_ALIGNMENT(.text*))
 .text          0x0000000000003800       0x88 /home/goaty/ncs/toolchains/43683a87ea/opt/zephyr-sdk/arm-zephyr-eabi/bin/../lib/gcc/arm-zephyr-eabi/12.2.0/thumb/v8-m.main/nofp/crtbegin.o
 .text          0x0000000000003888       0x7c /home/goaty/ncs/toolchains/43683a87ea/opt/zephyr-sdk/arm-zephyr-eabi/bin/../lib/gcc/arm-zephyr-eabi/12.2.0/../../../../arm-zephyr-eabi/lib/thumb/v8-m.main/nofp/crt0.o
                0x0000000000003888                _stack_init
                0x0000000000003890                _mainCRTStartup
                0x0000000000003890                _start
 .text.tfm_psa_framework_version_veneer
                0x0000000000003904       0x24 secure_fw/CMakeFiles/tfm_s.dir/partitions/ns_agent_tz/psa_api_veneers_v80m.o
                0x0000000000003904                __acle_se_tfm_psa_framework_version_veneer
 .text.tfm_psa_version_veneer
                0x0000000000003928       0x24 secure_fw/CMakeFiles/tfm_s.dir/partitions/ns_agent_tz/psa_api_veneers_v80m.o
                0x0000000000003928                __acle_se_tfm_psa_version_veneer
 .text.tfm_psa_call_veneer
                0x000000000000394c       0x2c secure_fw/CMakeFiles/tfm_s.dir/partitions/ns_agent_tz/psa_api_veneers_v80m.o
                0x000000000000394c                __acle_se_tfm_psa_call_veneer
 .text.tfm_psa_connect_veneer
                0x0000000000003978       0x1c secure_fw/CMakeFiles/tfm_s.dir/partitions/ns_agent_tz/psa_api_veneers_v80m.o
                0x0000000000003978                __acle_se_tfm_psa_connect_veneer
 .text.tfm_psa_close_veneer
                0x0000000000003994       0x14 secure_fw/CMakeFiles/tfm_s.dir/partitions/ns_agent_tz/psa_api_veneers_v80m.o
                0x0000000000003994                __acle_se_tfm_psa_close_veneer
 .text.tfm_psa_call_pack
                0x00000000000039a8       0x54 secure_fw/partitions/lib/runtime/libtfm_sprt.a(psa_interface_sfn.o)
                0x00000000000039a8                tfm_psa_call_pack
 .text.mbedtls_free
                0x00000000000039fc        0xc secure_fw/partitions/crypto/mbedcrypto/nrf_security_src/core/nrf_oberon/libpsa_core.a(platform.o)
                0x00000000000039fc                mbedtls_free
 .text.mbedtls_platform_set_calloc_free
                0x0000000000003a08       0x14 secure_fw/partitions/crypto/mbedcrypto/nrf_security_src/core/nrf_oberon/libpsa_core.a(platform.o)
                0x0000000000003a08                mbedtls_platform_set_calloc_free
 .text.mbedtls_platform_set_printf
                0x0000000000003a1c        0xc secure_fw/partitions/crypto/mbedcrypto/nrf_security_src/core/nrf_oberon/libpsa_core.a(platform.o)
                0x0000000000003a1c                mbedtls_platform_set_printf
 .text.mbedtls_platform_zeroize
                0x0000000000003a28       0x18 secure_fw/partitions/crypto/mbedcrypto/nrf_security_src/core/nrf_oberon/libpsa_core.a(platform_util.o)
                0x0000000000003a28                mbedtls_platform_zeroize
 .text.mbedcrypto__psa_generate_random
                0x0000000000003a40       0x24 secure_fw/partitions/crypto/mbedcrypto/nrf_security_src/core/nrf_oberon/libpsa_core.a(psa_crypto.o)
                0x0000000000003a40                mbedcrypto__psa_generate_random
 .text.mbedtls_psa_crypto_free
                0x0000000000003a64       0x54 secure_fw/partitions/crypto/mbedcrypto/nrf_security_src/core/nrf_oberon/libpsa_core.a(psa_crypto.o)
                0x0000000000003a64                mbedtls_psa_crypto_free
 .text.mbedcrypto__psa_crypto_init
                0x0000000000003ab8       0x7c secure_fw/partitions/crypto/mbedcrypto/nrf_security_src/core/nrf_oberon/libpsa_core.a(psa_crypto.o)
                0x0000000000003ab8                mbedcrypto__psa_crypto_init
 .text.psa_initialize_key_slots
                0x0000000000003b34       0x10 secure_fw/partitions/crypto/mbedcrypto/nrf_security_src/core/nrf_oberon/libpsa_core.a(psa_crypto_slot_management.o)
                0x0000000000003b34                psa_initialize_key_slots
 .text.psa_wipe_all_key_slots
                0x0000000000003b44       0x34 secure_fw/partitions/crypto/mbedcrypto/nrf_security_src/core/nrf_oberon/libpsa_core.a(psa_crypto_slot_management.o)
                0x0000000000003b44                psa_wipe_all_key_slots
 .text.nrf_cc3xx_platform_init_hmac_drbg
                0x0000000000003b78       0x44 /home/goaty/Desktop/Tech/nrfxlib/crypto/nrf_cc310_platform/lib/cortex-m33/soft-float/no-interrupts/libnrf_cc310_platform_0.9.19.a(nrf_cc3xx_platform.c.obj)
                0x0000000000003b78                nrf_cc3xx_platform_init_hmac_drbg
 .text.nrf_cc3xx_platform_hmac_drbg_init
                0x0000000000003bbc       0x60 /home/goaty/Desktop/Tech/nrfxlib/crypto/nrf_cc310_platform/lib/cortex-m33/soft-float/no-interrupts/libnrf_cc310_platform_0.9.19.a(nrf_cc3xx_platform_hmac_drbg.c.obj)
                0x0000000000003bbc                nrf_cc3xx_platform_hmac_drbg_init
 .text.nrf_cc3xx_platform_hmac_drbg_get
                0x0000000000003c1c       0x44 /home/goaty/Desktop/Tech/nrfxlib/crypto/nrf_cc310_platform/lib/cortex-m33/soft-float/no-interrupts/libnrf_cc310_platform_0.9.19.a(nrf_cc3xx_platform_hmac_drbg.c.obj)
                0x0000000000003c1c                nrf_cc3xx_platform_hmac_drbg_get
 .text.mbedtls_zeroize_internal
                0x0000000000003c60       0x14 /home/goaty/Desktop/Tech/nrfxlib/crypto/nrf_cc310_platform/lib/cortex-m33/soft-float/no-interrupts/libnrf_cc310_platform_0.9.19.a(mbedtls_common.c.obj)
                0x0000000000003c60                mbedtls_zeroize_internal
 .text.cc_mbedtls_platform_zeroize
                0x0000000000003c74       0x14 /home/goaty/Desktop/Tech/nrfxlib/crypto/nrf_cc310_platform/lib/cortex-m33/soft-float/no-interrupts/libnrf_cc310_platform_0.9.19.a(mbedtls_common.c.obj)
                0x0000000000003c74                cc_mbedtls_platform_zeroize
 .text.entropy_update
                0x0000000000003c88       0x7c /home/goaty/Desktop/Tech/nrfxlib/crypto/nrf_cc310_platform/lib/cortex-m33/soft-float/no-interrupts/libnrf_cc310_platform_0.9.19.a(custom_entropy.c.obj)
 .text.entropy_gather_internal.part.0
                0x0000000000003d04       0x88 /home/goaty/Desktop/Tech/nrfxlib/crypto/nrf_cc310_platform/lib/cortex-m33/soft-float/no-interrupts/libnrf_cc310_platform_0.9.19.a(custom_entropy.c.obj)
 .text.cc_mbedtls_entropy_init
                0x0000000000003d8c       0x84 /home/goaty/Desktop/Tech/nrfxlib/crypto/nrf_cc310_platform/lib/cortex-m33/soft-float/no-interrupts/libnrf_cc310_platform_0.9.19.a(custom_entropy.c.obj)
                0x0000000000003d8c                cc_mbedtls_entropy_init
 .text.cc_mbedtls_entropy_func
                0x0000000000003e10      0x110 /home/goaty/Desktop/Tech/nrfxlib/crypto/nrf_cc310_platform/lib/cortex-m33/soft-float/no-interrupts/libnrf_cc310_platform_0.9.19.a(custom_entropy.c.obj)
                0x0000000000003e10                cc_mbedtls_entropy_func
 .text.cc_hmac_sha256_starts.constprop.0
                0x0000000000003f20      0x108 /home/goaty/Desktop/Tech/nrfxlib/crypto/nrf_cc310_platform/lib/cortex-m33/soft-float/no-interrupts/libnrf_cc310_platform_0.9.19.a(hmac_drbg_alt.c.obj)
 .text.cc_mbedtls_hmac_drbg_init
                0x0000000000004028       0x28 /home/goaty/Desktop/Tech/nrfxlib/crypto/nrf_cc310_platform/lib/cortex-m33/soft-float/no-interrupts/libnrf_cc310_platform_0.9.19.a(hmac_drbg_alt.c.obj)
                0x0000000000004028                cc_mbedtls_hmac_drbg_init
 .text.cc_mbedtls_hmac_drbg_update
                0x0000000000004050      0x170 /home/goaty/Desktop/Tech/nrfxlib/crypto/nrf_cc310_platform/lib/cortex-m33/soft-float/no-interrupts/libnrf_cc310_platform_0.9.19.a(hmac_drbg_alt.c.obj)
                0x0000000000004050                cc_mbedtls_hmac_drbg_update
 .text.cc_hmac_drbg_reseed_core
                0x00000000000041c0       0xac /home/goaty/Desktop/Tech/nrfxlib/crypto/nrf_cc310_platform/lib/cortex-m33/soft-float/no-interrupts/libnrf_cc310_platform_0.9.19.a(hmac_drbg_alt.c.obj)
 .text.cc_mbedtls_hmac_drbg_seed
                0x000000000000426c       0x54 /home/goaty/Desktop/Tech/nrfxlib/crypto/nrf_cc310_platform/lib/cortex-m33/soft-float/no-interrupts/libnrf_cc310_platform_0.9.19.a(hmac_drbg_alt.c.obj)
                0x000000000000426c                cc_mbedtls_hmac_drbg_seed
 .text.cc_mbedtls_hmac_drbg_random_with_add
                0x00000000000042c0      0x144 /home/goaty/Desktop/Tech/nrfxlib/crypto/nrf_cc310_platform/lib/cortex-m33/soft-float/no-interrupts/libnrf_cc310_platform_0.9.19.a(hmac_drbg_alt.c.obj)
                0x00000000000042c0                cc_mbedtls_hmac_drbg_random_with_add
 .text.RndStartupTest.constprop.0
                0x0000000000004404       0x98 /home/goaty/Desktop/Tech/nrfxlib/crypto/nrf_cc310_platform/lib/cortex-m33/soft-float/no-interrupts/libnrf_cc310_platform_0.9.19.a(cc_lib.c.obj)
 .text.CC_LibInit_HMAC_DRBG
                0x000000000000449c       0xc0 /home/goaty/Desktop/Tech/nrfxlib/crypto/nrf_cc310_platform/lib/cortex-m33/soft-float/no-interrupts/libnrf_cc310_platform_0.9.19.a(cc_lib.c.obj)
                0x000000000000449c                CC_LibInit_HMAC_DRBG
 .text.CC_HalInit
                0x000000000000455c        0x4 /home/goaty/Desktop/Tech/nrfxlib/crypto/nrf_cc310_platform/lib/cortex-m33/soft-float/no-interrupts/libnrf_cc310_platform_0.9.19.a(cc_hal.c.obj)
                0x000000000000455c                CC_HalInit
 .text.CC_HalTerminate
                0x0000000000004560        0x4 /home/goaty/Desktop/Tech/nrfxlib/crypto/nrf_cc310_platform/lib/cortex-m33/soft-float/no-interrupts/libnrf_cc310_platform_0.9.19.a(cc_hal.c.obj)
                0x0000000000004560                CC_HalTerminate
 .text.CC_HalClearInterruptBit
                0x0000000000004564       0x1c /home/goaty/Desktop/Tech/nrfxlib/crypto/nrf_cc310_platform/lib/cortex-m33/soft-float/no-interrupts/libnrf_cc310_platform_0.9.19.a(cc_hal.c.obj)
                0x0000000000004564                CC_HalClearInterruptBit
 .text.CC_HalMaskInterrupt
                0x0000000000004580        0xc /home/goaty/Desktop/Tech/nrfxlib/crypto/nrf_cc310_platform/lib/cortex-m33/soft-float/no-interrupts/libnrf_cc310_platform_0.9.19.a(cc_hal.c.obj)
                0x0000000000004580                CC_HalMaskInterrupt
 .text.CC_HalWaitInterrupt
                0x000000000000458c        0xc /home/goaty/Desktop/Tech/nrfxlib/crypto/nrf_cc310_platform/lib/cortex-m33/soft-float/no-interrupts/libnrf_cc310_platform_0.9.19.a(cc_hal.c.obj)
                0x000000000000458c                CC_HalWaitInterrupt
 .text.CC_HalWaitInterruptRND
                0x0000000000004598        0xc /home/goaty/Desktop/Tech/nrfxlib/crypto/nrf_cc310_platform/lib/cortex-m33/soft-float/no-interrupts/libnrf_cc310_platform_0.9.19.a(cc_hal.c.obj)
                0x0000000000004598                CC_HalWaitInterruptRND
 .text.CC_PalInit
                0x00000000000045a4       0x5c /home/goaty/Desktop/Tech/nrfxlib/crypto/nrf_cc310_platform/lib/cortex-m33/soft-float/no-interrupts/libnrf_cc310_platform_0.9.19.a(cc_pal.c.obj)
                0x00000000000045a4                CC_PalInit
 .text.CC_PalTerminate
                0x0000000000004600       0x34 /home/goaty/Desktop/Tech/nrfxlib/crypto/nrf_cc310_platform/lib/cortex-m33/soft-float/no-interrupts/libnrf_cc310_platform_0.9.19.a(cc_pal.c.obj)
                0x0000000000004600                CC_PalTerminate
 .text.CC_PalDmaInit
                0x0000000000004634        0x4 /home/goaty/Desktop/Tech/nrfxlib/crypto/nrf_cc310_platform/lib/cortex-m33/soft-float/no-interrupts/libnrf_cc310_platform_0.9.19.a(cc_pal_dma.c.obj)
                0x0000000000004634                CC_PalDmaInit
 .text.CC_PalDmaTerminate
                0x0000000000004638        0x4 /home/goaty/Desktop/Tech/nrfxlib/crypto/nrf_cc310_platform/lib/cortex-m33/soft-float/no-interrupts/libnrf_cc310_platform_0.9.19.a(cc_pal_dma.c.obj)
                0x0000000000004638                CC_PalDmaTerminate
 .text.CC_PalWaitInterruptRND
                0x000000000000463c       0x2c /home/goaty/Desktop/Tech/nrfxlib/crypto/nrf_cc310_platform/lib/cortex-m33/soft-float/no-interrupts/libnrf_cc310_platform_0.9.19.a(cc_pal_interrupt_ctrl.c.obj)
                0x000000000000463c                CC_PalWaitInterruptRND
 .text.CC_PalWaitInterrupt
                0x0000000000004668       0x18 /home/goaty/Desktop/Tech/nrfxlib/crypto/nrf_cc310_platform/lib/cortex-m33/soft-float/no-interrupts/libnrf_cc310_platform_0.9.19.a(cc_pal_interrupt_ctrl.c.obj)
                0x0000000000004668                CC_PalWaitInterrupt
 .text.CC_PalMemCopyPlat
                0x0000000000004680        0x4 /home/goaty/Desktop/Tech/nrfxlib/crypto/nrf_cc310_platform/lib/cortex-m33/soft-float/no-interrupts/libnrf_cc310_platform_0.9.19.a(cc_pal_mem.c.obj)
                0x0000000000004680                CC_PalMemCopyPlat
 .text.CC_PalMemSetZeroPlat
                0x0000000000004684        0x8 /home/goaty/Desktop/Tech/nrfxlib/crypto/nrf_cc310_platform/lib/cortex-m33/soft-float/no-interrupts/libnrf_cc310_platform_0.9.19.a(cc_pal_mem.c.obj)
                0x0000000000004684                CC_PalMemSetZeroPlat
 .text.CC_PalMutexCreate
                0x000000000000468c       0x14 /home/goaty/Desktop/Tech/nrfxlib/crypto/nrf_cc310_platform/lib/cortex-m33/soft-float/no-interrupts/libnrf_cc310_platform_0.9.19.a(cc_pal_mutex.c.obj)
                0x000000000000468c                CC_PalMutexCreate
 .text.CC_PalMutexDestroy
                0x00000000000046a0       0x14 /home/goaty/Desktop/Tech/nrfxlib/crypto/nrf_cc310_platform/lib/cortex-m33/soft-float/no-interrupts/libnrf_cc310_platform_0.9.19.a(cc_pal_mutex.c.obj)
                0x00000000000046a0                CC_PalMutexDestroy
 .text.CC_PalMutexLock
                0x00000000000046b4       0x10 /home/goaty/Desktop/Tech/nrfxlib/crypto/nrf_cc310_platform/lib/cortex-m33/soft-float/no-interrupts/libnrf_cc310_platform_0.9.19.a(cc_pal_mutex.c.obj)
                0x00000000000046b4                CC_PalMutexLock
 .text.CC_PalMutexUnlock
                0x00000000000046c4       0x14 /home/goaty/Desktop/Tech/nrfxlib/crypto/nrf_cc310_platform/lib/cortex-m33/soft-float/no-interrupts/libnrf_cc310_platform_0.9.19.a(cc_pal_mutex.c.obj)
                0x00000000000046c4                CC_PalMutexUnlock
 .text.CC_PalPowerSaveModeInit
                0x00000000000046d8       0x3c /home/goaty/Desktop/Tech/nrfxlib/crypto/nrf_cc310_platform/lib/cortex-m33/soft-float/no-interrupts/libnrf_cc310_platform_0.9.19.a(cc_pal_pm.c.obj)
                0x00000000000046d8                CC_PalPowerSaveModeInit
 .text.CC_PalPowerSaveModeSelect
                0x0000000000004714       0x84 /home/goaty/Desktop/Tech/nrfxlib/crypto/nrf_cc310_platform/lib/cortex-m33/soft-float/no-interrupts/libnrf_cc310_platform_0.9.19.a(cc_pal_pm.c.obj)
                0x0000000000004714                CC_PalPowerSaveModeSelect
 .text.mutex_init
                0x0000000000004798        0xc /home/goaty/Desktop/Tech/nrfxlib/crypto/nrf_cc310_platform/lib/cortex-m33/soft-float/no-interrupts/libnrf_cc310_platform_0.9.19.a(threading_alt.c.obj)
                0x0000000000004798                mutex_init
 .text.mutex_lock
                0x00000000000047a4        0xc /home/goaty/Desktop/Tech/nrfxlib/crypto/nrf_cc310_platform/lib/cortex-m33/soft-float/no-interrupts/libnrf_cc310_platform_0.9.19.a(threading_alt.c.obj)
                0x00000000000047a4                mutex_lock
 .text.mutex_unlock
                0x00000000000047b0        0xc /home/goaty/Desktop/Tech/nrfxlib/crypto/nrf_cc310_platform/lib/cortex-m33/soft-float/no-interrupts/libnrf_cc310_platform_0.9.19.a(threading_alt.c.obj)
                0x00000000000047b0                mutex_unlock
 .text.nrf_cc3xx_platform_abort
                0x00000000000047bc       0x24 /home/goaty/Desktop/Tech/nrfxlib/crypto/nrf_cc310_platform/lib/cortex-m33/soft-float/no-interrupts/libnrf_cc310_platform_0.9.19.a(nrf_cc3xx_platform_abort.c.obj)
 .text.CC_PalAbort
                0x00000000000047e0       0x34 /home/goaty/Desktop/Tech/nrfxlib/crypto/nrf_cc310_platform/lib/cortex-m33/soft-float/no-interrupts/libnrf_cc310_platform_0.9.19.a(nrf_cc3xx_platform_abort.c.obj)
                0x00000000000047e0                CC_PalAbort
 .text.mutex_free
                0x0000000000004814       0x34 /home/goaty/Desktop/Tech/nrfxlib/crypto/nrf_cc310_platform/lib/cortex-m33/soft-float/no-interrupts/libnrf_cc310_platform_0.9.19.a(nrf_cc3xx_platform_mutex.c.obj)
 .text.mutex_lock
                0x0000000000004848       0x48 /home/goaty/Desktop/Tech/nrfxlib/crypto/nrf_cc310_platform/lib/cortex-m33/soft-float/no-interrupts/libnrf_cc310_platform_0.9.19.a(nrf_cc3xx_platform_mutex.c.obj)
 .text.mutex_unlock
                0x0000000000004890       0x38 /home/goaty/Desktop/Tech/nrfxlib/crypto/nrf_cc310_platform/lib/cortex-m33/soft-float/no-interrupts/libnrf_cc310_platform_0.9.19.a(nrf_cc3xx_platform_mutex.c.obj)
 .text.mutex_init
                0x00000000000048c8       0x20 /home/goaty/Desktop/Tech/nrfxlib/crypto/nrf_cc310_platform/lib/cortex-m33/soft-float/no-interrupts/libnrf_cc310_platform_0.9.19.a(nrf_cc3xx_platform_mutex.c.obj)
 .text.startTrngHW
                0x00000000000048e8      0x140 /home/goaty/Desktop/Tech/nrfxlib/crypto/nrf_cc310_platform/lib/cortex-m33/soft-float/no-interrupts/libnrf_cc310_platform_0.9.19.a(llf_rnd_trng90b.c.obj)
 .text.LLF_RND_RepetitionCounterTest
                0x0000000000004a28       0x64 /home/goaty/Desktop/Tech/nrfxlib/crypto/nrf_cc310_platform/lib/cortex-m33/soft-float/no-interrupts/libnrf_cc310_platform_0.9.19.a(llf_rnd_trng90b.c.obj)
                0x0000000000004a28                LLF_RND_RepetitionCounterTest
 .text.LLF_RND_AdaptiveProportionTest
                0x0000000000004a8c       0x80 /home/goaty/Desktop/Tech/nrfxlib/crypto/nrf_cc310_platform/lib/cortex-m33/soft-float/no-interrupts/libnrf_cc310_platform_0.9.19.a(llf_rnd_trng90b.c.obj)
                0x0000000000004a8c                LLF_RND_AdaptiveProportionTest
 .text.getTrngSource
                0x0000000000004b0c      0x2b4 /home/goaty/Desktop/Tech/nrfxlib/crypto/nrf_cc310_platform/lib/cortex-m33/soft-float/no-interrupts/libnrf_cc310_platform_0.9.19.a(llf_rnd_trng90b.c.obj)
 .text.LLF_RND_GetTrngSource
                0x0000000000004dc0       0x18 /home/goaty/Desktop/Tech/nrfxlib/crypto/nrf_cc310_platform/lib/cortex-m33/soft-float/no-interrupts/libnrf_cc310_platform_0.9.19.a(llf_rnd_trng90b.c.obj)
                0x0000000000004dc0                LLF_RND_GetTrngSource
 .text.LLF_RND_RunTrngStartupTest
                0x0000000000004dd8       0x1c /home/goaty/Desktop/Tech/nrfxlib/crypto/nrf_cc310_platform/lib/cortex-m33/soft-float/no-interrupts/libnrf_cc310_platform_0.9.19.a(llf_rnd_trng90b.c.obj)
                0x0000000000004dd8                LLF_RND_RunTrngStartupTest
 .text.mbedtls_hardware_poll
                0x0000000000004df4       0xfc /home/goaty/Desktop/Tech/nrfxlib/crypto/nrf_cc310_platform/lib/cortex-m33/soft-float/no-interrupts/libnrf_cc310_platform_0.9.19.a(trng_api.c.obj)
                0x0000000000004df4                mbedtls_hardware_poll
 .text.cc_mbedtls_sha256_init
                0x0000000000004ef0       0x28 /home/goaty/Desktop/Tech/nrfxlib/crypto/nrf_cc310_platform/lib/cortex-m33/soft-float/no-interrupts/libnrf_cc310_platform_0.9.19.a(sha256_alt.c.obj)
                0x0000000000004ef0                cc_mbedtls_sha256_init
 .text.cc_mbedtls_sha256_free
                0x0000000000004f18        0xc /home/goaty/Desktop/Tech/nrfxlib/crypto/nrf_cc310_platform/lib/cortex-m33/soft-float/no-interrupts/libnrf_cc310_platform_0.9.19.a(sha256_alt.c.obj)
                0x0000000000004f18                cc_mbedtls_sha256_free
 .text.cc_mbedtls_sha256_starts
                0x0000000000004f24       0x28 /home/goaty/Desktop/Tech/nrfxlib/crypto/nrf_cc310_platform/lib/cortex-m33/soft-float/no-interrupts/libnrf_cc310_platform_0.9.19.a(sha256_alt.c.obj)
                0x0000000000004f24                cc_mbedtls_sha256_starts
 .text.cc_mbedtls_sha256_update
                0x0000000000004f4c       0x54 /home/goaty/Desktop/Tech/nrfxlib/crypto/nrf_cc310_platform/lib/cortex-m33/soft-float/no-interrupts/libnrf_cc310_platform_0.9.19.a(sha256_alt.c.obj)
                0x0000000000004f4c                cc_mbedtls_sha256_update
 .text.cc_mbedtls_sha256_finish
                0x0000000000004fa0       0x48 /home/goaty/Desktop/Tech/nrfxlib/crypto/nrf_cc310_platform/lib/cortex-m33/soft-float/no-interrupts/libnrf_cc310_platform_0.9.19.a(sha256_alt.c.obj)
                0x0000000000004fa0                cc_mbedtls_sha256_finish
 .text.mbedtls_sha_starts_internal
                0x0000000000004fe8       0x28 /home/goaty/Desktop/Tech/nrfxlib/crypto/nrf_cc310_platform/lib/cortex-m33/soft-float/no-interrupts/libnrf_cc310_platform_0.9.19.a(mbedtls_hash_common.c.obj)
                0x0000000000004fe8                mbedtls_sha_starts_internal
 .text.mbedtls_sha_finish_internal
                0x0000000000005010       0x5c /home/goaty/Desktop/Tech/nrfxlib/crypto/nrf_cc310_platform/lib/cortex-m33/soft-float/no-interrupts/libnrf_cc310_platform_0.9.19.a(mbedtls_hash_common.c.obj)
                0x0000000000005010                mbedtls_sha_finish_internal
 .text.mbedtls_sha_update_internal
                0x000000000000506c      0x1ec /home/goaty/Desktop/Tech/nrfxlib/crypto/nrf_cc310_platform/lib/cortex-m33/soft-float/no-interrupts/libnrf_cc310_platform_0.9.19.a(mbedtls_hash_common.c.obj)
                0x000000000000506c                mbedtls_sha_update_internal
 .text.cc_mbedtls_sha256
                0x0000000000005258       0x50 /home/goaty/Desktop/Tech/nrfxlib/crypto/nrf_cc310_platform/lib/cortex-m33/soft-float/no-interrupts/libnrf_cc310_platform_0.9.19.a(sha256.c.obj)
                0x0000000000005258                cc_mbedtls_sha256
 .text.RNG_PLAT_SetUserRngParameters
                0x00000000000052a8       0x74 /home/goaty/Desktop/Tech/nrfxlib/crypto/nrf_cc310_platform/lib/cortex-m33/soft-float/no-interrupts/libnrf_cc310_platform_0.9.19.a(cc_rng_plat.c.obj)
                0x00000000000052a8                RNG_PLAT_SetUserRngParameters
 .text.CC_PalTrngParamGet
                0x000000000000531c      0x114 /home/goaty/Desktop/Tech/nrfxlib/crypto/nrf_cc310_platform/lib/cortex-m33/soft-float/no-interrupts/libnrf_cc310_platform_0.9.19.a(cc_pal_trng.c.obj)
                0x000000000000531c                CC_PalTrngParamGet
 .text.LLF_RND_WaitRngInterrupt
                0x0000000000005430       0x20 /home/goaty/Desktop/Tech/nrfxlib/crypto/nrf_cc310_platform/lib/cortex-m33/soft-float/no-interrupts/libnrf_cc310_platform_0.9.19.a(llf_rnd.c.obj)
                0x0000000000005430                LLF_RND_WaitRngInterrupt
 .text.LLF_RND_GetRoscSampleCnt
                0x0000000000005450       0x34 /home/goaty/Desktop/Tech/nrfxlib/crypto/nrf_cc310_platform/lib/cortex-m33/soft-float/no-interrupts/libnrf_cc310_platform_0.9.19.a(llf_rnd.c.obj)
                0x0000000000005450                LLF_RND_GetRoscSampleCnt
 .text.LLF_RND_GetFastestRosc
                0x0000000000005484       0x20 /home/goaty/Desktop/Tech/nrfxlib/crypto/nrf_cc310_platform/lib/cortex-m33/soft-float/no-interrupts/libnrf_cc310_platform_0.9.19.a(llf_rnd.c.obj)
                0x0000000000005484                LLF_RND_GetFastestRosc
 .text.LLF_RND_TurnOffTrng
                0x00000000000054a4       0x18 /home/goaty/Desktop/Tech/nrfxlib/crypto/nrf_cc310_platform/lib/cortex-m33/soft-float/no-interrupts/libnrf_cc310_platform_0.9.19.a(llf_rnd.c.obj)
                0x00000000000054a4                LLF_RND_TurnOffTrng
 .text.SetDataBuffersInfo
                0x00000000000054bc       0x68 /home/goaty/Desktop/Tech/nrfxlib/crypto/nrf_cc310_platform/lib/cortex-m33/soft-float/no-interrupts/libnrf_cc310_platform_0.9.19.a(driver_common.c.obj)
                0x00000000000054bc                SetDataBuffersInfo
 .text.InitHashDrv
                0x0000000000005524       0x50 /home/goaty/Desktop/Tech/nrfxlib/crypto/nrf_cc310_platform/lib/cortex-m33/soft-float/no-interrupts/libnrf_cc310_platform_0.9.19.a(hash_driver.c.obj)
                0x0000000000005524                InitHashDrv
 .text.ProcessHashDrv
                0x0000000000005574      0x22c /home/goaty/Desktop/Tech/nrfxlib/crypto/nrf_cc310_platform/lib/cortex-m33/soft-float/no-interrupts/libnrf_cc310_platform_0.9.19.a(hash_driver.c.obj)
                0x0000000000005574                ProcessHashDrv
 .text.FinishHashDrv
                0x00000000000057a0       0x74 /home/goaty/Desktop/Tech/nrfxlib/crypto/nrf_cc310_platform/lib/cortex-m33/soft-float/no-interrupts/libnrf_cc310_platform_0.9.19.a(hash_driver.c.obj)
                0x00000000000057a0                FinishHashDrv
 .text.CC_PalDataBufferAttrGet
                0x0000000000005814        0x8 /home/goaty/Desktop/Tech/nrfxlib/crypto/nrf_cc310_platform/lib/cortex-m33/soft-float/no-interrupts/libnrf_cc310_platform_0.9.19.a(cc_pal_buff_attr.c.obj)
                0x0000000000005814                CC_PalDataBufferAttrGet
 .text          0x000000000000581c       0xc8 /home/goaty/ncs/toolchains/43683a87ea/opt/zephyr-sdk/arm-zephyr-eabi/bin/../lib/gcc/arm-zephyr-eabi/12.2.0/thumb/v8-m.main/nofp/libgcc.a(cmse.o)
                0x000000000000581c                cmse_check_address_range
 .text.exit     0x00000000000058e4       0x28 /home/goaty/ncs/toolchains/43683a87ea/opt/zephyr-sdk/arm-zephyr-eabi/bin/../lib/gcc/arm-zephyr-eabi/12.2.0/../../../../arm-zephyr-eabi/lib/thumb/v8-m.main/nofp/libc_nano.a(lib_a-exit.o)
                0x00000000000058e4                exit
 .text.__libc_init_array
                0x000000000000590c       0x48 /home/goaty/ncs/toolchains/43683a87ea/opt/zephyr-sdk/arm-zephyr-eabi/bin/../lib/gcc/arm-zephyr-eabi/12.2.0/../../../../arm-zephyr-eabi/lib/thumb/v8-m.main/nofp/libc_nano.a(lib_a-init.o)
                0x000000000000590c                __libc_init_array
 .text._exit    0x0000000000005954        0x4 /home/goaty/ncs/toolchains/43683a87ea/opt/zephyr-sdk/arm-zephyr-eabi/bin/../lib/gcc/arm-zephyr-eabi/12.2.0/../../../../arm-zephyr-eabi/lib/thumb/v8-m.main/nofp/libnosys.a(_exit.o)
                0x0000000000005954                _exit
 .text.clear_caller_context
                0x0000000000005958        0x8 secure_fw/CMakeFiles/tfm_s.dir/partitions/ns_agent_tz/psa_api_veneers_v80m.o
 .text.C_HardFault_Handler
                0x0000000000005960        0x4 secure_fw/CMakeFiles/tfm_s.dir/__/platform/ext/common/faults.o
                0x0000000000005960                C_HardFault_Handler
 .text.HardFault_Handler
                0x0000000000005964       0x1c secure_fw/CMakeFiles/tfm_s.dir/__/platform/ext/common/faults.o
                0x0000000000005964                HardFault_Handler
 .text.C_MemManage_Handler
                0x0000000000005980        0x4 secure_fw/CMakeFiles/tfm_s.dir/__/platform/ext/common/faults.o
                0x0000000000005980                C_MemManage_Handler
 .text.MemManage_Handler
                0x0000000000005984       0x1c secure_fw/CMakeFiles/tfm_s.dir/__/platform/ext/common/faults.o
                0x0000000000005984                MemManage_Handler
 .text.C_BusFault_Handler
                0x00000000000059a0        0x4 secure_fw/CMakeFiles/tfm_s.dir/__/platform/ext/common/faults.o
                0x00000000000059a0                C_BusFault_Handler
 .text.BusFault_Handler
                0x00000000000059a4       0x1c secure_fw/CMakeFiles/tfm_s.dir/__/platform/ext/common/faults.o
                0x00000000000059a4                BusFault_Handler
 .text.C_SecureFault_Handler
                0x00000000000059c0        0x4 secure_fw/CMakeFiles/tfm_s.dir/__/platform/ext/common/faults.o
                0x00000000000059c0                C_SecureFault_Handler
 .text.SecureFault_Handler
                0x00000000000059c4       0x1c secure_fw/CMakeFiles/tfm_s.dir/__/platform/ext/common/faults.o
                0x00000000000059c4                SecureFault_Handler
 .text.C_UsageFault_Handler
                0x00000000000059e0        0x4 secure_fw/CMakeFiles/tfm_s.dir/__/platform/ext/common/faults.o
                0x00000000000059e0                C_UsageFault_Handler
 .text.UsageFault_Handler
                0x00000000000059e4       0x1c secure_fw/CMakeFiles/tfm_s.dir/__/platform/ext/common/faults.o
                0x00000000000059e4                UsageFault_Handler
 .text.memmove  0x0000000000005a00       0x6c secure_fw/partitions/lib/runtime/libtfm_sprt.a(crt_memmove.o)
                0x0000000000005a00                memmove
 .text.memcpy   0x0000000000005a6c       0x4a secure_fw/partitions/lib/runtime/libtfm_sprt.a(crt_memcpy.o)
                0x0000000000005a6c                memcpy
 .text.memset   0x0000000000005ab6       0x46 secure_fw/partitions/lib/runtime/libtfm_sprt.a(crt_memset.o)
                0x0000000000005ab6                memset
 .text.psa_framework_version
                0x0000000000005afc       0x18 secure_fw/partitions/lib/runtime/libtfm_sprt.a(psa_interface_sfn.o)
                0x0000000000005afc                psa_framework_version
 .text.psa_version
                0x0000000000005b14       0x1c secure_fw/partitions/lib/runtime/libtfm_sprt.a(psa_interface_sfn.o)
                0x0000000000005b14                psa_version
 .text.psa_read
                0x0000000000005b30       0x2a secure_fw/partitions/lib/runtime/libtfm_sprt.a(psa_interface_sfn.o)
                0x0000000000005b30                psa_read
 .text.psa_write
                0x0000000000005b5a       0x2a secure_fw/partitions/lib/runtime/libtfm_sprt.a(psa_interface_sfn.o)
                0x0000000000005b5a                psa_write
 .text.psa_panic
                0x0000000000005b84       0x18 secure_fw/partitions/lib/runtime/libtfm_sprt.a(psa_interface_sfn.o)
                0x0000000000005b84                psa_panic
 .text.platform_calloc_uninit
                0x0000000000005b9c        0x4 secure_fw/partitions/crypto/mbedcrypto/nrf_security_src/core/nrf_oberon/libpsa_core.a(platform.o)
 .text.platform_free_uninit
                0x0000000000005ba0        0x2 secure_fw/partitions/crypto/mbedcrypto/nrf_security_src/core/nrf_oberon/libpsa_core.a(platform.o)
 .text.mbedtls_zeroize_and_free
                0x0000000000005ba2       0x14 secure_fw/partitions/crypto/mbedcrypto/nrf_security_src/core/nrf_oberon/libpsa_core.a(platform_util.o)
                0x0000000000005ba2                mbedtls_zeroize_and_free
 .text.psa_remove_key_data_from_memory
                0x0000000000005bb6       0x16 secure_fw/partitions/crypto/mbedcrypto/nrf_security_src/core/nrf_oberon/libpsa_core.a(psa_crypto.o)
                0x0000000000005bb6                psa_remove_key_data_from_memory
 .text.psa_wipe_key_slot
                0x0000000000005bcc       0x3a secure_fw/partitions/crypto/mbedcrypto/nrf_security_src/core/nrf_oberon/libpsa_core.a(psa_crypto.o)
                0x0000000000005bcc                psa_wipe_key_slot
 .text.psa_driver_wrapper_init
                0x0000000000005c06        0x4 secure_fw/partitions/crypto/mbedcrypto/nrf_security_src/core/nrf_oberon/libpsa_core.a(psa_crypto_driver_wrappers.o)
                0x0000000000005c06                psa_driver_wrapper_init
 .text.psa_driver_wrapper_free
                0x0000000000005c0a        0x2 secure_fw/partitions/crypto/mbedcrypto/nrf_security_src/core/nrf_oberon/libpsa_core.a(psa_crypto_driver_wrappers.o)
                0x0000000000005c0a                psa_driver_wrapper_free
 .text.psa_driver_wrapper_init_random
                0x0000000000005c0c        0x4 secure_fw/partitions/crypto/mbedcrypto/nrf_security_src/core/nrf_oberon/libpsa_core.a(psa_crypto_driver_wrappers.o)
                0x0000000000005c0c                psa_driver_wrapper_init_random
 .text.psa_driver_wrapper_get_random
                0x0000000000005c10       0x22 secure_fw/partitions/crypto/mbedcrypto/nrf_security_src/core/nrf_oberon/libpsa_core.a(psa_crypto_driver_wrappers.o)
                0x0000000000005c10                psa_driver_wrapper_get_random
 .text.psa_driver_wrapper_free_random
                0x0000000000005c32        0x4 secure_fw/partitions/crypto/mbedcrypto/nrf_security_src/core/nrf_oberon/libpsa_core.a(psa_crypto_driver_wrappers.o)
                0x0000000000005c32                psa_driver_wrapper_free_random
 .text.printf   0x0000000000005c36        0x8 secure_fw/partitions/lib/runtime/libtfm_sprt.a(dummy_tfm_sp_log_raw.o)
                0x0000000000005c36                printf
 .text          0x0000000000005c3e       0x38 /home/goaty/ncs/toolchains/43683a87ea/opt/zephyr-sdk/arm-zephyr-eabi/bin/../lib/gcc/arm-zephyr-eabi/12.2.0/thumb/v8-m.main/nofp/libgcc.a(cmse_nonsecure_call.o)
                0x0000000000005c3e                __gnu_cmse_nonsecure_call
 *(.init)
 *fill*         0x0000000000005c76        0x2 
 .init          0x0000000000005c78        0x4 /home/goaty/ncs/toolchains/43683a87ea/opt/zephyr-sdk/arm-zephyr-eabi/bin/../lib/gcc/arm-zephyr-eabi/12.2.0/thumb/v8-m.main/nofp/crti.o
                0x0000000000005c78                _init
 .init          0x0000000000005c7c        0x8 /home/goaty/ncs/toolchains/43683a87ea/opt/zephyr-sdk/arm-zephyr-eabi/bin/../lib/gcc/arm-zephyr-eabi/12.2.0/thumb/v8-m.main/nofp/crtn.o
 *(.fini)
 .fini          0x0000000000005c84        0x4 /home/goaty/ncs/toolchains/43683a87ea/opt/zephyr-sdk/arm-zephyr-eabi/bin/../lib/gcc/arm-zephyr-eabi/12.2.0/thumb/v8-m.main/nofp/crti.o
                0x0000000000005c84                _fini
 .fini          0x0000000000005c88        0x8 /home/goaty/ncs/toolchains/43683a87ea/opt/zephyr-sdk/arm-zephyr-eabi/bin/../lib/gcc/arm-zephyr-eabi/12.2.0/thumb/v8-m.main/nofp/crtn.o
 *crtbegin.o(.ctors)
 *crtbegin?.o(.ctors)
 *(EXCLUDE_FILE(*crtend.o *crtend?.o) .ctors)
 *(SORT_BY_NAME(.ctors.*))
 *(.ctors)
 *crtbegin.o(.dtors)
 *crtbegin?.o(.dtors)
 *(EXCLUDE_FILE(*crtend.o *crtend?.o) .dtors)
 *(SORT_BY_NAME(.dtors.*))
 *(.dtors)
 *(SORT_BY_ALIGNMENT(.rodata*))
 .rodata.ret_err
                0x0000000000005c90        0x4 secure_fw/CMakeFiles/tfm_s.dir/partitions/ns_agent_tz/psa_api_veneers_v80m.o
                0x0000000000005c90                ret_err
 .rodata.CSWTCH.10
                0x0000000000005c94       0x1c /home/goaty/Desktop/Tech/nrfxlib/crypto/nrf_cc310_platform/lib/cortex-m33/soft-float/no-interrupts/libnrf_cc310_platform_0.9.19.a(nrf_cc3xx_platform.c.obj)
 .rodata.RndStartupTest.constprop.0.str1.4
                0x0000000000005cb0       0x6f /home/goaty/Desktop/Tech/nrfxlib/crypto/nrf_cc310_platform/lib/cortex-m33/soft-float/no-interrupts/libnrf_cc310_platform_0.9.19.a(cc_lib.c.obj)
 *fill*         0x0000000000005d1f        0x1 
 .rodata.CC_PalPowerSaveModeInit.str1.4
                0x0000000000005d20       0x20 /home/goaty/Desktop/Tech/nrfxlib/crypto/nrf_cc310_platform/lib/cortex-m33/soft-float/no-interrupts/libnrf_cc310_platform_0.9.19.a(cc_pal_pm.c.obj)
 .rodata.mutex_free.str1.4
                0x0000000000005d40       0x26 /home/goaty/Desktop/Tech/nrfxlib/crypto/nrf_cc310_platform/lib/cortex-m33/soft-float/no-interrupts/libnrf_cc310_platform_0.9.19.a(nrf_cc3xx_platform_mutex.c.obj)
 *fill*         0x0000000000005d66        0x2 
 .rodata.mutex_init.str1.4
                0x0000000000005d68       0x23 /home/goaty/Desktop/Tech/nrfxlib/crypto/nrf_cc310_platform/lib/cortex-m33/soft-float/no-interrupts/libnrf_cc310_platform_0.9.19.a(nrf_cc3xx_platform_mutex.c.obj)
 *fill*         0x0000000000005d8b        0x1 
 .rodata.mbedtls_hardware_poll.str1.4